06-17 22:19:16.934   678  1305 W WindowManager:         at com.android.server.am.ActivityStackSupervisor.resumeTopActivitiesLocked(ActivityStackSupervisor.java)
06-17 22:19:16.934   678  1305 W WindowManager:         at com.android.server.am.ActivityManagerService.handleAppDiedLocked(ActivityManagerService.java)
06-17 22:19:16.934   678  1305 W WindowManager:         at com.android.server.am.ActivityManagerService.appDiedLocked(ActivityManagerService.java)
06-17 22:19:16.934   678  1305 W WindowManager:         at com.android.server.am.ActivityManagerService$AppDeathRecipient.binderDied(ActivityManagerService.java)
06-17 22:19:16.934   678  1305 W WindowManager:         at android.os.BinderProxy.sendDeathNotice(Binder.java:558)
06-17 22:19:16.954  2476  2485 W art     : Suspending all threads took: 133.040ms
06-17 22:19:16.974   678  1305 W WindowManager: This window was lost: Window{cbc827d u0 d0 p2684 com.samsung.android.MtpApplication/com.samsung.android.MtpApplication.USBConnection}
06-17 22:19:16.974   678  1305 W WindowManager: mDisplayId=0 stackId=1 mSession=Session{c195137 2684:1000} mClient=android.os.BinderProxy@f4e0d4
06-17 22:19:16.974   678  1305 W WindowManager: mOwnerUid=1000 mShowToOwnerOnly=true package=com.samsung.android.MtpApplication appop=NONE
06-17 22:19:16.974   678  1305 W WindowManager: mAttrs=WM.LayoutParams{(0,0)(wrapxwrap) sim=#120 ty=1 fl=#1800002 fmt=-3 wanim=0x103045c surfaceInsets=Rect(48, 48 - 48, 48) needsMenuKey=2}
06-17 22:19:16.974   678  1305 W WindowManager: Requested w=501 h=48 mLayoutSeq=145
06-17 22:19:16.974   678  1305 W WindowManager: mBaseLayer=21000 mSubLayer=0 mAnimLayer=21010+0=21010 mLastLayer=21010
06-17 22:19:16.974   678  1305 W WindowManager: mToken=AppWindowToken{2199752 token=Token{4ba9fdd ActivityRecord{78d97b4 u0 com.samsung.android.MtpApplication/.USBConnection t26}}}
06-17 22:19:16.974   678  1305 W WindowManager: mRootToken=AppWindowToken{2199752 token=Token{4ba9fdd ActivityRecord{78d97b4 u0 com.samsung.android.MtpApplication/.USBConnection t26}}}
06-17 22:19:16.974   678  1305 W WindowManager: mAppToken=AppWindowToken{2199752 token=Token{4ba9fdd ActivityRecord{78d97b4 u0 com.samsung.android.MtpApplication/.USBConnection t26}}}
06-17 22:19:16.974   678  1305 W WindowManager: mViewVisibility=0x0 mHaveFrame=true mObscured=false
06-17 22:19:16.974   678  1305 W WindowManager: mSeq=0 mSystemUiVisibility=0x0
06-17 22:19:16.974   678  1305 W WindowManager: mGivenContentInsets=[0,0][0,0] mGivenVisibleInsets=[0,0][0,0]
06-17 22:19:16.974   678  1305 W WindowManager: mConfiguration={0 1.0 showBtnBg = 0 ?mcc?mnc vi_VN ldltr sw360dp w360dp h616dp 240dpi nrml long port finger -keyb/v/h -nav/h s.4}
06-17 22:19:16.974   678  1305 W WindowManager: mHasSurface=true mShownFrame=[19.0,474.0][520.0,522.0] isReadyForDisplay()=false
06-17 22:19:16.974   678  1305 W WindowManager: mFrame=[19,474][520,522] last=[19,474][520,522]
06-17 22:19:16.974   678  1305 W WindowManager: mSystemDecorRect=[0,0][501,48] last=[0,0][0,0]
06-17 22:19:16.974   678  1305 W WindowManager: Frames: containing=[0,36][540,960] parent=[0,36][540,960]
06-17 22:19:16.974   678  1305 W WindowManager:     display=[0,36][540,960] overscan=[0,36][540,960]
06-17 22:19:16.974   678  1305 W WindowManager:     content=[19,474][520,522] visible=[19,474][520,522]
06-17 22:19:16.974   678  1305 W WindowManager:     decor=[0,0][540,960]
06-17 22:19:16.974   678  1305 W WindowManager:     outset=[0,0][0,0]
06-17 22:19:16.974   678  1305 W WindowManager: Cur insets: overscan=[0,0][0,0] content=[0,0][0,0] visible=[0,0][0,0] stable=[0,0][0,0] outsets=[0,0][0,0]
06-17 22:19:16.974   678  1305 W WindowManager: Lst insets: overscan=[0,0][0,0] content=[0,0][0,0] visible=[0,0][0,0] stable=[0,0][0,0] physical=[0,0][0,0] outset=[0,0][0,0]
06-17 22:19:16.974   678  1305 W WindowManager: WindowStateAnimator{99423ef com.samsung.android.MtpApplication/com.samsung.android.MtpApplication.USBConnection}:
06-17 22:19:16.974   678  1305 W WindowManager:   mSurface=Surface(name=com.samsung.android.MtpApplication/com.samsung.android.MtpApplication.USBConnection)
06-17 22:19:16.974   678  1305 W WindowManager:   mDrawState=HAS_DRAWN mLastHidden=true
06-17 22:19:16.974   678  1305 W WindowManager:   Surface: shown=false layer=21010 alpha=0.0 secure=false rect=(-29.0,426.0) 597.0 x 144.0
06-17 22:19:16.974   678  1305 W WindowManager:   mShownAlpha=1.0 mAlpha=1.0 mLastAlpha=0.0
06-17 22:19:16.974   678  1305 W WindowManager:   mGlobalScale=1.0 mDsDx=1.0 mDtDx=0.0 mDsDy=0.0 mDtDy=1.0
06-17 22:19:16.974   678  1305 W WindowManager: mExiting=false mRemoveOnExit=false mDestroying=true mRemoved=false
06-17 22:19:16.974   678  1305 W WindowManager: mWaitingForOrientation=false
06-17 22:19:16.974   678  1305 W WindowManager: shouldHideWhileStartingWindowIsShown=false
06-17 22:19:16.974   678  1305 W WindowManager: mDelayedResize=false
06-17 22:19:16.984   235  2781 I SurfaceFlinger: id=26 Removed VSBConnecti (5/10)
06-17 22:19:16.984   235  2103 I SurfaceFlinger: id=26 Removed VSBConnecti (-2/10)
06-17 22:19:16.984   235   326 I SurfaceFlinger: id=25 Removed VSBConnecti (6/9)
06-17 22:19:16.984   235  1023 I SurfaceFlinger: id=25 Removed VSBConnecti (-2/9)
06-17 22:19:16.984   235   235 I BufferQueueConsumer: [com.samsung.android.MtpApplication/com.samsung.android.MtpApplication.USBConnection](this:0xb180c800,id:26,api:1,p:-1,c:-1) disconnect(C)
06-17 22:19:16.984   235   235 I BufferQueueConsumer: [com.samsung.android.MtpApplication/com.samsung.android.MtpApplication.USBConnection](this:0xb180b000,id:25,api:1,p:-1,c:-1) disconnect(C)
06-17 22:19:16.984   235   235 I BufferQueue: [com.samsung.android.MtpApplication/com.samsung.android.MtpApplication.USBConnection](this:0xb180c800,id:26,api:1,p:-1,c:-1) ~BufferQueueCore
06-17 22:19:16.984   235   235 D GraphicBuffer: free, handle(0xb58a2260) (w:597 h:144 s:608 f:0x1 u:0x000b00)
06-17 22:19:16.984   235   235 I [MALI][Gralloc]: [-]hnd(0xb58a2260), client(30), share_fd(73)
06-17 22:19:16.984   235   235 D GraphicBuffer: free, handle(0xb58a1860) (w:507 h:414 s:512 f:0x1 u:0x000b00)
06-17 22:19:16.984   235   235 I [MALI][Gralloc]: [-]hnd(0xb58a1860), client(30), share_fd(62)
06-17 22:19:16.984   678  1305 W WindowManager: This window was lost: Window{f9b302f u0 d0 p2684 com.samsung.android.MtpApplication/com.samsung.android.MtpApplication.USBConnection}
06-17 22:19:16.984   678  1305 W WindowManager: mDisplayId=0 stackId=1 mSession=Session{c195137 2684:1000} mClient=android.os.BinderProxy@de3ce0e
06-17 22:19:16.984   678  1305 W WindowManager: mOwnerUid=1000 mShowToOwnerOnly=true package=com.samsung.android.MtpApplication appop=NONE
06-17 22:19:16.984   678  1305 W WindowManager: mAttrs=WM.LayoutParams{(0,0)(wrapxwrap) gr=#11 sim=#120 ty=2 fl=#1820002 fmt=-3 wanim=0x1030384 surfaceInsets=Rect(3, 3 - 3, 3) needsMenuKey=2}
06-17 22:19:16.984   678  1305 W WindowManager: Requested w=501 h=408 mLayoutSeq=144
06-17 22:19:16.984   678  1305 W WindowManager: mBaseLayer=21000 mSubLayer=0 mAnimLayer=21015+0=21015 mLastLayer=21015
06-17 22:19:16.984   678  1305 W WindowManager: mToken=AppWindowToken{2199752 token=Token{4ba9fdd ActivityRecord{78d97b4 u0 com.samsung.android.MtpApplication/.USBConnection t26}}}
06-17 22:19:16.984   678  1305 W WindowManager: mRootToken=AppWindowToken{2199752 token=Token{4ba9fdd ActivityRecord{78d97b4 u0 com.samsung.android.MtpApplication/.USBConnection t26}}}
06-17 22:19:16.984   678  1305 W WindowManager: mAppToken=AppWindowToken{2199752 token=Token{4ba9fdd ActivityRecord{78d97b4 u0 com.samsung.android.MtpApplication/.USBConnection t26}}}
06-17 22:19:16.984   678  1305 W WindowManager: mViewVisibility=0x0 mHaveFrame=true mObscured=false
06-17 22:19:16.984   678  1305 W WindowManager: mSeq=0 mSystemUiVisibility=0x0
06-17 22:19:16.984   678  1305 W WindowManager: mGivenContentInsets=[0,0][0,0] mGivenVisibleInsets=[0,0][0,0]
06-17 22:19:16.984   678  1305 W WindowManager: mConfiguration={0 1.0 showBtnBg = 0 ?mcc?mnc vi_VN ldltr sw360dp w360dp h616dp 240dpi nrml long port finger -keyb/v/h -nav/h s.4}
06-17 22:19:16.984   678  1305 W WindowManager: mHasSurface=true mShownFrame=[19.0,294.0][520.0,702.0] isReadyForDisplay()=false
06-17 22:19:16.984   678  1305 W WindowManager: mFrame=[19,294][520,702] last=[19,294][520,702]
06-17 22:19:16.984   678  1305 W WindowManager: mSystemDecorRect=[0,0][501,408] last=[0,0][0,0]
06-17 22:19:16.984   678  1305 W WindowManager: Frames: containing=[0,36][540,960] parent=[0,36][540,960]
06-17 22:19:16.984   678  1305 W WindowManager:     display=[0,36][540,960] overscan=[0,36][540,960]
06-17 22:19:16.984   678  1305 W WindowManager:     content=[19,294][520,702] visible=[19,294][520,702]
06-17 22:19:16.984   678  1305 W WindowManager:     decor=[0,0][540,960]
06-17 22:19:16.984   678  1305 W WindowManager:     outset=[0,0][0,0]
06-17 22:19:16.984   678  1305 W WindowManager: Cur insets: overscan=[0,0][0,0] content=[0,0][0,0] visible=[0,0][0,0] stable=[0,0][0,0] outsets=[0,0][0,0]
06-17 22:19:16.984   678  1305 W WindowManager: Lst insets: overscan=[0,0][0,0] content=[0,0][0,0] visible=[0,0][0,0] stable=[0,0][0,0] physical=[0,0][0,0] outset=[0,0][0,0]
06-17 22:19:16.984   678  1305 W WindowManager: WindowStateAnimator{e04efc com.samsung.android.MtpApplication/com.samsung.android.MtpApplication.USBConnection}:
06-17 22:19:16.984   678  1305 W WindowManager:   mSurface=Surface(name=com.samsung.android.MtpApplication/com.samsung.android.MtpApplication.USBConnection)
06-17 22:19:16.984   678  1305 W WindowManager:   mDrawState=HAS_DRAWN mLastHidden=true
06-17 22:19:16.984   678  1305 W WindowManager:   Surface: shown=false layer=21015 alpha=0.0 secure=false rect=(16.0,291.0) 507.0 x 414.0
06-17 22:19:16.984   678  1305 W WindowManager:   mShownAlpha=1.0 mAlpha=1.0 mLastAlpha=0.0
06-17 22:19:16.984   678  1305 W WindowManager:   mGlobalScale=1.0 mDsDx=1.0 mDtDx=0.0 mDsDy=0.0 mDtDy=1.0
06-17 22:19:16.984   678  1305 W WindowManager: mExiting=false mRemoveOnExit=false mDestroying=true mRemoved=false
06-17 22:19:16.984   678  1305 W WindowManager: mWaitingForOrientation=false
06-17 22:19:16.984   678  1305 W WindowManager: shouldHideWhileStartingWindowIsShown=false
06-17 22:19:16.984   678  1305 W WindowManager: mDelayedResize=false
06-17 22:19:16.984   678  1305 W WindowManager: Current app token list:
06-17 22:19:16.994   235  2103 I BufferQueue: [com.samsung.android.MtpApplication/com.samsung.android.MtpApplication.USBConnection](this:0xb180b000,id:25,api:1,p:-1,c:-1) ~BufferQueueCore
06-17 22:19:16.994   235  2103 I SurfaceFlinger: [SF client] DEL(0xb5d11530) for (678:system_server)
06-17 22:19:16.994   678  1305 V WindowManager:   Stack #0 tasks from bottom to top:
06-17 22:19:16.994   678  1305 V WindowManager:     Task #23 activities from bottom to top:
06-17 22:19:16.994   678  1305 V WindowManager:       activity #0: Token{3df10f0 ActivityRecord{575a533 u0 com.sec.android.app.launcher/.activities.LauncherActivity t23}}
06-17 22:19:16.994   678  1305 V WindowManager:   Stack #1 tasks from bottom to top:
06-17 22:19:16.994   678  1305 W WindowManager: Final window list:
06-17 22:19:16.994   678  1305 V WindowManager:  Display #0
06-17 22:19:16.994   678  1305 V WindowManager:   #6: Window{6feec50 u0 d0 p2430 Toast}
06-17 22:19:16.994   678  1305 V WindowManager:   #5: Window{9813679 u0 d0 p1111 Bouncer}
06-17 22:19:16.994   678  1305 V WindowManager:   #4: Window{67932c3 u0 d0 p1111 StatusBar}
06-17 22:19:16.994   678  1305 V WindowManager:   #3: Window{3d49869 u0 d0 p678 KeyguardScrim}
06-17 22:19:16.994   678  1305 V WindowManager:   #2: Window{e396f1c u0 d0 p1111 AssistPreviewPanel}
06-17 22:19:16.994   678  1305 V WindowManager:   #1: Window{77ffe15 u0 d0 p1307 com.sec.android.app.launcher/com.sec.android.app.launcher.activities.LauncherActivity}
06-17 22:19:16.994   678  1305 V WindowManager:   #0: Window{20fd045 u0 d0 p1111 com.android.systemui.ImageWallpaper}
06-17 22:19:16.994   678   757 D UsbDeviceManager: sending intent : ACTION_USB_CABLE_STATE : connected = false
06-17 22:19:16.994   678  2599 D MountService: getExternalStorageMountMode : 3
06-17 22:19:16.994   678  2599 D MountService: getExternalStorageMountMode : 3
06-17 22:19:16.994   678  2599 D MountService: getExternalStorageMountMode : final mountMode=3, uid : 10118, packageName : org.mozilla.firefox
06-17 22:19:17.014  2927  2927 E Zygote  : v2
06-17 22:19:17.014  1307  1307 D MultiSelectManager: postUninstallActivity
06-17 22:19:17.014  2927  2927 W SELinux : Function: selinux_compare_spd_ram, index[1], priority [2], priority version is VE=SEPF_SECMOBILE_6.0.1_0034
06-17 22:19:17.014  1307  1307 D ExternalRequestQueue: Getting and clearing EXTERNAL_REQUEST_LIST: []
06-17 22:19:17.014   678  2599 I ActivityManager: Start proc 2927:org.mozilla.firefox:tab14/u0a118 for service org.mozilla.firefox/org.mozilla.gecko.process.GeckoChildProcessServices$tab14
06-17 22:19:17.014  2927  2927 I libpersona: KNOX_SDCARD checking this for 10118
06-17 22:19:17.014  2927  2927 I libpersona: KNOX_SDCARD not a persona
06-17 22:19:17.014   678  2597 W ActivityManager: Unable to start service Intent { act=com.android.launcher3.WINDOW_OVERLAY dat=app://com.sec.android.app.launcher:10022?v=0 pkg=com.google.android.googlequicksearchbox } U=0: not found
06-17 22:19:17.014   678   752 V MARsPolicyManager: updatePackagesScore PackageInfo name -- com.sec.android.app.launcher
06-17 22:19:17.014   678   752 E MARsPolicyManager: getPackageInfo package com.topjohnwu.magisk not installed!
06-17 22:19:17.024  2927  2927 E Zygote  : accessInfo : 0
06-17 22:19:17.024  2927  2927 W SELinux : SELinux: seapp_context_lookup: seinfo=default, level=s0:c512,c768, pkgname=org.mozilla.firefox:tab14
06-17 22:19:17.024   678  1004 D ActivityManager: post active user change for 0 fullscreen true isFloatingActivity() false isHomeActivity() true
06-17 22:19:17.024   678  1004 I WallpaperManagerService: switchPersonaWallpaper is called for personaId-0
06-17 22:19:17.024   678  1004 W PersonaManagerService: timeout handler is null when posting active user change
06-17 22:19:17.024   678   678 D WallpaperManagerService:  force update = false; persona id = 0; current user =0; current persona = 0
06-17 22:19:17.024   678  2598 V AlarmManager: setExact (T:0/F:1/AC:false) 20350615T221917 - CU:10118/CP:2476
06-17 22:19:17.034   678  1557 D LocationManagerService: getAllProviders()=[passive, gps, network]
06-17 22:19:17.034   678  1558 D LocationManagerService: request 4536f2c passive Request[POWER_NONE passive fastest=0] from me.twrp.twrpapp(10106)
06-17 22:19:17.034   678  1558 D LocationManagerService: provider request: passive ProviderRequest[ON interval=0]
06-17 22:19:17.034  2736  2902 W DynamiteModule: Local module descriptor class for com.google.android.gms.measurement.dynamite not found.
06-17 22:19:17.034   678  1558 I AppOps  : sendInfoToFLP, code=41 , uid=10106 , packageName=me.twrp.twrpapp , type=startOp
06-17 22:19:17.044  1307  1307 W ActivityThread: AppLock checkAppLockState isAppLocked = false pkgName = com.sec.android.app.launcher showWhenLocked = false
06-17 22:19:17.064  1307  1578 W OpenGLRenderer: Incorrectly called buildLayer on View: WorkspaceCellLayoutChildren, destroying layer...
06-17 22:19:17.064  1307  1578 W OpenGLRenderer: Incorrectly called buildLayer on View: WorkspaceCellLayoutChildren, destroying layer...
06-17 22:19:17.064  1307  1307 I Timeline: Timeline: Activity_idle id: android.os.BinderProxy@60c2261 time:47802
06-17 22:19:17.064  1307  1578 I [MALI][Gralloc]: [+]r_hnd(0xb2d05500), client(44), share_fd(45)
06-17 22:19:17.064  1307  1578 D GraphicBuffer: register, handle(0xb2d05500) (w:540 h:960 s:544 f:0x1 u:0x000b00)
06-17 22:19:17.064   678   744 W Searchables: No global search activity found
06-17 22:19:17.074  2927  2927 D TimaKeyStoreProvider: TimaSignature is unavailable
06-17 22:19:17.074  2927  2927 D ActivityThread: Added TimaKeyStore provider
06-17 22:19:17.084  1111  1111 D KeyguardUpdateMonitor: received broadcast android.intent.action.BATTERY_CHANGED
06-17 22:19:17.084  1111  1111 D PowerUI : BATTERY_MISC_EVENT_TIMEOUT_OPEN_TYPE - 0 oldFullyConnected = true mFullyConnected = true
06-17 22:19:17.084  1111  1111 I PowerUI.Notification: show low battery warning: level=3 [-2] playSound=true
06-17 22:19:17.094  2736  2736 I b       : checkPrivateApis: java.lang.NoSuchMethodException: isVolteRegistered []
06-17 22:19:17.094  2736  2736 I b       : checkPrivateApis: java.lang.NoSuchMethodException: isWfcRegistered []
06-17 22:19:17.094  2927  2927 W ResourceType: ResTable_typeSpec entry count inconsistent: given 959, previously 996
06-17 22:19:17.094  2927  2927 W ResourceType: ResTable_typeSpec entry count inconsistent: given 223, previously 1303
06-17 22:19:17.094  1111  1111 D PowerUI.Notification: dismissPowerSavingRecommendNotice
06-17 22:19:17.094   678   757 D UsbDeviceManager: handleMessage -> MSG_UPDATE_STATE connected = 0,configured = 0
06-17 22:19:17.094   678   757 D UsbDeviceManager: setEnabledFunctions functions=null, forceRestart=false
06-17 22:19:17.094   678   757 D UsbDeviceManager: setEnabledFunctions null
06-17 22:19:17.094   678   757 D UsbDeviceManager: mps exists
06-17 22:19:17.104   678   757 D SecContentProvider2: query(), uri = 15 selection = getUsbConnectionType
06-17 22:19:17.104   678   678 W CoverManager: getCoverState : This device is not supported cover
06-17 22:19:17.104   678   678 D EdgeLight: Turning off
06-17 22:19:17.104   678   757 D UsbDeviceManager: There is no value at OMC PATH
06-17 22:19:17.104   678   757 D UsbDeviceManager: getDefaultFunctions : func = mtp,adb
06-17 22:19:17.104   678   757 D UsbDeviceManager: updateUsbNotification_Lock++
06-17 22:19:17.104   678   757 D UsbDeviceManager: updateUsbNotification(false) : mConnected = false, mConfigured = false, mCurrentFunctions = mtp,adb, mHostConnected = false, mSupportDualRole = false, mIsPowerSource = false
06-17 22:19:17.104   678   757 D UsbDeviceManager: mps exists
06-17 22:19:17.104   678   757 D UsbDeviceManager: id=0, mUsbNotificationId=17040370
06-17 22:19:17.104   678   757 D UsbDeviceManager: updateUsbNotification : cancel id = 17040370, title = ang truyn file media qua USB
06-17 22:19:17.104   678   757 D UsbDeviceManager: updateUsbNotification_Lock--
06-17 22:19:17.104   678   757 D UsbDeviceManager: broadcasting Intent { act=android.hardware.usb.action.USB_STATE flg=0x30000000 (has extras) } connected: false configured: false
06-17 22:19:17.104   678   757 D UsbDeviceManager: sending intent : ACTION_USB_STATE : connected = false, configured = false, functions = mtp,adb
06-17 22:19:17.104   678   757 D UsbDeviceManager: mps exists
06-17 22:19:17.104   678   678 D LightsService: [api] [SvcLED] turnOff:: id = 6 (uid: 1000 pid: 678)
06-17 22:19:17.104   678   678 D LightsService: [api] [SvcLED] LED indicator : Not supported.
06-17 22:19:17.114  1229  1246 D AODNotiListenerService:  --------- Removed ---------
06-17 22:19:17.114  1240  1255 D PeopleNotiListenerSvc: onEdgeNotificationRemoved() : pkg android,id=0,extra=Bundle[mParcelledData.dataSize=112]
06-17 22:19:17.114  1240  1255 D PeopleNotiListenerSvc: onEdgeNotificationRemoved() : pkg android,id=17040370,extra=Bundle[mParcelledData.dataSize=84]
06-17 22:19:17.114   678   678 D MARsPolicyManager: NotificationListenerService OngoingNotificationRemoved : android
06-17 22:19:17.124   678  2601 V AlarmManager: setExact (T:3/F:8/AC:false) 20250617T221917 - CU:1000/CP:678
06-17 22:19:17.124  1111  1111 D PowerUI.Notification: hapticsFeedbackEnabled = false
06-17 22:19:17.164   678  2597 D LocationManagerService: getAllProviders()=[passive, gps, network]
06-17 22:19:17.164   678  1557 D LocationManagerService: request 49245cf passive Request[POWER_NONE passive fastest=0] from me.twrp.twrpapp(10106)
06-17 22:19:17.164   678  1557 D LocationManagerService: provider request: passive ProviderRequest[ON interval=0]
06-17 22:19:17.164   678  1557 I AppOps  : sendInfoToFLP, code=41 , uid=10106 , packageName=me.twrp.twrpapp , type=startOp
06-17 22:19:17.164   678  2601 D ApplicationPolicy: isStatusBarNotificationAllowedAsUser: packageName = com.android.systemui,userId = -1
06-17 22:19:17.174   678  2598 D PowerManagerService: [api] acquire WakeLock flags=0x10000006 tag=PowerUI.Notification uid=10045 pid=1111 ws=null pkg=com.android.systemui
06-17 22:19:17.174  1111  1111 D PowerUI : Cable  true --> false mBootCompleted : false
06-17 22:19:17.174  1111  1111 D PowerUI : Sending cableIntent : Intent { act=com.samsung.systemui.power.action.ACTION_CABLE_DISCONNECTED }
06-17 22:19:17.174  1111  1111 D PowerUI : priorPlugType = 2 mPlugType =  0
06-17 22:19:17.184  1111  1111 D PowerUI.Notification: dismissChargingNotification()
06-17 22:19:17.194   678   678 V Vibrator: Called vibrate(int, int, AudioAttributes, MagnitudeTypes) API - PUID: 1000, repeat: -1, PackageName: android, MagnitudeType: NotificationMagnitude
06-17 22:19:17.194   678   678 V Vibrator: vibrate - PUID: 1000, PackageName: android, type: 50017, repeat: -1, token: android.os.Binder@adff21d, mag: 9999, AudioAttr : null
06-17 22:19:17.194   678   678 I AccessibilityManagerService: onFlashNotification(null), bIsRunning : false
06-17 22:19:17.194   678   678 I AccessibilityManagerService: isEnableFlashNoti : false, isEnableTorch : false
06-17 22:19:17.194   678   678 D AccessibilityManagerService: Can't use flash notification please check isEnableFlashNoti or isEnableTorch
06-17 22:19:17.194   678  1558 D LocationManagerService: getAllProviders()=[passive, gps, network]
06-17 22:19:17.194   678   678 D AudioService: getStreamVolume 1 index 60
06-17 22:19:17.194   678   678 D NotificationService: Noti Alert - doVibrate false convertStoV=true
06-17 22:19:17.194   678   678 V VibratorService: vibratePatternMagnitude - package: android, repeat: -1, token: android.os.Binder@adff21d, mag: 9999, def: 9999
06-17 22:19:17.194   678   678 D VibratorService: Turning vibrator off
06-17 22:19:17.194  1111  1111 D BatteryMeterView: ACTION_BATTERY_CHANGED : level:3 status:3 health:2
06-17 22:19:17.194  1111  1111 D BatteryMeterView: ACTION_BATTERY_CHANGED : level:3 status:3 health:2
06-17 22:19:17.194   256   992 D SocketClient: SocketClient sendData done:
06-17 22:19:17.194   678  2945 D VibratorService: vibratorOn() : 250ms, magnitude :9999, f : -1
06-17 22:19:17.204   678  2253 D LocationManagerService: request 9976feb passive Request[POWER_NONE passive fastest=0] from me.twrp.twrpapp(10106)
06-17 22:19:17.204   678  2253 D LocationManagerService: provider request: passive ProviderRequest[ON interval=0]
06-17 22:19:17.204   678  2253 I AppOps  : sendInfoToFLP, code=41 , uid=10106 , packageName=me.twrp.twrpapp , type=startOp
06-17 22:19:17.204  2927  2927 W ResourceType: ResTable_typeSpec entry count inconsistent: given 959, previously 996
06-17 22:19:17.204  2927  2927 W ResourceType: ResTable_typeSpec entry count inconsistent: given 223, previously 1303
06-17 22:19:17.204   256   992 D SocketClient: SocketClient sendData done:
06-17 22:19:17.204   256   992 D SocketClient: SocketClient sendData done:
06-17 22:19:17.204   256   992 D SocketClient: SocketClient sendData done:
06-17 22:19:17.214   678   678 W CoverManager: getCoverState : This device is not supported cover
06-17 22:19:17.214   678   678 D EdgeLight: Turning off
06-17 22:19:17.214  1229  1239 D AODNotiListenerService:  --------- Posted --------- : -1|com.android.systemui|2131624023|low_battery|10045
06-17 22:19:17.214   256   992 D SocketClient: SocketClient sendData done:
06-17 22:19:17.214   678   678 D LightsService: [api] [SvcLED] turnOff:: id = 6 (uid: 1000 pid: 678)
06-17 22:19:17.214   678   678 D LightsService: [api] [SvcLED] LED indicator : Not supported.
06-17 22:19:17.214   256   992 D SocketClient: SocketClient sendData done:
06-17 22:19:17.214   256   992 D SocketClient: SocketClient sendData done:
06-17 22:19:17.224  2736  2884 D libc-netbsd: [getaddrinfo]: netid=0; mark=0
06-17 22:19:17.224  2736  2884 D libc-netbsd: [getaddrinfo]: ai_addrlen=0; ai_canonname=(null); ai_flags=4; ai_family=0
06-17 22:19:17.224  2736  2884 D libc-netbsd: [getaddrinfo]: netid=0; mark=0
06-17 22:19:17.224  2736  2884 D libc-netbsd: [getaddrinfo]: ai_addrlen=0; ai_canonname=(null); ai_flags=4; ai_family=0
06-17 22:19:17.224  2736  2884 D libc-netbsd: [getaddrinfo]: netid=0; mark=0
06-17 22:19:17.224  2736  2884 D libc-netbsd: [getaddrinfo]: ai_addrlen=0; ai_canonname=(null); ai_flags=4; ai_family=0
06-17 22:19:17.224   256   992 D SocketClient: SocketClient sendData done:
06-17 22:19:17.224   256   992 D SocketClient: SocketClient sendData done:
06-17 22:19:17.224   678  2252 D AlarmManager: Cancel Alarm calling from uid:10018 pid :1747 / operation:PendingIntent{37b1fc7: PendingIntentRecord{6618302 com.google.android.gms startService}}
06-17 22:19:17.224   678  1018 V AlarmManager: Expired Alarm result :8
06-17 22:19:17.234  2736  2946 D libc-netbsd: [getaddrinfo]: netid=0; mark=0
06-17 22:19:17.234  2736  2946 D libc-netbsd: [getaddrinfo]: ai_addrlen=0; ai_canonname=(null); ai_flags=4; ai_family=0
06-17 22:19:17.234  1111  1111 D PhoneStatusBar: setSystemUiVisibility vis=8700 mask=ffffffff oldVal=8000 newVal=8700 diff=700
06-17 22:19:17.234   678  1143 W ActivityManager: Permission Denial: getCurrentUser() from pid=2927, uid=10118 requires android.permission.INTERACT_ACROSS_USERS
06-17 22:19:17.234   256   992 D SocketClient: SocketClient sendData done:
06-17 22:19:17.234   256   992 D SocketClient: SocketClient sendData done:
06-17 22:19:17.244  1111  1111 D PhoneStatusBar: onUnlockHintStarted isSmartLock = false, isInSecureByLockTimeout=false
06-17 22:19:17.244  1531  1531 E cr_BTSPrefs: No data found for task id: 56
06-17 22:19:17.244  1531  1531 E cr_BkgrdTaskScheduler: Task cannot be canceled because no data was found instorage or data was invalid
06-17 22:19:17.244   256   992 D SocketClient: SocketClient sendData done:
06-17 22:19:17.244   256   992 D SocketClient: SocketClient sendData done:
06-17 22:19:17.244   256   992 D SocketClient: SocketClient sendData done:
06-17 22:19:17.254  1240  1255 D PeopleNotiListenerSvc: onEdgeNotificationRemoved() : pkg android,id=0,extra=Bundle[mParcelledData.dataSize=112]
06-17 22:19:17.254  1240  1255 D PeopleNotiListenerSvc: onEdgeNotificationRemoved() : pkg com.android.systemui,id=2131624023,extra=Bundle[mParcelledData.dataSize=84]
06-17 22:19:17.254  1229  1246 D AODNotiListenerService:  --------- Removed ---------
06-17 22:19:17.254   678   678 D MARsPolicyManager: NotificationListenerService OngoingNotificationRemoved : com.android.systemui
06-17 22:19:17.274  1111  1111 D KeyguardUpdateMonitor: handleBatteryUpdate: 3
06-17 22:19:17.274   235   324 I BufferQueueProducer: [StatusBar](this:0xb3245400,id:7,api:1,p:1111,c:235) queueBuffer: fps=2.33 dur=1287.71 max=558.22 min=290.75
06-17 22:19:17.284  1111  1111 D NotificationGroupManager: onEntryRemovedInternal = -1|android|17040370|null|1000
06-17 22:19:17.284  1111  1111 D NotificationGroupManager: Skip sending summary for entry = -1|android|17040370|null|1000
06-17 22:19:17.294   235   235 I BufferQueueProducer: [FrameBufferSurface_0](this:0xb3216000,id:0,api:1,p:235,c:235) queueBuffer: fps=21.39 dur=1028.56 max=222.09 min=8.35
06-17 22:19:17.294  1531  2143 D libc-netbsd: [getaddrinfo]: netid=0; mark=0
06-17 22:19:17.294  1531  2143 D libc-netbsd: [getaddrinfo]: ai_addrlen=0; ai_canonname=(null); ai_flags=1024; ai_family=0
06-17 22:19:17.294   256   989 D EnterpriseController: netId is 0
06-17 22:19:17.294   256   989 D Netd    : getNetworkForDns: using netid 502 for uid 10114
06-17 22:19:17.294   256  2947 D libc-netbsd: [getaddrinfo]: netid=502; mark=502
06-17 22:19:17.294   256  2947 D libc-netbsd: [getaddrinfo]: ai_addrlen=0; ai_canonname=(null); ai_flags=1024; ai_family=0
06-17 22:19:17.294   256  2947 D libc-netbsd: getaddrinfo: get result from proxy gai_error = 11
06-17 22:19:17.294   256  2947 D libc-netbsd: default dns: query_ipv6=1, query_ipv4=1
06-17 22:19:17.294   256  2947 D libc-netbsd: res_queryN class = 1, type = 28
06-17 22:19:17.304   256  2947 D libc-netbsd: netid=502, dns0:8.8.8.8
06-17 22:19:17.304   256  2947 D libc-netbsd: netid=502, dns1:210.245.31.220
06-17 22:19:17.364   235  1023 I SurfaceFlinger: EventThread Client Pid (2476) created
06-17 22:19:17.374  1541  1541 I DailyPingWorker: DailyPingWorker.startWorkInner():61 Completed work: WORK_ID = daily_ping_work
06-17 22:19:17.384   678   752 D ActivityManager: mDVFSHelper.release()
06-17 22:19:17.404  1111  1111 D PhoneStatusBar: removeNotification key=-1|android|17040370|null|1000 old=StatusBarNotification(pkg=android user=UserHandle{-1} id=17040370 tag=null score=-20 key=-1|android|17040370|null|1000: Notification(pri=-2 contentView=android/0x10900a7 vibrate=null sound=null tick defaults=0x0 flags=0x2 color=0xff607d8b appGroupKey=ongoing vis=PUBLIC secFlags=0x0 secPriority=0))
06-17 22:19:17.404  1111  1111 D PhoneStatusBar: setAreThereNotifications: N=4 any=true clearable=false
06-17 22:19:17.404   678   688 I art     : Background sticky concurrent mark sweep GC freed 95991(8MB) AllocSpace objects, 11(256KB) LOS objects, 6% free, 24MB/26MB, paused 25.798ms total 270.583ms
06-17 22:19:17.454   256  2947 D libc-netbsd: res_queryN class = 1, type = 1
06-17 22:19:17.454   256  2947 D libc-netbsd: netid=502, dns0:8.8.8.8
06-17 22:19:17.454   256  2947 D libc-netbsd: netid=502, dns1:210.245.31.220
06-17 22:19:17.484  1519  1528 W art     : Suspending all threads took: 14.765ms
06-17 22:19:17.514  2476  2887 I AutoPushFeature: No change to subscriptions. Doing nothing.
06-17 22:19:17.524  1111  1133 I art     : Background partial concurrent mark sweep GC freed 14902(794KB) AllocSpace objects, 7(3MB) LOS objects, 17% free, 18MB/22MB, paused 1.096ms total 110.631ms
06-17 22:19:17.544   678   692 V BroadcastQueue: [background] Process cur broadcast BroadcastRecord{87640bf u-1 android.intent.action.BATTERY_LOW qIdx=4}, state= (APP_RECEIVE) DELIVERED for app ProcessRecord{1ad955a 2068:com.samsung.android.scloud:contentsync/5009}
06-17 22:19:17.554  2927  2927 I ServiceChildProcess: onCreate
06-17 22:19:17.554  1111  1454 D NetworkController.MobileSignalController(0/2147483643): onSignalStrengthsChanged signalStrength=SignalStrength: 22 99 -22 -200 -22 -200 -1 99 2147483647 2147483647 2147483647 2147483647 2147483647 0x4 gsm|lte level=4
06-17 22:19:17.554  1111  1454 D NetworkController.MobileSignalController(0/2147483643): getMobileIconGroup(): 0
06-17 22:19:17.564  2927  2954 I GeckoThread: preparing to run Gecko
06-17 22:19:17.564   678   692 D MountService: getExternalStorageMountMode : 1
06-17 22:19:17.564   678   692 D MountService: getExternalStorageMountMode : 3
06-17 22:19:17.564   678   692 D MountService: getExternalStorageMountMode : final mountMode=1, uid : 1000, packageName : com.samsung.android.MtpApplication
06-17 22:19:17.574   678  2598 D AlarmManager: Cancel Alarm calling from uid:10018 pid :1283 / operation:PendingIntent{12cbc78: PendingIntentRecord{91f7859 com.google.android.gms broadcastIntent}}
06-17 22:19:17.584  2955  2955 E Zygote  : v2
06-17 22:19:17.584  2955  2955 W SELinux : Function: selinux_compare_spd_ram, index[1], priority [2], priority version is VE=SEPF_SECMOBILE_6.0.1_0034
06-17 22:19:17.584  2955  2955 E Zygote  : accessInfo : 0
06-17 22:19:17.584  2955  2955 I libpersona: KNOX_SDCARD checking this for 1000
06-17 22:19:17.584  2955  2955 I libpersona: KNOX_SDCARD not a persona
06-17 22:19:17.604  2736  2745 W art     : Suspending all threads took: 5.440ms
06-17 22:19:17.604   251   300 D DataRouter: dr_usb_deinit
06-17 22:19:17.604   251   300 D DataRouter: Initialise USB and start the thread
06-17 22:19:17.604   251   300 D DataRouter: dr_usb_init
06-17 22:19:17.604   251   300 E DataRouter: USB Interface is open with 0xa
06-17 22:19:17.604   251   300 D DataRouter: USB interface is now configured for usb_fd = 0xa
06-17 22:19:17.604   251   300 D DataRouter: monitor_data_of_usb
06-17 22:19:17.604   251   300 D DataRouter: USB monitor thread launched, usb_fd= 0xa
06-17 22:19:17.604   251   300 D DataRouter: Before the usb select
06-17 22:19:17.604   220   512 E NetlinkEvent: NetlinkEvent::decode(): buffer'change@/devices/battery/power_supply/battery' size:717,format:0
06-17 22:19:17.604   256   985 E NetlinkEvent: NetlinkEvent::decode(): buffer'change@/devices/battery/power_supply/battery' size:717,format:0
06-17 22:19:17.634   678   692 I ActivityManager: Start proc 2955:com.samsung.android.MtpApplication/1000 for broadcast-2 com.samsung.android.MtpApplication/.MtpReceiver
06-17 22:19:17.634   678  1546 D BatteryService: !@BatteryListener : batteryPropertiesChanged!
06-17 22:19:17.644  2955  2955 D TimaKeyStoreProvider: TimaSignature is unavailable
06-17 22:19:17.644  2955  2955 D ActivityThread: Added TimaKeyStore provider
06-17 22:19:17.654   256  2947 D libc-netbsd: res_queryN succeed
06-17 22:19:17.654  1531  2143 D libc-netbsd: getaddrinfo: get result from proxy gai_error = 0
06-17 22:19:17.654  1111  1111 D KnoxNotification: ----- inflateViews : modified publicViewLocal -----
06-17 22:19:17.654  2736  2736 I ConnectivityService: Service created
06-17 22:19:17.654   256   986 E NetlinkEvent: NetlinkEvent::decode(): buffer' ' size:140,format:1
06-17 22:19:17.654   256  2947 D SocketClient: SocketClient sendData done: 222
06-17 22:19:17.654   256  2947 D SocketClient: SocketClient sendData done:
06-17 22:19:17.654   256  2947 D SocketClient: SocketClient sendData done:
06-17 22:19:17.654   256  2947 D SocketClient: SocketClient sendData done:
06-17 22:19:17.654   256  2947 D SocketClient: SocketClient sendData done:
06-17 22:19:17.654   256  2947 D SocketClient: SocketClient sendData done:
06-17 22:19:17.654   256  2947 D SocketClient: SocketClient sendData done:
06-17 22:19:17.654   256  2947 D SocketClient: SocketClient sendData done:
06-17 22:19:17.654   256  2947 D SocketClient: SocketClient sendData done:
06-17 22:19:17.654   256  2947 D SocketClient: SocketClient sendData done:
06-17 22:19:17.654   256  2947 D SocketClient: SocketClient sendData done:
06-17 22:19:17.654   256  2947 D SocketClient: SocketClient sendData done:
06-17 22:19:17.654   256  2947 D SocketClient: SocketClient sendData done:
06-17 22:19:17.654   256  2947 D SocketClient: SocketClient sendData done:
06-17 22:19:17.654   256  2947 D SocketClient: SocketClient sendData done:
06-17 22:19:17.654   256  2947 D SocketClient: SocketClient sendData done:
06-17 22:19:17.654   256  2947 D SocketClient: SocketClient sendData done:
06-17 22:19:17.654   256  2947 D SocketClient: SocketClient sendData done:
06-17 22:19:17.654   256   992 D SocketClient: SocketClient sendData done:
06-17 22:19:17.654   256   992 D SocketClient: SocketClient sendData done:
06-17 22:19:17.664  2333  2333 I Finsky:background: [1] SCH: job service start with id 10807.
06-17 22:19:17.674  1111  1111 D KnoxNotification: ----- inflateViews : modified KnoxViewLocal -----
06-17 22:19:17.694   678  1305 V BroadcastQueue: [foreground] Process cur broadcast BroadcastRecord{9cd3f8d u-1 android.hardware.usb.action.USB_STATE qIdx=2}, state= (APP_RECEIVE) DELIVERED for app ProcessRecord{c8593b6 2955:com.samsung.android.MtpApplication/1000}
06-17 22:19:17.694   678  2945 D VibratorService: vibratorOn() : 250ms, magnitude :9999, f : -1
06-17 22:19:17.704   678   688 I art     : Background sticky concurrent mark sweep GC freed 32502(2MB) AllocSpace objects, 8(240KB) LOS objects, 10% free, 23MB/26MB, paused 21.845ms total 121.767ms
06-17 22:19:17.704   678   678 V AlarmManager: setInexact (T:3/F:8/AC:false) 20250617T232948 - CU:1000/CP:678
06-17 22:19:17.714  2955  2955 W System  : ClassLoader referenced unknown path: /system/priv-app/MtpApplication/lib/arm
06-17 22:19:17.714   678   678 V AlarmManager: setInexact (T:3/F:8/AC:false) 20250618T115547 - CU:1000/CP:678
06-17 22:19:17.724   678   678 V BroadcastQueue: [background] Process cur broadcast BroadcastRecord{27ff953 u-1 android.net.conn.TETHER_STATE_CHANGED qIdx=4}, state= (APP_RECEIVE) DELIVERED for app ProcessRecord{83ff0e1 678:system/1000}
06-17 22:19:17.734  2736  2946 D libc-netbsd: [getaddrinfo]: netid=0; mark=0
06-17 22:19:17.734  2736  2946 D libc-netbsd: [getaddrinfo]: ai_addrlen=0; ai_canonname=(null); ai_flags=4; ai_family=0
06-17 22:19:17.734   256   992 D SocketClient: SocketClient sendData done:
06-17 22:19:17.744  2955  2955 E MTPRx   : In MtpReceiverandroid.hardware.usb.action.USB_STATE
06-17 22:19:17.744   678  2597 D SecContentProvider2: query(), uri = 14 selection = getSealedUsbMassStorageState
06-17 22:19:17.744  2955  2955 E MTPRx   : check value of boot_completed is1
06-17 22:19:17.744  2955  2955 D MTPRx   : in initializeSettingsValues
06-17 22:19:17.744  1111  1111 E SkiesROM: iconV is null!
06-17 22:19:17.744  1111  1111 E SkiesROM: appT is null!
06-17 22:19:17.744   678   678 V BroadcastQueue: [background] Process cur broadcast BroadcastRecord{2db4789 u-1 android.net.wifi.SCAN_RESULTS qIdx=4}, state= (APP_RECEIVE) DELIVERED for app ProcessRecord{13d2edc 1111:com.android.systemui/u0a45}
06-17 22:19:17.744   678  1143 D SettingsProvider: isChangeAllowed() : name = mtp_usb_connection_status
06-17 22:19:17.744   678  2252 D SettingsProvider: isChangeAllowed() : name = media_player_mode
06-17 22:19:17.744   678   693 D SettingsProvider: isChangeAllowed() : name = mtp_usb_conditions_met
06-17 22:19:17.744   678  1557 D SettingsProvider: isChangeAllowed() : name = media_mount_count
06-17 22:19:17.744   678  1305 D SettingsProvider: isChangeAllowed() : name = mtp_sync_alive
06-17 22:19:17.754  1111  1111 E SkiesROM: iconV is null!
06-17 22:19:17.754  1111  1111 E SkiesROM: appT is null!
06-17 22:19:17.754  1111  1111 E SkiesROM: iconV is null!
06-17 22:19:17.754   678  1304 D SettingsProvider: isChangeAllowed() : name = sdcard_launch
06-17 22:19:17.754   678  2253 D SettingsProvider: isChangeAllowed() : name = boot_time_connected
06-17 22:19:17.754   678  2600 D SettingsProvider: isChangeAllowed() : name = mtp_event_status
06-17 22:19:17.754   678   692 D SettingsProvider: isChangeAllowed() : name = mtp_open_session
06-17 22:19:17.754   678   692 D SettingsProvider: isChangeAllowed() : name = mtp_running_status
06-17 22:19:17.764  1111  1111 E SkiesROM: appT is null!
06-17 22:19:17.764  2955  2955 W System.err: remove failed: ENOENT (No such file or directory) : /storage/emulated/0/.mtp
06-17 22:19:17.764  2955  2955 E MTPRx   : check booting is completed_sys.boot_completed
06-17 22:19:17.764  2955  2955 W MTPRx   : value of connected isfalse
06-17 22:19:17.764  2955  2955 W MTPRx   : value of configured isfalse
06-17 22:19:17.764  2955  2955 W MTPRx   : value of mtpEnabled istrue
06-17 22:19:17.764  2955  2955 W MTPRx   : value of ptpEnabled isfalse
06-17 22:19:17.764  2955  2955 W MTPRx   : value of vzw_charging isfalse
06-17 22:19:17.764  2955  2955 W MTPRx   : value of sec_charging isfalse
06-17 22:19:17.764  2955  2955 E MTPRx   : Received USB_STATE with sdCardLaunch = 0
06-17 22:19:17.764  2955  2955 E MTPRx   : Unexpected Disconnection. call usbRemoved.
06-17 22:19:17.764  2955  2955 W MTPRx   : MTP_RUNNING_STATUS = 0
06-17 22:19:17.764  2955  2955 E MTPRx   :  sendbooster is false!
06-17 22:19:17.764  2955  2955 E MTPRx   : configured is false
06-17 22:19:17.764  1111  1111 I ApplicationPackageManager: load=com.android.systemui, bg=72-72, dr=72-72, forDefault=true
06-17 22:19:17.764   678  2252 V BroadcastQueue: [foreground] Process cur broadcast BroadcastRecord{9cd3f8d u-1 android.hardware.usb.action.USB_STATE qIdx=2}, state= (APP_RECEIVE) DELIVERED for app ProcessRecord{7e5e835 1889:android.process.media/u0a37}
06-17 22:19:17.774  1111  1111 I ApplicationPackageManager: scaled rate=0.78545463, size=72, alpha=3, hold=26, target=72
06-17 22:19:17.774  1111  1111 I PhoneStatusBar: shouldInterruptInMirrorLink:true
06-17 22:19:17.784   678  2253 V BroadcastQueue: [foreground] Process cur broadcast BroadcastRecord{9cd3f8d u-1 android.hardware.usb.action.USB_STATE qIdx=2}, state= (APP_RECEIVE) DELIVERED for app ProcessRecord{e31da16 2753:com.samsung.android.SettingsReceiver/1000}
06-17 22:19:17.784  2753  2753 E ActivityThread: Failed to find provider info for com.myscript.atk.rmc
06-17 22:19:17.844  1541  1541 I MDDTaskScheduler: MDDTaskScheduler$Worker.startWorkInner():122 work mdd_download_work started
06-17 22:19:17.844  1283  1294 I Auth    : (REDACTED) [GetTokenResponse] Decryption key=%s success, service=%s
06-17 22:19:17.844  1111  1111 D PhoneStatusBar: Make expanded visible: expanded visible=false
06-17 22:19:17.844  1111  1111 D StatusBar-Window: fnf=true sanc=false, kni=false, sbf=true
06-17 22:19:17.844  1111  1111 D CoverUI : applyFocusableFlag() : Remove SAMSUNG_FLAG_SVIEW_COVER
06-17 22:19:17.844  1111  1111 D StatusBarWindowManager: forceCollapsed : false isKeyguardShowingAndNotOccluded() : false panelVisible : true keyguardFadingAway : false bouncerShowing : false headsUpShowing : false
06-17 22:19:17.844  1111  1111 D CoverUI : applyHeight h = -1, oc = false, fa = false, ac = false, sc = false
06-17 22:19:17.844  1111  1111 D CoverUI : applyInternal: false height: -1
06-17 22:19:17.854  1111  1111 D StatusBar-Window: fnf=true sanc=false, kni=false, sbf=true
06-17 22:19:17.854  1111  1111 D CoverUI : applyFocusableFlag() : Remove SAMSUNG_FLAG_SVIEW_COVER
06-17 22:19:17.854  1111  1111 D StatusBarWindowManager: forceCollapsed : false isKeyguardShowingAndNotOccluded() : false panelVisible : true keyguardFadingAway : false bouncerShowing : false headsUpShowing : true
06-17 22:19:17.854  1111  1111 D CoverUI : applyHeight h = -1, oc = false, fa = false, ac = false, sc = false
06-17 22:19:17.854  1111  1111 D CoverUI : applyInternal: false height: -1
06-17 22:19:17.854  1111  1111 D StatusBar-Window: fnf=true sanc=false, kni=false, sbf=true
06-17 22:19:17.854  1111  1111 D CoverUI : applyFocusableFlag() : Remove SAMSUNG_FLAG_SVIEW_COVER
06-17 22:19:17.854  1111  1111 D StatusBarWindowManager: forceCollapsed : false isKeyguardShowingAndNotOccluded() : false panelVisible : true keyguardFadingAway : false bouncerShowing : false headsUpShowing : true
06-17 22:19:17.854  1111  1111 D CoverUI : applyHeight h = -1, oc = false, fa = false, ac = false, sc = false
06-17 22:19:17.854  1111  1111 D CoverUI : applyInternal: false height: -1
06-17 22:19:17.854  1111  1111 D StatusBar-Window: fnf=true sanc=false, kni=false, sbf=true
06-17 22:19:17.854  1111  1111 D CoverUI : applyFocusableFlag() : Remove SAMSUNG_FLAG_SVIEW_COVER
06-17 22:19:17.854  1111  1111 D StatusBarWindowManager: forceCollapsed : true isKeyguardShowingAndNotOccluded() : false panelVisible : true keyguardFadingAway : false bouncerShowing : false headsUpShowing : true
06-17 22:19:17.854  1111  1111 D CoverUI : applyHeight h = 36, oc = false, fa = false, ac = false, sc = false
06-17 22:19:17.854  1111  1111 D CoverUI : applyInternal: false height: 36
06-17 22:19:17.854  2736  2949 W ResourceType: For resource 0x7f0b000f, entry index(15) is beyond type entryCount(11)
06-17 22:19:17.854  2736  2949 I FA      : App measurement initialized, version: 127007
06-17 22:19:17.854  2736  2949 I FA      : To enable debug logging run: adb shell setprop log.tag.FA VERBOSE
06-17 22:19:17.854  2736  2949 I FA      : To enable faster debug mode event logging run:
06-17 22:19:17.854  2736  2949 I FA      :   adb shell setprop debug.firebase.analytics.app me.twrp.twrpapp
06-17 22:19:17.884  2736  2949 E FA      : Missing google_app_id. Firebase Analytics disabled. See https://goo.gl/NAOOOI
06-17 22:19:17.884  2736  2949 E FA      : Uploading is not possible. App measurement disabled
06-17 22:19:17.894  1541  1541 I MDDTaskScheduler: MDDTaskScheduler$Worker.startWorkInner():122 work mdd_download_work started
06-17 22:19:17.894  1111  1111 D NotificationGroupManager: Skipping heads up entry = -1|com.android.systemui|2131624023|low_battery|10045
06-17 22:19:17.894  1541  2115 I WM-WorkerWrapper: Worker result SUCCESS for Work [ id=2f0ac52f-9ed9-4127-b1dd-23e1dc68e5e8, tags={ com.google.android.libraries.inputmethod.dailyping.DailyPingWorker } ]
06-17 22:19:17.904  1111  1111 D NotificationStackScrollLayout:  scroll range should be extended : 568
06-17 22:19:17.904  1111  1111 D NotificationStackScrollLayout:  scroll range should be extended : 568
06-17 22:19:17.904  1111  1111 D PhoneStatusBar: setAreThereNotifications: N=5 any=true clearable=true
06-17 22:19:17.904  1111  1111 D NotificationGroupManager: onEntryRemovedInternal = -1|com.android.systemui|2131624023|charging_state|10045
06-17 22:19:17.914  1111  1111 D NotificationGroupManager: cancelAppGroupSummary : ongoing / -1|com.android.systemui|2131624023|charging_state|10045
06-17 22:19:17.914   678   678 W CoverManager: getCoverState : This device is not supported cover
06-17 22:19:17.914   678   678 D EdgeLight: Turning off
06-17 22:19:17.914  1229  1239 D AODNotiListenerService:  --------- Removed ---------
06-17 22:19:17.914  1240  1258 D PeopleNotiListenerSvc: onEdgeNotificationRemoved() : pkg android,id=0,extra=Bundle[mParcelledData.dataSize=112]
06-17 22:19:17.914  1111  1111 D PhoneStatusBar: removeNotification key=-1|com.android.systemui|2131624023|charging_state|10045 old=StatusBarNotification(pkg=com.android.systemui user=UserHandle{-1} id=2131624023 tag=charging_state score=-20 key=-1|com.android.systemui|2131624023|charging_state|10045: Notification(pri=-2 contentView=com.android.systemui/0x10900a7 vibrate=null sound=null defaults=0x0 flags=0xa color=0xff607d8b category=sys appGroupKey=ongoing vis=PUBLIC secFlags=0x0 secPriority=0))
06-17 22:19:17.914  1111  1111 D PhoneStatusBar: setAreThereNotifications: N=4 any=true clearable=true
06-17 22:19:17.914  1111  1111 I Choreographer: Skipped 38 frames!  The application may be doing too much work on its main thread.
06-17 22:19:17.914   678   678 D LightsService: [api] [SvcLED] turnOff:: id = 6 (uid: 1000 pid: 678)
06-17 22:19:17.914   678   678 D LightsService: [api] [SvcLED] LED indicator : Not supported.
06-17 22:19:17.934   678  1011 D SecContentProvider: insert(), uri = 2
06-17 22:19:17.934   678   757 D SecContentProvider: query(), uri = 18 selection = isUsbMediaPlayerAvailable
06-17 22:19:17.934  1111  1111 D NotificationStackScrollLayout:  scroll range should be extended : 568
06-17 22:19:17.934  1111  1111 D NotificationStackScrollLayout:  scroll range should be extended : 568
06-17 22:19:17.934  1111  1111 D NotificationStackScrollLayout:  scroll range should be extended : 568
06-17 22:19:17.934   678   757 D ApplicationPolicy: isStatusBarNotificationAllowedAsUser: packageName = android,userId = -1
06-17 22:19:17.934  1111  1111 D NotificationStackScrollLayout:  scroll range should be extended : 568
06-17 22:19:17.934   256   985 E NetlinkEvent: NetlinkEvent::decode(): buffer'change@/devices/virtual/android_usb/android0' size:159,format:0
06-17 22:19:17.934   220   512 E NetlinkEvent: NetlinkEvent::decode(): buffer'change@/devices/virtual/android_usb/android0' size:159,format:0
06-17 22:19:17.934   678  1011 V UsbDeviceManager: onUEvent(Device Cable) : {USB_STATE=CONNECTED, SUBSYSTEM=android_usb, SEQNUM=2238, ACTION=change, DEVPATH=/devices/virtual/android_usb/android0}
06-17 22:19:17.934   678  1011 D UsbDeviceManager: updateState( CONNECTED )
06-17 22:19:17.934   678   757 D UsbDeviceManager: handleMessage -> MSG_UPDATE_STATE connected = 1,configured = 0
06-17 22:19:17.934   678   757 D UsbDeviceManager: updateUsbNotification_Lock++
06-17 22:19:17.934   678   757 D UsbDeviceManager: updateUsbNotification(false) : mConnected = true, mConfigured = false, mCurrentFunctions = mtp,adb, mHostConnected = false, mSupportDualRole = false, mIsPowerSource = false
06-17 22:19:17.934   678   757 D UsbDeviceManager: mps exists
06-17 22:19:17.934   678   757 D UsbDeviceManager: isUsb30Enabled: read '/sys/class/android_usb/android0/bcdUSB', state = 0200
06-17 22:19:17.934   678   757 D UsbDeviceManager: id=17040370, mUsbNotificationId=0
06-17 22:19:17.934   678   757 D UsbDeviceManager: updateUsbNotification : isKeyguardShowingAndNotOccluded = false, isKeyguardSecure = false, mBootCompleted = true
06-17 22:19:17.934   678   757 D UsbDeviceManager: updateUsbNotification : notify id = 17040370, title = ang truyn file media qua USB
06-17 22:19:17.934   678   757 D UsbDeviceManager: updateUsbNotification_Lock--
06-17 22:19:17.934   678   757 D UsbDeviceManager: broadcasting Intent { act=android.hardware.usb.action.USB_STATE flg=0x30000000 (has extras) } connected: true configured: false
06-17 22:19:17.934   678   757 D UsbDeviceManager: sending intent : ACTION_USB_STATE : connected = true, configured = false, functions = mtp,adb
06-17 22:19:17.934   678   757 D UsbDeviceManager: mps exists
06-17 22:19:17.944  1229  1246 D AODNotiListenerService:  --------- Posted --------- : -1|android|17040370|null|1000
06-17 22:19:17.944   678   678 D MARsPolicyManager: NotificationListenerService OngoingNotificationPosted : android
06-17 22:19:17.954  1541  2094 I SP      : Syncing content_cache (2024032915) with slices: [74ed8b2e38ec1bc8af70aa63d8ec49de, 8722425f4121ffdea802b1066df73991, fa1da98da1212aad6fb9a8efaff48148], metadata: true
06-17 22:19:17.974  1541  2094 I SP      : Sync for emoticon_content_description succeeded in 8355 ms: no changes
06-17 22:19:17.984  1111  1111 D StatusBar-Window: fnf=true sanc=false, kni=false, sbf=true
06-17 22:19:17.984  1111  1111 D CoverUI : applyFocusableFlag() : Remove SAMSUNG_FLAG_SVIEW_COVER
06-17 22:19:17.984  1111  1111 D StatusBarWindowManager: forceCollapsed : false isKeyguardShowingAndNotOccluded() : false panelVisible : true keyguardFadingAway : false bouncerShowing : false headsUpShowing : true
06-17 22:19:17.984  1111  1111 D CoverUI : applyHeight h = -1, oc = false, fa = false, ac = false, sc = false
