06-17 22:19:20.034  1307  1391 E SQLiteLog: (11)  - D4 F8 08 01 00 28 40 F0 17 81 D4 F8 FC 00 01 68 89 B1 00 F1 08 05 8F 00 28 68 00 28 18 BF 3E F6
06-17 22:19:20.034  1307  1391 E SQLiteLog: (11)  - 95 DF 04 3F 05 F1 04 05 F6 D1 D4 F8 FC 00 00 21 01 60 D4 F8 FC 00 B0 42 0D D0 41 68 B1 F1 FF 3F
06-17 22:19:20.034  1307  1391 E SQLiteLog: (11)  - 00 F3 A0 80 04 F5 80 71 88 42 1C BF 04 F5 82 71 88 42 40 F0 97 80 D4 F8 F4 00 00 28 40 F0 F0 80
06-17 22:19:20.034  1307  1391 E SQLiteLog: (11)  - D4 F8 F0 00 00 28 40 F0 EF 80 D4 F8 EC 00 00 28 40 F0 EE 80 D4 F8 E8 00 00 28 40 F0 ED 80 D4 F8
06-17 22:19:20.034  1307  1391 E SQLiteLog: (11)  - E4 00 00 28 40 F0 EC 80 B4 F8 E0 10 D4 F8 D8 00 4A 07 62 D4 09 07 48 BF 28 F6 52 DF D4 F8 D4 00
06-17 22:19:20.034  1307  1391 E SQLiteLog: (11)  - 00 28 18 BF 05 F0 0E FA D4 F8 D0 00 00 28 40 F0 DB 80 D4 F8 CC 00 00 28 40 F0 DA 80 D4 F8 C8 00
06-17 22:19:20.034  1307  1391 E SQLiteLog: (11)  - 00 28 40 F0 D9 80 81 48 25 46 78 44 08 30 45 F8 98 0F 28 46 2E F5 CE DF A5 F1 38 00 00 F0 3E F9
06-17 22:19:20.034  1307  1391 E SQLiteLog: (11)  - 7B 49 55 F8 60 0C 79 44 00 28 01 F1 08 01 45 F8 80 1C 40 F0 C5 80 60 6B 00 28 40 F0 C5 80 20 6B
06-17 22:19:20.034  1307  1391 E SQLiteLog: (11)  - 00 28 18 BF 3E F6 22 DF E0 6A 00 28 40 F0 C0 80 A0 6A 00 28 18 BF 3E F6 19 DF 60 6A 00 28 1E BF
06-17 22:19:20.034  1307  1391 E SQLiteLog: (11)  - 01 68 89 68 88 47 20 6A 00 28 18 BF 3E F6 0E DF E0 69 00 28 18 BF 3E F6 09 DF 66 48 78 44 08 30
06-17 22:19:20.034  1307  1391 E SQLiteLog: (11)  - 60 60 04 98 64 49 79 44 09 68 09 68 81 42 02 BF 20 46 05 B0 F0 BD 28 F6 F9 DE 08 38 BF F3 5B 8F
06-17 22:19:20.034  1307  1391 E SQLiteLog: (11)  - 50 E8 00 1F 4A 1E 40 E8 00 23 00 2B F8 D1 01 29 94 D1 01 68 BF F3 5B 8F 28 F6 E2 DE 8E E7 00 25
06-17 22:19:20.034  1307  1391 E SQLiteLog: (11)  - 01 27 2A E7 28 F6 DC DE 65 E7 01 46 28 46 BB F6 62 D6 CB E6 47 48 78 44 02 F6 64 D4 BF F3 5B 8F
06-17 22:19:20.034  1307  1391 E SQLiteLog: (11)  - 28 60 D0 E6 44 4A 04 21 23 46 7A 44 AC F1 0A F6 CE E6 D0 F8 94 13 00 29 3F F4 D0 AE 8A 68 12 68
06-17 22:19:20.034  1307  1391 E SQLiteLog: (11)  - A2 42 7F F4 CB AE 00 F5 65 70 00 22 02 60 3F F6 49 DB C3 E6 69 46 8C F6 79 D0 CA E6 01 68 69 B1
06-17 22:19:20.034  1307  1391 E SQLiteLog: (11)  - 00 F1 08 07 8D 00 38 68 00 28 18 BF 3E F6 AE DE 04 3D 07 F1 04 07 F6 D1 D4 F8 FC 00 00 21 01 60
06-17 22:19:20.034  1307  1391 E SQLiteLog: (11)  - D4 F8 FC 00 B0 42 3F F4 D0 AE 41 68 B1 F1 FF 3F 42 DC 04 F5 80 75 A8 42 1C BF 04 F5 82 71 88 42
06-17 22:19:20.034  1307  1391 E SQLiteLog: (11)  - 3F F4 C3 AE 28 F6 8C DE 00 20 C4 E9 3F 50 BC E6 01 68 89 68 88 47 E3 E6 01 68 89 68 88 47 E4 E6
06-17 22:19:20.034  1307  1391 E SQLiteLog: (11)  - 01 68 89 68 88 47 0B E7 01 68 89 68 88 47 0C E7 01 68 89 68 88 47 0D E7 01 68 89 68 88 47 0E E7
06-17 22:19:20.034  1307  1391 E SQLiteLog: (11)  - 01 68 89 68 88 47 0F E7 01 68 89 68 88 47 20 E7 01 68 89 68 88 47 21 E7 01 68 89 68 88 47 22 E7
06-17 22:19:20.034  1307  1391 E SQLiteLog: (11)  - 01 68 89 68 88 47 36 E7 01 68 89 68 88 47 36 E7 01 68 89 68 88 47 3B E7 28 F6 52 DE C4 F8 FC 60
06-17 22:19:20.034  1307  1391 E SQLiteLog: (11)  - 83 E6 00 BF 9C DF 31 02 C6 59 25 02 78 DC 31 02 72 DF 31 02 B0 5E CD FC C1 BE BA FC DA C8 DE FC
06-17 22:19:20.034  1307  1391 E SQLiteLog: (11)  - BF 01 B3 FC 24 3A F1 FC B8 1D 34 02 1A A6 FA 01 EA 6A 00 02 78 F8 FA 01 92 57 25 02 80 B5 08 46
06-17 22:19:20.034  1307  1391 E SQLiteLog: (11)  - 00 F0 04 F8 BD E8 80 40 28 F6 2A 9E 10 B5 04 46 C0 6D 58 BB A0 6D 00 28 1E BF 01 68 89 68 88 47
06-17 22:19:20.034  1307  1391 E SQLiteLog: (11)  - 60 6D 00 28 1E BF 01 68 89 68 88 47 11 49 20 6C 79 44 08 31 61 64 00 28 1F BF 00 21 41 60 20 6C
06-17 22:19:20.034  1307  1391 E SQLiteLog: (11)  - 00 28 05 D0 01 68 01 39 01 60 08 BF 28 F6 08 DE 09 48 78 44 00 F1 08 01 20 46 40 F8 38 1F 2E F5
06-17 22:19:20.034  1307  1391 E SQLiteLog: (11)  - 99 DE 20 46 BD E8 10 40 00 F0 08 B8 01 68 89 68 88 47 CF E7 A4 F6 FA 01 B2 A3 FA 01 2D E9 F0 43
06-17 22:19:20.034  1307  1391 E SQLiteLog: (11)  - 87 B0 04 46 89 48 8A 49 78 44 79 44 08 30 09 68 09 68 06 91 20 60 20 46 00 F0 A2 F9 85 48 6D 46
06-17 22:19:20.034  1307  1391 E SQLiteLog: (11)  - 29 46 04 95 78 44 08 30 00 90 20 46 49 F4 FE DC 04 98 A8 42 40 F0 87 80 10 21 02 68 51 58 88 47
06-17 22:19:20.034   256   992 D SocketClient: SocketClient sendData done:
06-17 22:19:20.034   678  1953 D UsbDebuggingManager: Received public key: QAAAAM2D4Hr73t8UfK9FQ/W1+mgaheYe7kbC3oNdJlp18Q5v90n3OeHEihCRIhVq4qeASw7s26jVMdume16lvme9C2Ng77jAAJZScQJpMUbZpcwGyvuuw4NxDm4rQXG0CHTD3E9MKySLODuATSjZjbs0zwU0uL9S+/BsOOF0qM32K+Fbx/7mEnDfGs9W7CR7J9TvhpLysVtdwDUfbdEoR2BghC9t+u/vgrDhfvhM6uX7WVOYbGU8JzqRxvotlm3ZIywLMVhXVLc5ya/BKNSXuOQC9Uz3RVPduii3oxccK3gza26dyGZpnmLmuMbp/TTHiX7olJJ8jUKPMaG4ze36lAyQ8FJdENqSd4YztFKqLDvvfy+tEghp77Web8eC9wphBb4Z3p9CCbBzTUIRgTprEdBJXUvdOFs5bM26UA5jDCfpRlhE0yZaZgjh3CBW3EJU758KQiO8IujRcGaDuAnbNRSC/QHiQeqQaEkdFT0bOqXVE7shsPpGobUSJ6gJyGVbp/jvHYDYsvLfsE7JZwxKTm/Cqz2Po9jxdJ4WcmHTF4trosDULD+E3YokdxXsCPu0AYOjF4z4dNnVucCgkQlvbsTz/R9RvEqqmYDog4Moe3Rzk6LYfpIFaTliggHk7fhyLlrWmhTYRDSMoQEGShcEn22wEOBm9aMRLJGcgpzsGg2QQFhJPewGIgEAAQA= dinht@PC-TIEN
06-17 22:19:20.044  1307  1391 E SQLiteLog: (11)  - 7D 48 29 46 04 95 78 44 08 30 00 90 20 46 00 F0 F9 F8 04 98 A8 42 7B D1 10 21 02 68 51 58 88 47
06-17 22:19:20.044  1307  1391 E SQLiteLog: (11)  - 25 46 55 F8 30 0F 00 28 77 D1 26 46 56 F8 2C 0F 00 28 76 D1 27 46 57 F8 28 0F 01 68 00 29 74 D1
06-17 22:19:20.044  1307  1391 E SQLiteLog: (11)  - 6E 4B 7B 44 98 42 40 F0 84 80 60 6A 01 68 00 29 40 F0 88 80 98 42 40 F0 9A 80 20 7F 00 28 00 F0
06-17 22:19:20.044  1307  1391 E SQLiteLog: (11)  - 9F 80 20 7C 04 F1 08 06 00 28 00 F0 A7 80 60 68 01 68 A9 B9 98 42 0C D1 06 98 61 49 79 44 09 68
06-17 22:19:20.044  1307  1391 E SQLiteLog: (11)  - 09 68 81 42 02 BF 20 46 07 B0 BD E8 F0 83 28 F6 8D DD 41 68 B1 F1 FF 3F 2C DD 28 F6 81 DD EB E7
06-17 22:19:20.044  1307  1391 E SQLiteLog: (11)  - 01 EB 41 01 00 F1 08 05 05 EB 81 07 29 89 28 68 4A 07 05 D4 09 07 24 D4 0C 35 BD 42 F6 D1 14 E0
06-17 22:19:20.044  1307  1391 E SQLiteLog: (11)  - 08 38 98 46 BF F3 5B 8F 50 E8 00 1F 4A 1E 40 E8 00 23 00 2B F8 D1 01 29 43 46 ED D1 01 68 BF F3
06-17 22:19:20.044  1307  1391 E SQLiteLog: (11)  - 5B 8F 28 F6 5D DD 43 46 E6 E7 60 68 00 21 01 60 60 68 BF E7 B0 42 1C BF 04 F1 0C 01 88 42 BB D0
06-17 22:19:20.044  1307  1391 E SQLiteLog: (11)  - CB E7 98 46 ED E7 00 28 3F F4 7A AF 14 21 74 E7 00 28 3F F4 85 AF 14 21 7F E7 01 68 89 68 88 47
06-17 22:19:20.044  1307  1391 E SQLiteLog: (11)  - 83 E7 01 68 89 68 88 47 84 E7 00 F1 08 08 4F EA 81 09 D8 F8 00 00 00 28 18 BF 3F F6 77 DC B9 F1
06-17 22:19:20.044  1307  1391 E SQLiteLog: (11)  - 04 09 08 F1 04 08 F4 D1 38 68 00 21 01 60 38 68 76 E7 41 68 B1 F1 FF 3F 3C DD 1D 46 28 F6 20 DD
06-17 22:19:20.044  1307  1391 E SQLiteLog: (11)  - 2B 46 72 E7 00 F1 08 05 99 46 4F EA 81 08 28 68 00 28 18 BF 3F F6 5C DC B8 F1 04 08 05 F1 04 05
06-17 22:19:20.044  1307  1391 E SQLiteLog: (11)  - F5 D1 60 6A 00 21 4B 46 01 60 60 6A 62 E7 41 68 B1 F1 FF 3F 24 DD 1D 46 28 F6 02 DD 2B 46 5C E7
06-17 22:19:20.044  1307  1391 E SQLiteLog: (11)  - 04 F1 14 00 01 68 81 42 1F BF A2 69 11 60 D4 E9 05 12 4A 60 18 BF C4 E9 05 00 52 E7 30 68 B0 42
06-17 22:19:20.044  1307  1391 E SQLiteLog: (11)  - 1F BF E1 68 08 60 D4 E9 02 01 41 60 18 BF C4 E9 02 66 4C E7 B0 42 18 BF A8 42 3F F4 36 AF BC E7
06-17 22:19:20.044  1307  1391 E SQLiteLog: (11)  - B8 42 18 BF B0 42 3F F4 38 AF D4 E7 EC 2B 01 02 6E 55 25 02 74 35 01 02 76 35 01 02 9A C4 DE FC
06-17 22:19:20.044  1307  1391 E SQLiteLog: (11)  - BC 54 25 02 2D E9 F0 4F C7 B0 42 4A 03 AF 3E 1D 7A 44 12 68 12 68 46 92 40 22 C8 F2 00 02 44 69
06-17 22:19:20.044  1307  1391 E SQLiteLog: (11)  - 05 92 00 22 04 92 03 96 20 7A 3B 4D 7D 44 D8 B1 30 46 A8 42 09 D0 41 68 B1 F1 FF 3F 11 DC B0 42
06-17 22:19:20.044  1307  1391 E SQLiteLog: (11)  - 1C BF 07 F1 08 01 88 42 0B D1 46 98 33 49 79 44 09 68 09 68 81 42 04 BF 47 B0 BD E8 F0 8F 28 F6
06-17 22:19:20.044  1307  1391 E SQLiteLog: (11)  - A5 DC 28 F6 9D DC F0 E7 0D F1 0C 08 0D F1 08 09 8A 46 20 1F 02 90 40 46 49 46 B3 F0 19 F0 24 68
06-17 22:19:20.044  1307  1391 E SQLiteLog: (11)  - 20 7A 00 28 F5 D0 03 98 00 21 8D F8 03 10 D0 F8 00 B0 BB F1 00 0F CC D0 0D F1 08 08 0D F1 04 09
06-17 22:19:20.044  1307  1391 E SQLiteLog: (11)  - 00 24 59 46 00 EB 84 02 92 68 13 69 83 B1 DA F8 10 00 0D F1 03 01 02 92 01 91 20 B3 01 68 4A 46
06-17 22:19:20.044  1307  1391 E SQLiteLog: (11)  - 8B 69 41 46 98 47 03 98 9D F8 03 20 01 68 12 B9 01 34 5C 45 19 D1 00 29 18 BF A8 42 A9 D0 00 F1
06-17 22:19:20.044  1307  1391 E SQLiteLog: (11)  - 08 04 4F EA 81 08 20 68 00 28 1E BF 01 68 89 68 88 47 B8 F1 04 08 04 F1 04 04 F4 D1 03 98 00 21
06-17 22:19:20.044  1307  1391 E SQLiteLog: (11)  - 01 60 03 98 95 E7 29 F6 71 D8 A1 42 CA D8 20 46 29 F6 4A D9 28 53 25 02 B0 C2 DE FC EA 52 25 02
06-17 22:19:20.044  1307  1391 E SQLiteLog: (11)  - 2D E9 F0 41 04 46 54 F8 04 1F 09 68 5D 4E 00 29 7E 44 4A D1 04 46 54 F8 28 1F B1 42 13 D1 41 6A
06-17 22:19:20.044  1307  1391 E SQLiteLog: (11)  - B1 42 52 D1 C1 6A 00 24 C4 62 00 29 79 D1 01 6B 04 63 00 29 08 BF BD E8 F0 81 08 68 82 68 08 46
06-17 22:19:20.044  1307  1391 E SQLiteLog: (11)  - BD E8 F0 41 10 47 0A 68 72 B1 01 F1 08 07 95 00 80 46 38 68 00 28 18 BF 3F F6 58 DB 04 3D 07 F1
06-17 22:19:20.044  1307  1391 E SQLiteLog: (11)  - 04 07 40 46 F4 D1 21 68 00 22 0A 60 21 68 B1 42 D5 D0 4A 68 B2 F1 FF 3F 10 DC 00 F1 2C 05 A9 42
06-17 22:19:20.044  1307  1391 E SQLiteLog: (11)  - 1C BF 00 F1 30 02 91 42 C9 D0 07 46 08 46 28 F6 F7 DB 00 21 38 46 29 60 25 60 C0 E7 05 46 08 46
06-17 22:19:20.044  1307  1391 E SQLiteLog: (11)  - 28 F6 EE DB 28 46 26 60 B9 E7 80 46 36 48 78 44 00 68 28 F6 67 DE D8 B3 20 46 01 21 3F F6 2E DB
06-17 22:19:20.044  1307  1391 E SQLiteLog: (11)  - 20 46 2D F3 AF F8 40 46 A4 E7 80 46 08 68 68 B1 01 F1 08 05 87 00 28 68 00 28 18 BF 3F F6 18 DB
06-17 22:19:20.044  1307  1391 E SQLiteLog: (11)  - 04 3F 05 F1 04 05 F6 D1 D8 F8 24 10 00 20 08 60 40 46 D8 F8 24 10 B1 42 94 D0 48 68 B0 F1 FF 3F
06-17 22:19:20.044  1307  1391 E SQLiteLog: (11)  - 39 DC A1 42 40 46 1C BF 00 F1 2C 02 91 42 3F F4 89 AF 08 46 28 F6 B4 DB 40 46 00 21 C0 E9 09 41
06-17 22:19:20.044  1307  1391 E SQLiteLog: (11)  - 80 E7 0A 68 05 46 08 46 92 68 90 47 28 46 7E E7 0C 20 28 F6 CF DB 07 46 14 48 3D 46 21 46 78 44
06-17 22:19:20.044  1307  1391 E SQLiteLog: (11)  - 0C 22 08 30 38 60 00 20 04 23 45 F8 04 0F 38 46 40 F8 08 6F 44 F1 1A F7 55 E8 00 0F 01 30 45 E8
06-17 22:19:20.044  1307  1391 E SQLiteLog: (11)  - 00 01 00 29 F8 D1 38 46 00 21 22 F5 43 F5 38 46 55 F4 E4 DE A7 E7 08 46 28 F6 82 DB 40 46 C8 F8
06-17 22:19:20.044  1307  1391 E SQLiteLog: (11)  - 24 60 4F E7 AC C1 DE FC DA 44 31 02 2A 2E 01 02 10 B5 01 F1 44 00 0C 46 3F F6 6A DA 04 F1 38 00
06-17 22:19:20.044  1307  1391 E SQLiteLog: (11)  - 2E F5 08 DC 20 6C 00 28 1C BF 00 21 41 60 E0 6D 00 21 E1 65 20 B9 20 46 BD E8 10 40 FF F7 20 BF
06-17 22:19:20.044  1307  1391 E SQLiteLog: (11)  - 01 68 89 68 88 47 F6 E7 F0 B5 81 B0 01 F1 98 00 0C 46 2E F5 EF DB 7B 48 78 44 05 68 55 B1 04 F1
06-17 22:19:20.044  1307  1391 E SQLiteLog: (11)  - 50 01 28 46 E7 F5 FE D0 00 28 1E BF 01 46 28 46 BB F6 D1 D2 D4 F8 C8 00 00 25 C4 F8 C8 50 00 28
06-17 22:19:20.044  1307  1391 E SQLiteDatabase: PRAGMA integrity_check on /data/user/0/com.sec.android.app.launcher/databases/app_icons.db returned: *** in database main ***
06-17 22:19:20.044  1307  1391 E SQLiteDatabase: Page 4: btreeInitPage() returns error code 11
06-17 22:19:20.044  1307  1391 E DefaultDatabaseErrorHandler: !@ Back up corrupted DB File : /data/user/0/com.sec.android.app.launcher/databases/app_icons.db
06-17 22:19:20.044  1307  1391 W SQLiteLog: (28) file renamed while open: /data/user/0/com.sec.android.app.launcher/databases/app_icons.db
06-17 22:19:20.044   678   757 D UsbDebuggingManager: startConfirmation
06-17 22:19:20.044   678   757 D UsbDebuggingManager: startConfirmationActivity
06-17 22:19:20.044   256   992 D SocketClient: SocketClient sendData done:
06-17 22:19:20.054  1307  1391 E AndroidRuntime: FATAL EXCEPTION: launcher-loader
06-17 22:19:20.054  1307  1391 E AndroidRuntime: Process: com.sec.android.app.launcher, PID: 1307
06-17 22:19:20.054  1307  1391 E AndroidRuntime: android.database.sqlite.SQLiteDatabaseCorruptException: database disk image is malformed (code 11)
06-17 22:19:20.054  1307  1391 E AndroidRuntime: #################################################################
06-17 22:19:20.054  1307  1391 E AndroidRuntime: Error Code : 11 (SQLITE_CORRUPT)
06-17 22:19:20.054  1307  1391 E AndroidRuntime: Caused By : The database disk image is malformed.
06-17 22:19:20.054  1307  1391 E AndroidRuntime:        (database disk image is malformed (code 11))
06-17 22:19:20.054  1307  1391 E AndroidRuntime: #################################################################
06-17 22:19:20.054  1307  1391 E AndroidRuntime:        at android.database.sqlite.SQLiteConnection.nativeExecuteForChangedRowCount(Native Method)
06-17 22:19:20.054  1307  1391 E AndroidRuntime:        at android.database.sqlite.SQLiteConnection.executeForChangedRowCount(SQLiteConnection.java:814)
06-17 22:19:20.054  1307  1391 E AndroidRuntime:        at android.database.sqlite.SQLiteSession.executeForChangedRowCount(SQLiteSession.java:754)
06-17 22:19:20.054  1307  1391 E AndroidRuntime:        at android.database.sqlite.SQLiteStatement.executeUpdateDelete(SQLiteStatement.java:64)
06-17 22:19:20.054  1307  1391 E AndroidRuntime:        at android.database.sqlite.SQLiteDatabase.delete(SQLiteDatabase.java:1663)
06-17 22:19:20.054  1307  1391 E AndroidRuntime:        at com.android.launcher3.common.model.IconCache.removeIconsForPkg(IconCache.java)
06-17 22:19:20.054  1307  1391 E AndroidRuntime:        at com.android.launcher3.LauncherModel$PackageUpdatedTask.run(LauncherModel.java)
06-17 22:19:20.054  1307  1391 E AndroidRuntime:        at android.os.Handler.handleCallback(Handler.java:739)
06-17 22:19:20.054  1307  1391 E AndroidRuntime:        at android.os.Handler.dispatchMessage(Handler.java:95)
06-17 22:19:20.054  1307  1391 E AndroidRuntime:        at android.os.Looper.loop(Looper.java:148)
06-17 22:19:20.054  1307  1391 E AndroidRuntime:        at android.os.HandlerThread.run(HandlerThread.java:61)
06-17 22:19:20.054  1111  1111 D StatusBar-Window: fnf=true sanc=false, kni=false, sbf=false
06-17 22:19:20.054  1111  1111 D CoverUI : applyFocusableFlag() : Remove SAMSUNG_FLAG_SVIEW_COVER
06-17 22:19:20.054  1111  1111 D StatusBarWindowManager: forceCollapsed : false isKeyguardShowingAndNotOccluded() : false panelVisible : false keyguardFadingAway : false bouncerShowing : false headsUpShowing : false
06-17 22:19:20.054  1111  1111 D CoverUI : applyHeight h = 36, oc = false, fa = false, ac = false, sc = false
06-17 22:19:20.054  1111  1111 D CoverUI : applyInternal: false height: 36
06-17 22:19:20.054  1111  1111 D StatusBar-Window: fnf=true sanc=false, kni=false, sbf=false
06-17 22:19:20.054  1111  1111 D CoverUI : applyFocusableFlag() : Remove SAMSUNG_FLAG_SVIEW_COVER
06-17 22:19:20.054  1111  1111 D StatusBarWindowManager: forceCollapsed : false isKeyguardShowingAndNotOccluded() : false panelVisible : false keyguardFadingAway : false bouncerShowing : false headsUpShowing : false
06-17 22:19:20.054  1111  1111 D CoverUI : applyHeight h = 36, oc = false, fa = false, ac = false, sc = false
06-17 22:19:20.054  1111  1111 D CoverUI : applyInternal: false height: 36
06-17 22:19:20.054  2333  2969 W art     : Verification of void aaqs.<init>(aaqs, bplq, boad, awpg, bqzb) took 129.023ms
06-17 22:19:20.054   256  3061 D libc-netbsd: res_queryN succeed
06-17 22:19:20.054   678   757 D ActivityManager: AppLocked getMultiWindowStyle:null
06-17 22:19:20.054   678   757 D ActivityManager: AppLocked isLaunchedFromRecents:false hasMultiWindowStyle:false not normal : false
06-17 22:19:20.054   678   757 D ActivityManager: mDVFSHelper.acquire()
06-17 22:19:20.064   235   235 I BufferQueueConsumer: [StatusBar](this:0xb3245400,id:7,api:1,p:1111,c:235) setDefaultBufferSize: width=540 height=36
06-17 22:19:20.064  2476  3059 D libc-netbsd: getaddrinfo: get result from proxy gai_error = 0
06-17 22:19:20.064   256  3061 D SocketClient: SocketClient sendData done: 222
06-17 22:19:20.064   256  3061 D SocketClient: SocketClient sendData done:
06-17 22:19:20.064   256  3061 D SocketClient: SocketClient sendData done:
06-17 22:19:20.064   256  3061 D SocketClient: SocketClient sendData done:
06-17 22:19:20.064   256  3061 D SocketClient: SocketClient sendData done:
06-17 22:19:20.064   256  3061 D SocketClient: SocketClient sendData done:
06-17 22:19:20.064   256  3061 D SocketClient: SocketClient sendData done:
06-17 22:19:20.064   256  3061 D SocketClient: SocketClient sendData done:
06-17 22:19:20.064   256  3061 D SocketClient: SocketClient sendData done:
06-17 22:19:20.064   256  3061 D SocketClient: SocketClient sendData done:
06-17 22:19:20.064   678   757 D ConnectivityService: returning getNetworkInfo for network type 1 : [type: WIFI[] - WIFI, state: CONNECTED/CONNECTED, reason: (unspecified), extra: "Wi-fi 79", roaming: false, failover: false, isAvailable: true] /UID : 1000 , PID : 678
06-17 22:19:20.074   235  2781 D BufferQueueProducer: [StatusBar](this:0xb3245400,id:7,api:1,p:1111,c:235) cancelBuffer: slot 1
06-17 22:19:20.074  1111  1429 D Surface : Surface::disconnect(this=0x984caa00,api=1)
06-17 22:19:20.074  1111  1429 D GraphicBuffer: unregister, handle(0xae3b5f40) (w:540 h:960 s:544 f:0x1 u:0x000b00)
06-17 22:19:20.074  1111  1429 I [MALI][Gralloc]: [-]r_hnd(0xae3b5f40), client(63), share_fd(61)
06-17 22:19:20.074  1111  1429 D GraphicBuffer: unregister, handle(0xae3b4e60) (w:540 h:960 s:544 f:0x1 u:0x000b00)
06-17 22:19:20.074  1111  1429 I [MALI][Gralloc]: [-]r_hnd(0xae3b4e60), client(63), share_fd(68)
06-17 22:19:20.074  1111  1429 D GraphicBuffer: unregister, handle(0xae3b4500) (w:540 h:960 s:544 f:0x1 u:0x000b00)
06-17 22:19:20.074  1111  1429 I [MALI][Gralloc]: [-]r_hnd(0xae3b4500), client(63), share_fd(69)
06-17 22:19:20.074   235   326 I BufferQueueProducer: [StatusBar](this:0xb3245400,id:7,api:1,p:-1,c:235) disconnect(P): api 1
06-17 22:19:20.074   235   326 I BufferQueueConsumer: [StatusBar](this:0xb3245400,id:7,api:1,p:-1,c:235) getReleasedBuffers: returning mask 0xffffffffffffffff
06-17 22:19:20.074   235   326 D GraphicBuffer: free, handle(0xb59ec780) (w:540 h:960 s:544 f:0x1 u:0x000b00)
06-17 22:19:20.074   235   326 I [MALI][Gralloc]: [-]hnd(0xb59ec780), client(30), share_fd(35)
06-17 22:19:20.074   678   757 D ActivityTrigger: ActivityTrigger activityPauseTrigger
06-17 22:19:20.074   256   992 D SocketClient: SocketClient sendData done:
06-17 22:19:20.074   678   757 V WindowManager: addAppToken: AppWindowToken{e35a93c token=Token{e597f2f ActivityRecord{87df90e u0 com.android.systemui/.usb.UsbDebuggingActivity t28}}} to stack=1 task=28 at 0
06-17 22:19:20.084   235   326 D GraphicBuffer: free, handle(0xb58a3700) (w:540 h:960 s:544 f:0x1 u:0x000b00)
06-17 22:19:20.084   235   326 I [MALI][Gralloc]: [-]hnd(0xb58a3700), client(30), share_fd(69)
06-17 22:19:20.084  1111  1429 D Surface : Surface::connect(this=0x984caa00,api=1)
06-17 22:19:20.084   235  2103 I BufferQueueProducer: [StatusBar](this:0xb3245400,id:7,api:1,p:1111,c:235) connect(P): api=1 producer=(1111:com.android.systemui) producerControlledByApp=true
06-17 22:19:20.084   678   757 I BufferQueue: [unnamed-678-2](this:0x8ae93c00,id:2,api:0,p:-1,c:-1) BufferQueue core=(678:system_server)
06-17 22:19:20.084   678   757 I BufferQueueConsumer: [unnamed-678-2](this:0x8ae93c00,id:2,api:0,p:-1,c:678) connect(C): consumer=(678:system_server) controlledByApp=false
06-17 22:19:20.084   678   757 I BufferQueueConsumer: [unnamed-678-2](this:0x8ae93c00,id:2,api:0,p:-1,c:678) setConsumerName: unnamed-678-2
06-17 22:19:20.084   678   757 I BufferQueueConsumer: [ScreenshotClient](this:0x8ae93c00,id:2,api:0,p:-1,c:678) setConsumerName: ScreenshotClient
06-17 22:19:20.084   235   235 D Surface : Surface::connect(this=0xb3260200,api=1)
06-17 22:19:20.084   678   757 I BufferQueueProducer: [ScreenshotClient](this:0x8ae93c00,id:2,api:1,p:235,c:678) connect(P): api=1 producer=(235:/system/bin/surfaceflinger) producerControlledByApp=false
06-17 22:19:20.094  1111  1429 D mali_winsys: new_window_surface returns 0x3000
06-17 22:19:20.094  1111  1111 D KeyguardEffectViewController: onLayoutChange() v: com.android.keyguard.effect.EffectBehindView{deb8867 I.E...... ......ID 0,0-540,36 #7f0e03e7 app:id/keyguard_effect_behind}, bottom : 36, oldBottom : 960
06-17 22:19:20.094  1111  1111 D KeyguardEffectViewController: mShowing=false, mOccluded=false, mKeyguardFadingAway=false, match_parent=false
06-17 22:19:20.094   678   757 I BufferQueueProducer: [ScreenshotClient](this:0x8ae93c00,id:2,api:1,p:235,c:678) new GraphicBuffer needed
06-17 22:19:20.094   235  1023 I [MALI][Gralloc]: [+]hnd(0xb58a23a0), client(30), share_fd(35), hnd->flags:4
06-17 22:19:20.094   235  1023 D GraphicBuffer: alloc, handle(0xb58a23a0) (w:480 h:480 s:480 f:0x1 u:0x000333) err(0)
06-17 22:19:20.094  1111  1111 D ScrollView:  onsize change changed
06-17 22:19:20.094   678   757 I [MALI][Gralloc]: [+]r_hnd(0x95e2d120), client(300), share_fd(303)
06-17 22:19:20.094   678   757 D GraphicBuffer: register, handle(0x95e2d120) (w:480 h:480 s:480 f:0x1 u:0x000333)
06-17 22:19:20.094   235  2781 D GraphicBuffer: free, handle(0xb58a23a0) (w:480 h:480 s:480 f:0x1 u:0x000333)
06-17 22:19:20.094   235  2781 I [MALI][Gralloc]: [-]hnd(0xb58a23a0), client(30), share_fd(35)
06-17 22:19:20.094  1111  1454 D NetworkController.MobileSignalController(0/2147483643): onSignalStrengthsChanged signalStrength=SignalStrength: 20 99 -20 -200 -20 -200 -1 99 2147483647 2147483647 2147483647 2147483647 2147483647 0x4 gsm|lte level=4
06-17 22:19:20.094  1111  1454 D NetworkController.MobileSignalController(0/2147483643): getMobileIconGroup(): 0
06-17 22:19:20.104   235   235 I [MALI][Gralloc]: [+]r_hnd(0xb58a0320), client(30), share_fd(67)
06-17 22:19:20.104   235   235 D GraphicBuffer: register, handle(0xb58a0320) (w:480 h:480 s:480 f:0x1 u:0x000333)
06-17 22:19:20.104   235   235 D Surface : Surface::disconnect(this=0xb3260200,api=1)
06-17 22:19:20.104   678   757 I BufferQueueProducer: [ScreenshotClient](this:0x8ae93c00,id:2,api:1,p:-1,c:678) disconnect(P): api 1
06-17 22:19:20.104  1111  1111 W View    : requestLayout() improperly called by com.android.systemui.qs.QSContainer{746f7bc V.E...... ......ID 0,135-540,383 #7f0e024b app:id/quick_settings_container} during layout: running second layout pass
06-17 22:19:20.104  1111  1111 I ViewRootImpl: requestLayout is already in process
06-17 22:19:20.104   678   757 I BufferQueueConsumer: [ScreenshotClient](this:0x8ae93c00,id:2,api:1,p:-1,c:678) getReleasedBuffers: returning mask 0xffffffffffffffff
06-17 22:19:20.114   235   335 D GraphicBuffer: unregister, handle(0xb58a0320) (w:480 h:480 s:480 f:0x1 u:0x000333)
06-17 22:19:20.114   235   335 I [MALI][Gralloc]: [-]r_hnd(0xb58a0320), client(30), share_fd(67)
06-17 22:19:20.114   678   757 I BufferQueueConsumer: [ScreenshotClient](this:0x8ae93c00,id:2,api:1,p:-1,c:-1) disconnect(C)
06-17 22:19:20.114   678   757 D GraphicBuffer: unregister, handle(0x95e2d120) (w:480 h:480 s:480 f:0x1 u:0x000333)
06-17 22:19:20.114   678   757 I [MALI][Gralloc]: [-]r_hnd(0x95e2d120), client(300), share_fd(303)
06-17 22:19:20.114   678   757 I BufferQueue: [ScreenshotClient](this:0x8ae93c00,id:2,api:1,p:-1,c:-1) ~BufferQueueCore
06-17 22:19:20.124   235   326 I BufferQueueProducer: [StatusBar](this:0xb3245400,id:7,api:1,p:1111,c:235) new GraphicBuffer needed
06-17 22:19:20.124   235   326 I [MALI][Gralloc]: [+]hnd(0xb58a3700), client(30), share_fd(35), hnd->flags:4
06-17 22:19:20.124   235   326 D GraphicBuffer: alloc, handle(0xb58a3700) (w:540 h:36 s:544 f:0x1 u:0x000b00) err(0)
06-17 22:19:20.124   678   757 D InputDispatcher: Focused application set to: xxxx
06-17 22:19:20.124  1111  1429 I [MALI][Gralloc]: [+]r_hnd(0xae3b4500), client(63), share_fd(68)
06-17 22:19:20.124  1111  1429 D GraphicBuffer: register, handle(0xae3b4500) (w:540 h:36 s:544 f:0x1 u:0x000b00)
06-17 22:19:20.124  2333  2345 W art     : Suspending all threads took: 63.265ms
06-17 22:19:20.124   678   757 D InputDispatcher: Focus left window: 2955
06-17 22:19:20.124   235  1023 I BufferQueueProducer: [StatusBar](this:0xb3245400,id:7,api:1,p:1111,c:235) new GraphicBuffer needed
06-17 22:19:20.124   235  1023 I [MALI][Gralloc]: [+]hnd(0xb58a24e0), client(30), share_fd(51), hnd->flags:4
06-17 22:19:20.124   235  1023 D GraphicBuffer: alloc, handle(0xb58a24e0) (w:540 h:36 s:544 f:0x1 u:0x000b00) err(0)
06-17 22:19:20.124   678   850 D PointerIcon: setMouseIconStyle1 pointerType: 1001 iconType:101 flag:0 pid:678 uid:1000
06-17 22:19:20.124   678   850 D PointerIcon: setMouseCustomIcon IconType is same.101
06-17 22:19:20.124   678   755 D StatusBarManagerService: manageDisableList userId=0 what=0x0 pkg=Window{77ffe15 u0 d0 p1307 com.sec.android.app.launcher/com.sec.android.app.launcher.activities.LauncherActivity}
06-17 22:19:20.134  1111  1429 I [MALI][Gralloc]: [+]r_hnd(0xae3b4e60), client(63), share_fd(70)
06-17 22:19:20.134  1111  1429 D GraphicBuffer: register, handle(0xae3b4e60) (w:540 h:36 s:544 f:0x1 u:0x000b00)
06-17 22:19:20.134   235   235 D GraphicBuffer: free, handle(0xb58a12c0) (w:540 h:960 s:544 f:0x1 u:0x000b00)
06-17 22:19:20.134   235   235 I [MALI][Gralloc]: [-]hnd(0xb58a12c0), client(30), share_fd(34)
06-17 22:19:20.134  1111  1111 D PowerUI.ChargerAnimationView: Animation is running
06-17 22:19:20.134   235  1023 I BufferQueueProducer: [StatusBar](this:0xb3245400,id:7,api:1,p:1111,c:235) new GraphicBuffer needed
06-17 22:19:20.134  1183  1183 D Recents : onTaskStackChanged
06-17 22:19:20.144   235  1023 I [MALI][Gralloc]: [+]hnd(0xb58a1400), client(30), share_fd(61), hnd->flags:4
06-17 22:19:20.144   235  1023 D GraphicBuffer: alloc, handle(0xb58a1400) (w:540 h:36 s:544 f:0x1 u:0x000b00) err(0)
06-17 22:19:20.144  1111  1429 I [MALI][Gralloc]: [+]r_hnd(0xae3b5f40), client(63), share_fd(76)
06-17 22:19:20.144  1111  1429 D GraphicBuffer: register, handle(0xae3b5f40) (w:540 h:36 s:544 f:0x1 u:0x000b00)
06-17 22:19:20.144  1111  1111 D PhoneStatusBar: setSystemUiVisibility vis=8700 mask=ffffffff oldVal=8000 newVal=8700 diff=700
06-17 22:19:20.144   678   678 D GameManagerService: NotifyRunnable. pkg: com.android.systemui, type: 4, isMinimized: false, isTunableApp: false
06-17 22:19:20.144   678   678 D GameManagerService: unexpected mPrevNotiType: -1
06-17 22:19:20.164   678   752 V MARsPolicyManager: updatePackagesScore PackageInfo name -- com.android.systemui
06-17 22:19:20.164   678   752 E MARsPolicyManager: getPackageInfo package com.topjohnwu.magisk not installed!
06-17 22:19:20.164   678  1043 V NetworkPolicy: getFirewallRuleWifi UID:10045 policy:0
06-17 22:19:20.174   678  2252 W ActivityManager:   Force finishing activity com.sec.android.app.launcher/.activities.LauncherActivity
06-17 22:19:20.174   678  1043 D NetworkPolicy: isUidForegroundLocked: 10022, mScreenOn: true, uidstate: 12, mProxSensorScreenOff: false
06-17 22:19:20.174   678  1043 V NetworkPolicy: getFirewallRuleWifi UID:10022 policy:0
06-17 22:19:20.184  2983  2983 E CII     : CommonIMSInterface: VoLTE CSC feature disabled.
06-17 22:19:20.184   678  3068 E android.os.Debug: ro.product_ship = true
06-17 22:19:20.184   678  3068 E android.os.Debug: ro.debug_level = 0x4f4c
06-17 22:19:20.184   678  3068 E android.os.Debug: sys.mobilecare.preload = false
06-17 22:19:20.194  2983  2983 E CII     : CommonIMSInterface: VoLTE CSC feature disabled.
06-17 22:19:20.204   678  1227 E Watchdog: !@Sync 1 [06-17 22:19:20.214]
06-17 22:19:20.224   678  2598 V AlarmManager: setInexact (T:3/F:0/AC:false) 20250617T221944 - CU:10018/CP:1283
06-17 22:19:20.234   256   992 D SocketClient: SocketClient sendData done:
06-17 22:19:20.254  2983  2983 D ConnectivityManager: getMobileDataEnabled()+ subId=-1
06-17 22:19:20.254  1087  1448 D PhoneInterfaceManager: [PhoneIntfMgr] getDataEnabled: subId=-1 phoneId=-1
06-17 22:19:20.254  1087  1448 E PhoneInterfaceManager: [PhoneIntfMgr] getDataEnabled: no phone subId=-1 retVal=false
06-17 22:19:20.254  2983  2983 D ConnectivityManager: getMobileDataEnabled()- subId=-1 retVal=false
06-17 22:19:20.254  2983  2983 W Settings: Setting data_roaming has moved from android.provider.Settings.System to android.provider.Settings.Global, returning read-only value.
06-17 22:19:20.254   256   993 D SocketClient: SocketClient sendData done: 200 117 Bandwidth command succeeeded
06-17 22:19:20.264  2983  2983 W Settings: Setting mobile_data has moved from android.provider.Settings.Secure to android.provider.Settings.Global, returning global URI.
06-17 22:19:20.264  2983  2983 W Settings: Setting airplane_mode_on has moved from android.provider.Settings.System to android.provider.Settings.Global, returning read-only global URI.
06-17 22:19:20.274  1111  1111 D ViewRootImpl: #1 mView = com.android.internal.policy.PhoneWindow$DecorView{13b08fe I.E...... R.....I. 0,0-0,0}
06-17 22:19:20.274   235   326 I SurfaceFlinger: EventThread Client Pid (678) created
06-17 22:19:20.274   678   755 D ViewRootImpl: #1 mView = com.android.internal.policy.PhoneWindow$DecorView{e81a270 V.E...... R.....I. 0,0-0,0}
06-17 22:19:20.274   678  2601 D ActivityManager: post active user change for 0 fullscreen false isFloatingActivity() false isHomeActivity() false
06-17 22:19:20.274   678  2601 W PersonaManagerService: timeout handler is null when posting active user change
06-17 22:19:20.274   256   992 D SocketClient: SocketClient sendData done:
06-17 22:19:20.284   235   235 I BufferQueue: [unnamed-235-31](this:0xb188b000,id:31,api:0,p:-1,c:-1) BufferQueue core=(235:/system/bin/surfaceflinger)
06-17 22:19:20.284   235   235 I BufferQueueConsumer: [unnamed-235-31](this:0xb188b000,id:31,api:0,p:-1,c:235) connect(C): consumer=(235:/system/bin/surfaceflinger) controlledByApp=false
06-17 22:19:20.284   235   235 I BufferQueueConsumer: [unnamed-235-31](this:0xb188b000,id:31,api:0,p:-1,c:235) setConsumerName: unnamed-235-31
06-17 22:19:20.284   235   235 I BufferQueueConsumer: [com.android.systemui/com.android.systemui.usb.UsbDebuggingActivity](this:0xb188b000,id:31,api:0,p:-1,c:235) setConsumerName: com.android.systemui/com.android.systemui.usb.UsbDebuggingActivity
06-17 22:19:20.284   235   235 I BufferQueueConsumer: [com.android.systemui/com.android.systemui.usb.UsbDebuggingActivity](this:0xb188b000,id:31,api:0,p:-1,c:235) setDefaultBufferSize: width=7 height=7
06-17 22:19:20.284   235   235 I SurfaceFlinger: id=31 createSurf (7x7),1 flag=4, VsbDebuggin
06-17 22:19:20.284   235   324 I SurfaceFlinger: EventThread Client Pid (678) created
06-17 22:19:20.284   678  3070 D OpenGLRenderer: Use EGL_SWAP_BEHAVIOR_PRESERVED: true
06-17 22:19:20.284  1307  1307 D Launcher: onDestroy:
06-17 22:19:20.284  1307  1307 D Launcher.Model: stopLoader
06-17 22:19:20.284  1307  1307 D Launcher.Model: unbindItemInfosAndClearQueuedBindRunnables:
06-17 22:19:20.294   678  1558 D SecContentProvider2: query(), uri = 18 selection = isCopyContactToSimAllowed
06-17 22:19:20.294   235   235 I BufferQueueConsumer: [com.android.systemui/com.android.systemui.usb.UsbDebuggingActivity](this:0xb188b000,id:31,api:0,p:-1,c:235) setDefaultBufferSize: width=507 height=508
06-17 22:19:20.304   678  2599 D InputDispatcher: Focus entered window: 1111
06-17 22:19:20.304  1111  1429 D Surface : Surface::connect(this=0x984c9500,api=1)
06-17 22:19:20.304   235   324 I BufferQueueProducer: [com.android.systemui/com.android.systemui.usb.UsbDebuggingActivity](this:0xb188b000,id:31,api:1,p:1111,c:235) connect(P): api=1 producer=(1111:com.android.systemui) producerControlledByApp=true
06-17 22:19:20.304  1111  1429 D mali_winsys: new_window_surface returns 0x3000
06-17 22:19:20.304  1111  1111 D Surface : Surface::allocateBuffers(this=0x984c9500)
06-17 22:19:20.304   235   326 D BufferQueueProducer: [com.android.systemui/com.android.systemui.usb.UsbDebuggingActivity](this:0xb188b000,id:31,api:1,p:1111,c:235) allocateBuffers: allocating from 0 buffers up to 4 buffers
06-17 22:19:20.304   235   326 I [MALI][Gralloc]: [+]hnd(0xb59ec780), client(30), share_fd(67), hnd->flags:4
06-17 22:19:20.304   235   326 D GraphicBuffer: alloc, handle(0xb59ec780) (w:507 h:508 s:512 f:0x1 u:0x000b00) err(0)
06-17 22:19:20.304   678   755 D InputDispatcher: Focus left window: 1111
06-17 22:19:20.304   678   755 D InputDispatcher: Focus entered window: 678
06-17 22:19:20.304   235   326 I [MALI][Gralloc]: [+]hnd(0xb58a19a0), client(30), share_fd(69), hnd->flags:4
06-17 22:19:20.304   235   326 D GraphicBuffer: alloc, handle(0xb58a19a0) (w:507 h:508 s:512 f:0x1 u:0x000b00) err(0)
06-17 22:19:20.304   235   326 I [MALI][Gralloc]: [+]hnd(0xb58a1cc0), client(30), share_fd(86), hnd->flags:4
06-17 22:19:20.304   235   326 D GraphicBuffer: alloc, handle(0xb58a1cc0) (w:507 h:508 s:512 f:0x1 u:0x000b00) err(0)
06-17 22:19:20.304   678   850 D PointerIcon: setMouseIconStyle1 pointerType: 1001 iconType:101 flag:0 pid:678 uid:1000
06-17 22:19:20.304   678   850 D PointerIcon: setMouseCustomIcon IconType is same.101
06-17 22:19:20.304   235   326 I [MALI][Gralloc]: [+]hnd(0xb58a1e00), client(30), share_fd(87), hnd->flags:4
06-17 22:19:20.304   235   326 D GraphicBuffer: alloc, handle(0xb58a1e00) (w:507 h:508 s:512 f:0x1 u:0x000b00) err(0)
06-17 22:19:20.304   678   850 D PointerIcon: setMouseIconStyle1 pointerType: 1001 iconType:101 flag:0 pid:678 uid:1000
06-17 22:19:20.304   235   326 D BufferQueueProducer: [com.android.systemui/com.android.systemui.usb.UsbDebuggingActivity](this:0xb188b000,id:31,api:1,p:1111,c:235) allocateBuffers: allocating from 4 buffers up to 4 buffers
06-17 22:19:20.304   678   850 D PointerIcon: setMouseCustomIcon IconType is same.101
06-17 22:19:20.304   678  1059 D SettingsProvider: isChangeAllowed() : name = audio_safe_volume_state
06-17 22:19:20.304   678   755 V MARsPolicyManager: handelAlertToastWindowStarted pkgName = android
06-17 22:19:20.314  1111  1111 D ScrollView:  onsize change changed
06-17 22:19:20.314   678  1558 D SecContentProvider2: isCopyContactToSimAllowed = true
06-17 22:19:20.314  1111  1111 D PowerUI.ChargerAnimationView: Animation is running
06-17 22:19:20.314   678   692 I AppWidgetServiceImpl: stopListening callbacks : null
06-17 22:19:20.314  1111  1111 W ActivityThread: AppLock checkAppLockState isAppLocked = false pkgName = com.android.systemui showWhenLocked = false
06-17 22:19:20.324  1111  1429 I [MALI][Gralloc]: [+]r_hnd(0xae3b63a0), client(63), share_fd(77)
06-17 22:19:20.324  1111  1429 D GraphicBuffer: register, handle(0xae3b63a0) (w:507 h:508 s:512 f:0x1 u:0x000b00)
06-17 22:19:20.324  1111  1429 I [MALI][Gralloc]: [+]r_hnd(0xae3b64e0), client(63), share_fd(79)
06-17 22:19:20.324  1111  1429 D GraphicBuffer: register, handle(0xae3b64e0) (w:507 h:508 s:512 f:0x1 u:0x000b00)
06-17 22:19:20.324   678  1143 V WindowStateAnimator: Finishing drawing window Window{d9f166e u0 d0 p1111 com.android.systemui/com.android.systemui.usb.UsbDebuggingActivity}: mDrawState=DRAW_PENDING
06-17 22:19:20.334  1307  1307 I Launcher: onWindowVisibilityChanged : false
06-17 22:19:20.334   678   755 D StatusBarManagerService: manageDisableList userId=0 what=0x0 pkg=Window{d9f166e u0 d0 p1111 com.android.systemui/com.android.systemui.usb.UsbDebuggingActivity}
06-17 22:19:20.344  1111  1111 D ViewRootImpl: MSG_RESIZED_REPORT: ci=Rect(0, 0 - 0, 0) vi=Rect(0, 0 - 0, 0) or=1
06-17 22:19:20.344   678   850 I ActivityManager: Displayed com.android.systemui/.usb.UsbDebuggingActivity: +216ms
06-17 22:19:20.344   256   992 D SocketClient: SocketClient sendData done:
06-17 22:19:20.354   678   850 I Timeline: Timeline: Activity_windows_visible id: ActivityRecord{87df90e u0 com.android.systemui/.usb.UsbDebuggingActivity t28} time:51090
06-17 22:19:20.354  1111  1429 I [MALI][Gralloc]: [+]r_hnd(0xae3b6620), client(63), share_fd(80)
06-17 22:19:20.354  1111  1429 D GraphicBuffer: register, handle(0xae3b6620) (w:507 h:508 s:512 f:0x1 u:0x000b00)
06-17 22:19:20.354   678  1546 V WindowStateAnimator: Finishing drawing window Window{d9f166e u0 d0 p1111 com.android.systemui/com.android.systemui.usb.UsbDebuggingActivity}: mDrawState=HAS_DRAWN
06-17 22:19:20.354   235   235 I BufferQueue: [unnamed-235-32](this:0xb188bc00,id:32,api:0,p:-1,c:-1) BufferQueue core=(235:/system/bin/surfaceflinger)
06-17 22:19:20.354   235   235 I BufferQueueConsumer: [unnamed-235-32](this:0xb188bc00,id:32,api:0,p:-1,c:235) connect(C): consumer=(235:/system/bin/surfaceflinger) controlledByApp=false
06-17 22:19:20.354   235   235 I BufferQueueConsumer: [unnamed-235-32](this:0xb188bc00,id:32,api:0,p:-1,c:235) setConsumerName: unnamed-235-32
06-17 22:19:20.354   235   235 I BufferQueueConsumer: [Application Error: com.sec.android.app.launcher](this:0xb188bc00,id:32,api:0,p:-1,c:235) setConsumerName: Application Error: com.sec.android.app.launcher
06-17 22:19:20.354   235   235 I BufferQueueConsumer: [Application Error: com.sec.android.app.launcher](this:0xb188bc00,id:32,api:0,p:-1,c:235) setDefaultBufferSize: width=7 height=7
06-17 22:19:20.354   235   235 I SurfaceFlinger: id=32 createSurf (7x7),1 flag=4, mauncher
06-17 22:19:20.354  1111  1111 D PhoneStatusBar: setSystemUiVisibility vis=8000 mask=ffffffff oldVal=8700 newVal=8000 diff=700
06-17 22:19:20.354   678   850 D ActivityManager: mDVFSHelper.release()
06-17 22:19:20.364  1111  1111 I Timeline: Timeline: Activity_idle id: android.os.BinderProxy@d915cb9 time:51102
06-17 22:19:20.364   678  2598 D ActivityTrigger: ActivityTrigger activityStopTrigger
06-17 22:19:20.364   235   235 I BufferQueueConsumer: [Application Error: com.sec.android.app.launcher](this:0xb188bc00,id:32,api:0,p:-1,c:235) setDefaultBufferSize: width=507 height=237
06-17 22:19:20.364  2955  2955 V ActivityThread: updateVisibility : ActivityRecord{bfa64c9 token=android.os.BinderProxy@26d0d1b {com.samsung.android.MtpApplication/com.samsung.android.MtpApplication.USBConnection}} show : true
06-17 22:19:20.384   678  3070 I OpenGLRenderer: Initialized EGL, version 1.4
06-17 22:19:20.394   678  3070 D Surface : Surface::connect(this=0x9370c300,api=1)
06-17 22:19:20.394   235   326 I BufferQueueProducer: [Application Error: com.sec.android.app.launcher](this:0xb188bc00,id:32,api:1,p:678,c:235) connect(P): api=1 producer=(678:system_server) producerControlledByApp=false
06-17 22:19:20.394   678  3070 D mali_winsys: new_window_surface returns 0x3000
06-17 22:19:20.394   678   755 D Surface : Surface::allocateBuffers(this=0x9370c300)
06-17 22:19:20.394   235   324 D BufferQueueProducer: [Application Error: com.sec.android.app.launcher](this:0xb188bc00,id:32,api:1,p:678,c:235) allocateBuffers: allocating from 0 buffers up to 4 buffers
06-17 22:19:20.394   235   324 I [MALI][Gralloc]: [+]hnd(0xb59ed2c0), client(30), share_fd(73), hnd->flags:4
06-17 22:19:20.394   235   324 D GraphicBuffer: alloc, handle(0xb59ed2c0) (w:507 h:237 s:512 f:0x1 u:0x000b00) err(0)
06-17 22:19:20.394   235   324 I [MALI][Gralloc]: [+]hnd(0xb59ed400), client(30), share_fd(96), hnd->flags:4
06-17 22:19:20.394   235   324 D GraphicBuffer: alloc, handle(0xb59ed400) (w:507 h:237 s:512 f:0x1 u:0x000b00) err(0)
06-17 22:19:20.394   235   324 I [MALI][Gralloc]: [+]hnd(0xb59ed540), client(30), share_fd(97), hnd->flags:4
06-17 22:19:20.394   235   324 D GraphicBuffer: alloc, handle(0xb59ed540) (w:507 h:237 s:512 f:0x1 u:0x000b00) err(0)
06-17 22:19:20.394   235   324 I [MALI][Gralloc]: [+]hnd(0xb59ed680), client(30), share_fd(99), hnd->flags:4
06-17 22:19:20.394   235   324 D GraphicBuffer: alloc, handle(0xb59ed680) (w:507 h:237 s:512 f:0x1 u:0x000b00) err(0)
06-17 22:19:20.394   235   324 D BufferQueueProducer: [Application Error: com.sec.android.app.launcher](this:0xb188bc00,id:32,api:1,p:678,c:235) allocateBuffers: allocating from 4 buffers up to 4 buffers
06-17 22:19:20.394   678   755 D ScrollView:  onsize change changed
06-17 22:19:20.394   678   755 D StatusBarManagerService: manageDisableList userId=0 what=0x0 pkg=Window{fdf2b u0 d0 p678 Application Error: com.sec.android.app.launcher}
06-17 22:19:20.404   678  3070 D libGLESv1: DTS_GLAPI : DTS is not allowed for Package : system_server
06-17 22:19:20.414  1111  1111 D PowerUI.ChargerAnimationView: Animation is running
06-17 22:19:20.414   678  3070 I [MALI][Gralloc]: [+]r_hnd(0x95e2f420), client(300), share_fd(325)
06-17 22:19:20.414   678  3070 D GraphicBuffer: register, handle(0x95e2f420) (w:507 h:237 s:512 f:0x1 u:0x000b00)
06-17 22:19:20.434   678   688 I art     : Background partial concurrent mark sweep GC freed 29031(2MB) AllocSpace objects, 17(528KB) LOS objects, 14% free, 23MB/27MB, paused 8.149ms total 326.261ms
06-17 22:19:20.454   678  3070 I [MALI][Gralloc]: [+]r_hnd(0x95e2f880), client(300), share_fd(304)
06-17 22:19:20.454   678  3070 D GraphicBuffer: register, handle(0x95e2f880) (w:507 h:237 s:512 f:0x1 u:0x000b00)
06-17 22:19:20.454   678  1021 I InputReader: Touch event's action is 0x0 (deviceType=0) [pCnt=1, s=0.16 ] when=51193430000
06-17 22:19:20.454   678  1021 D InputReader: lastThreadEndTime = 50949946232, currentThreadStartTime = 50949951924, diff = 0
06-17 22:19:20.454   678  1020 I InputDispatcher: Delivering touch to (1111): action: 0x4, toolType: 1
06-17 22:19:20.454   678  1020 I InputDispatcher: Delivering touch to (678): action: 0x0, toolType: 1
06-17 22:19:20.454  1283  2513 E InstantAppsPMW: Error checking if app is instant app
06-17 22:19:20.454  1283  2513 E InstantAppsPMW: android.os.RemoteException
06-17 22:19:20.454  1283  2513 E InstantAppsPMW:        at blii.g(:com.google.android.gms@252234000@25.22.34 (040300-769260661):510)
06-17 22:19:20.454  1283  2513 E InstantAppsPMW:        at blic.run(:com.google.android.gms@252234000@25.22.34 (040300-769260661):13)
06-17 22:19:20.454  1283  2513 E InstantAppsPMW:        at avaj.c(:com.google.android.gms@252234000@25.22.34 (040300-769260661):50)
06-17 22:19:20.454  1283  2513 E InstantAppsPMW:        at avaj.run(:com.google.android.gms@252234000@25.22.34 (040300-769260661):70)
06-17 22:19:20.454  1283  2513 E InstantAppsPMW:        at java.util.concurrent.ThreadPoolExecutor.runWorker(ThreadPoolExecutor.java)
06-17 22:19:20.454  1283  2513 E InstantAppsPMW:        at java.util.concurrent.ThreadPoolExecutor$Worker.run(ThreadPoolExecutor.java)
06-17 22:19:20.454  1283  2513 E InstantAppsPMW:        at avfs.run(:com.google.android.gms@252234000@25.22.34 (040300-769260661):8)
06-17 22:19:20.454  1283  2513 E InstantAppsPMW:        at java.lang.Thread.run(Thread.java)
06-17 22:19:20.464   678   755 V WindowStateAnimator: Finishing drawing window Window{fdf2b u0 d0 p678 Application Error: com.sec.android.app.launcher}: mDrawState=DRAW_PENDING
06-17 22:19:20.464   678   755 D ViewRootImpl: ViewPostImeInputStage processPointer 0
06-17 22:19:20.464   678   755 D ViewRootImpl: MSG_RESIZED_REPORT: ci=Rect(0, 0 - 0, 0) vi=Rect(0, 0 - 0, 0) or=1
06-17 22:19:20.464  1283  2455 E InstantAppsPMW: Error checking if app is instant app
06-17 22:19:20.464  1283  2455 E InstantAppsPMW: android.os.RemoteException
06-17 22:19:20.464  1283  2455 E InstantAppsPMW:        at blii.g(:com.google.android.gms@252234000@25.22.34 (040300-769260661):510)
06-17 22:19:20.464  1283  2455 E InstantAppsPMW:        at blic.run(:com.google.android.gms@252234000@25.22.34 (040300-769260661):13)
06-17 22:19:20.464  1283  2455 E InstantAppsPMW:        at avaj.c(:com.google.android.gms@252234000@25.22.34 (040300-769260661):50)
06-17 22:19:20.464  1283  2455 E InstantAppsPMW:        at avaj.run(:com.google.android.gms@252234000@25.22.34 (040300-769260661):70)
06-17 22:19:20.464  1283  2455 E InstantAppsPMW:        at java.util.concurrent.ThreadPoolExecutor.runWorker(ThreadPoolExecutor.java)
06-17 22:19:20.464  1283  2455 E InstantAppsPMW:        at java.util.concurrent.ThreadPoolExecutor$Worker.run(ThreadPoolExecutor.java)
06-17 22:19:20.464  1283  2455 E InstantAppsPMW:        at avfs.run(:com.google.android.gms@252234000@25.22.34 (040300-769260661):8)
06-17 22:19:20.464  1283  2455 E InstantAppsPMW:        at java.lang.Thread.run(Thread.java)
06-17 22:19:20.464  1541  1553 W art     : Suspending all threads took: 17.899ms
06-17 22:19:20.474  1111  1429 I [MALI][Gralloc]: [+]r_hnd(0xae3b6760), client(63), share_fd(81)
06-17 22:19:20.474  1111  1429 D GraphicBuffer: register, handle(0xae3b6760) (w:507 h:508 s:512 f:0x1 u:0x000b00)
06-17 22:19:20.474  2736  2841 I System.out: (HTTPLog)-Static: isSBSettingEnabled false
06-17 22:19:20.474  2736  2841 I System.out: (HTTPLog)-Static: isSBSettingEnabled false
06-17 22:19:20.474  2333  2345 W art     : Suspending all threads took: 242.263ms
06-17 22:19:20.474   678  3070 I [MALI][Gralloc]: [+]r_hnd(0x87271000), client(300), share_fd(324)
06-17 22:19:20.474   678  3070 D GraphicBuffer: register, handle(0x87271000) (w:507 h:237 s:512 f:0x1 u:0x000b00)
06-17 22:19:20.484   678   755 V WindowStateAnimator: Finishing drawing window Window{fdf2b u0 d0 p678 Application Error: com.sec.android.app.launcher}: mDrawState=HAS_DRAWN
06-17 22:19:20.484   678   850 V WindowManager: Dim Duration=200
06-17 22:19:20.484   678  2601 V BroadcastQueue: [background] Process cur broadcast BroadcastRecord{6f75ec1 u-1 android.intent.action.SERVICE_STATE qIdx=4}, state= (APP_RECEIVE) DELIVERED for app ProcessRecord{e31da16 2753:com.samsung.android.SettingsReceiver/1000}
06-17 22:19:20.494  1283  2691 D libc-netbsd: [getaddrinfo]: netid=0; mark=0
06-17 22:19:20.494  1283  2691 D libc-netbsd: [getaddrinfo]: ai_addrlen=0; ai_canonname=(null); ai_flags=1024; ai_family=0
06-17 22:19:20.494   256   989 D EnterpriseController: netId is 0
06-17 22:19:20.494   256   989 D Netd    : getNetworkForDns: using netid 502 for uid 10018
06-17 22:19:20.494   256  3087 D libc-netbsd: [getaddrinfo]: netid=502; mark=502
06-17 22:19:20.494   256  3087 D libc-netbsd: [getaddrinfo]: ai_addrlen=0; ai_canonname=(null); ai_flags=1024; ai_family=0
06-17 22:19:20.494   256  3087 D libc-netbsd: getaddrinfo: get result from proxy gai_error = 11
06-17 22:19:20.494   256  3087 D libc-netbsd: default dns: query_ipv6=1, query_ipv4=1
06-17 22:19:20.494   256  3087 D libc-netbsd: res_queryN class = 1, type = 28
06-17 22:19:20.494   256  3087 D libc-netbsd: netid=502, dns0:8.8.8.8
06-17 22:19:20.494   256  3087 D libc-netbsd: netid=502, dns1:210.245.31.220
06-17 22:19:20.494   256   992 D SocketClient: SocketClient sendData done:
06-17 22:19:20.494   678   692 D AlarmManager: Cancel Alarm calling from uid:10018 pid :1283 / operation:PendingIntent{5aca5d: PendingIntentRecord{91f7859 com.google.android.gms broadcastIntent}}
06