06-17 22:19:17.984  1111  1111 D CoverUI : applyInternal: false height: -1
06-17 22:19:17.984  1111  1111 D vol.SecVolumeDialog: dismissH reason: 2
06-17 22:19:17.984  1111  1111 D vol.SecVolumeDialog: dismissH : false
06-17 22:19:17.984  1111  1111 D NotificationGroupManager: onEntryRemovedInternal = -1|com.android.systemui|-111|secAppGroup_ongoing|10045
06-17 22:19:17.984  1541  2094 I SP      : GC for 'emoticon_content_description' (10) with ttl of 0 ms took 1 ms (0/1/0)
06-17 22:19:17.984   678  2599 V AlarmManager: setInexact (T:3/F:0/AC:false) 20250618T105508 - CU:10018/CP:1283
06-17 22:19:17.984   678  1305 D MountService: getExternalStorageMountMode : 1
06-17 22:19:17.984   678  1305 D MountService: getExternalStorageMountMode : 3
06-17 22:19:17.984   678  1305 D MountService: getExternalStorageMountMode : final mountMode=1, uid : 10007, packageName : com.samsung.android.contacts
06-17 22:19:17.994   235   235 I SurfaceFlinger: [Built-in Screen (type:0)] fps:5.755828,dur:1389.90,max:700.16,min:15.48
06-17 22:19:17.994  1111  1111 D PhoneStatusBar: removeNotification key=-1|com.android.systemui|-111|secAppGroup_ongoing|10045 old=StatusBarNotification(pkg=com.android.systemui user=UserHandle{-1} id=-111 tag=secAppGroup_ongoing score=0 key=-1|com.android.systemui|-111|secAppGroup_ongoing|10045: Notification(pri=0 contentView=com.android.systemui/0x7f0400da vibrate=null sound=null defaults=0x0 flags=0x102 color=0x00000000 appGroupKey=ongoing vis=PUBLIC secFlags=0x20 secPriority=0))
06-17 22:19:17.994  1111  1111 D PhoneStatusBar: setAreThereNotifications: N=3 any=true clearable=true
06-17 22:19:18.004   235   235 I BufferQueueConsumer: [StatusBar](this:0xb3245400,id:7,api:1,p:1111,c:235) setDefaultBufferSize: width=540 height=960
06-17 22:19:18.004  2983  2983 E Zygote  : v2
06-17 22:19:18.004  2983  2983 W SELinux : Function: selinux_compare_spd_ram, index[1], priority [2], priority version is VE=SEPF_SECMOBILE_6.0.1_0034
06-17 22:19:18.004  2983  2983 E Zygote  : accessInfo : 0
06-17 22:19:18.004  2983  2983 I libpersona: KNOX_SDCARD checking this for 10007
06-17 22:19:18.004  2983  2983 I libpersona: KNOX_SDCARD not a persona
06-17 22:19:18.014  2983  2983 W SELinux : SELinux: seapp_context_lookup: seinfo=shared, level=s0:c512,c768, pkgname=com.samsung.android.contacts
06-17 22:19:18.014   235  1023 D BufferQueueProducer: [StatusBar](this:0xb3245400,id:7,api:1,p:1111,c:235) cancelBuffer: slot 0
06-17 22:19:18.014  1111  1429 D Surface : Surface::disconnect(this=0x984caa00,api=1)
06-17 22:19:18.014  1111  1429 D GraphicBuffer: unregister, handle(0xae3b57c0) (w:540 h:36 s:544 f:0x1 u:0x000b00)
06-17 22:19:18.014  1111  1429 I [MALI][Gralloc]: [-]r_hnd(0xae3b57c0), client(63), share_fd(68)
06-17 22:19:18.014  1111  1429 D GraphicBuffer: unregister, handle(0xae3b5680) (w:540 h:36 s:544 f:0x1 u:0x000b00)
06-17 22:19:18.014  1111  1429 I [MALI][Gralloc]: [-]r_hnd(0xae3b5680), client(63), share_fd(70)
06-17 22:19:18.014  1111  1429 D GraphicBuffer: unregister, handle(0xae3b4e60) (w:540 h:36 s:544 f:0x1 u:0x000b00)
06-17 22:19:18.014  1111  1429 I [MALI][Gralloc]: [-]r_hnd(0xae3b4e60), client(63), share_fd(72)
06-17 22:19:18.014  1111  1429 D GraphicBuffer: unregister, handle(0xae3b5f40) (w:540 h:36 s:544 f:0x1 u:0x000b00)
06-17 22:19:18.014  1111  1429 I [MALI][Gralloc]: [-]r_hnd(0xae3b5f40), client(63), share_fd(76)
06-17 22:19:18.014   235  2781 I BufferQueueProducer: [StatusBar](this:0xb3245400,id:7,api:1,p:-1,c:235) disconnect(P): api 1
06-17 22:19:18.014   678  1305 I ActivityManager: Start proc 2983:com.samsung.android.contacts/u0a7 for broadcast-3 com.samsung.android.contacts/com.samsung.contacts.util.ContactsReceiver
06-17 22:19:18.024   235  2781 I BufferQueueConsumer: [StatusBar](this:0xb3245400,id:7,api:1,p:-1,c:235) getReleasedBuffers: returning mask 0xffffffffffffffff
06-17 22:19:18.024   235  2781 D GraphicBuffer: free, handle(0xb58a1c20) (w:540 h:36 s:544 f:0x1 u:0x000b00)
06-17 22:19:18.024   235  2781 I [MALI][Gralloc]: [-]hnd(0xb58a1c20), client(30), share_fd(34)
06-17 22:19:18.024   235  2781 D GraphicBuffer: free, handle(0xb58a06e0) (w:540 h:36 s:544 f:0x1 u:0x000b00)
06-17 22:19:18.024   235  2781 I [MALI][Gralloc]: [-]hnd(0xb58a06e0), client(30), share_fd(45)
06-17 22:19:18.024   235  2781 D GraphicBuffer: free, handle(0xb59ec460) (w:540 h:36 s:544 f:0x1 u:0x000b00)
06-17 22:19:18.024   235  2781 I [MALI][Gralloc]: [-]hnd(0xb59ec460), client(30), share_fd(74)
06-17 22:19:18.024  1111  1429 D Surface : Surface::connect(this=0x984caa00,api=1)
06-17 22:19:18.024   235   326 I BufferQueueProducer: [StatusBar](this:0xb3245400,id:7,api:1,p:1111,c:235) connect(P): api=1 producer=(1111:com.android.systemui) producerControlledByApp=true
06-17 22:19:18.024  1111  1429 D mali_winsys: new_window_surface returns 0x3000
06-17 22:19:18.024  1111  1111 D KeyguardEffectViewController: onLayoutChange() v: com.android.keyguard.effect.EffectBehindView{deb8867 I.E...... ......ID 0,0-540,960 #7f0e03e7 app:id/keyguard_effect_behind}, bottom : 960, oldBottom : 36
06-17 22:19:18.024  1111  1111 D KeyguardEffectViewController: mShowing=false, mOccluded=false, mKeyguardFadingAway=false, match_parent=true
06-17 22:19:18.024  1111  1111 D ScrollView:  onsize change changed
06-17 22:19:18.024  1111  1111 D NotificationStackScrollLayout:  scroll range should be extended : 568
06-17 22:19:18.034  1111  1111 W View    : requestLayout() improperly called by com.android.systemui.qs.QSContainer{746f7bc V.E...... ......ID 0,135-540,383 #7f0e024b app:id/quick_settings_container} during layout: running second layout pass
06-17 22:19:18.034  1111  1111 I ViewRootImpl: requestLayout is already in process
06-17 22:19:18.034  1111  1111 D KeyguardEffectViewController: onLayoutChange() v: com.android.keyguard.effect.EffectBehindView{deb8867 I.E...... ......ID 0,0-540,36 #7f0e03e7 app:id/keyguard_effect_behind}, bottom : 36, oldBottom : 960
06-17 22:19:18.034  1111  1111 D KeyguardEffectViewController: mShowing=false, mOccluded=false, mKeyguardFadingAway=false, match_parent=false
06-17 22:19:18.034  1111  1111 D ScrollView:  onsize change changed
06-17 22:19:18.034   678  1558 D ConnectivityService: returning Blocked NetworkInfo for ifname=wlan0, uid=10106
06-17 22:19:18.034   678  1558 D ConnectivityService: returning getNetworkInfo for network type 1 : [type: WIFI[] - WIFI, state: DISCONNECTED/BLOCKED, reason: (unspecified), extra: (none), roaming: false, failover: false, isAvailable: true] /UID : 10106 , PID : 2736
06-17 22:19:18.044   678  1011 D SecContentProvider: insert(), uri = 2
06-17 22:19:18.044   678   757 D SecContentProvider: query(), uri = 18 selection = isUsbMediaPlayerAvailable
06-17 22:19:18.044   678  1011 V UsbDeviceManager: onUEvent(Device Cable) : {USB_STATE=CONFIGURED, SUBSYSTEM=android_usb, SEQNUM=2239, ACTION=change, DEVPATH=/devices/virtual/android_usb/android0}
06-17 22:19:18.044   256   985 E NetlinkEvent: NetlinkEvent::decode(): buffer'change@/devices/virtual/android_usb/android0' size:160,format:0
06-17 22:19:18.044   220   512 E NetlinkEvent: NetlinkEvent::decode(): buffer'change@/devices/virtual/android_usb/android0' size:160,format:0
06-17 22:19:18.044   678  1011 D UsbDeviceManager: updateState( CONFIGURED )
06-17 22:19:18.044   678   757 D UsbDeviceManager: handleMessage -> MSG_UPDATE_STATE connected = 1,configured = 1
06-17 22:19:18.044   678   757 D UsbDeviceManager: updateUsbNotification_Lock++
06-17 22:19:18.044   678   757 D UsbDeviceManager: updateUsbNotification(false) : mConnected = true, mConfigured = true, mCurrentFunctions = mtp,adb, mHostConnected = false, mSupportDualRole = false, mIsPowerSource = false
06-17 22:19:18.044   678   757 D UsbDeviceManager: mps exists
06-17 22:19:18.044   678   757 D UsbDeviceManager: isUsb30Enabled: read '/sys/class/android_usb/android0/bcdUSB', state = 0200
06-17 22:19:18.044   678   757 D UsbDeviceManager: id=17040370, mUsbNotificationId=17040370
06-17 22:19:18.044   678   757 D UsbDeviceManager: updateUsbNotification_Lock--
06-17 22:19:18.044   678   757 D UsbDeviceManager: broadcasting Intent { act=android.hardware.usb.action.USB_STATE flg=0x30000000 (has extras) } connected: true configured: true
06-17 22:19:18.044   678   757 D UsbDeviceManager: sending intent : ACTION_USB_STATE : connected = true, configured = true, functions = mtp,adb
06-17 22:19:18.044   678   757 D UsbDeviceManager: mps exists
06-17 22:19:18.054  2983  2983 D TimaKeyStoreProvider: TimaSignature is unavailable
06-17 22:19:18.054  2983  2983 D ActivityThread: Added TimaKeyStore provider
06-17 22:19:18.054  1111  1111 I ViewRootImpl: requestLayoutDuringLayout is already in process
06-17 22:19:18.054  1111  1111 I ViewRootImpl: requestLayoutDuringLayout is already in process
06-17 22:19:18.054  1111  1111 I ViewRootImpl: requestLayoutDuringLayout is already in process
06-17 22:19:18.054   220   512 E NetlinkEvent: NetlinkEvent::decode(): buffer'change@/devices/battery/power_supply/battery' size:715,format:0
06-17 22:19:18.054   256   985 E NetlinkEvent: NetlinkEvent::decode(): buffer'change@/devices/battery/power_supply/battery' size:715,format:0
06-17 22:19:18.064   678  1004 V BroadcastQueue: [background] Process cur broadcast BroadcastRecord{6f75ec1 u-1 android.intent.action.SERVICE_STATE qIdx=4}, state= (APP_RECEIVE) DELIVERED for app ProcessRecord{78433a8 2983:com.samsung.android.contacts/u0a7}
06-17 22:19:18.074   235   326 I BufferQueueProducer: [StatusBar](this:0xb3245400,id:7,api:1,p:1111,c:235) new GraphicBuffer needed
06-17 22:19:18.074   235   326 I [MALI][Gralloc]: [+]hnd(0xb58a12c0), client(30), share_fd(34), hnd->flags:4
06-17 22:19:18.074   235   326 D GraphicBuffer: alloc, handle(0xb58a12c0) (w:540 h:960 s:544 f:0x1 u:0x000b00) err(0)
06-17 22:19:18.074  1111  1429 I [MALI][Gralloc]: [+]r_hnd(0xae3b5f40), client(63), share_fd(61)
06-17 22:19:18.074  1111  1429 D GraphicBuffer: register, handle(0xae3b5f40) (w:540 h:960 s:544 f:0x1 u:0x000b00)
06-17 22:19:18.074   678  1546 D ConnectivityService: returning Blocked NetworkInfo for ifname=wlan0, uid=10106
06-17 22:19:18.074   678  1546 D ConnectivityService: returning getNetworkInfo for network type 1 : [type: WIFI[] - WIFI, state: DISCONNECTED/BLOCKED, reason: (unspecified), extra: (none), roaming: false, failover: false, isAvailable: true] /UID : 10106 , PID : 2736
06-17 22:19:18.084   235   324 I BufferQueueProducer: [StatusBar](this:0xb3245400,id:7,api:1,p:1111,c:235) new GraphicBuffer needed
06-17 22:19:18.084   235   324 I [MALI][Gralloc]: [+]hnd(0xb59ec780), client(30), share_fd(35), hnd->flags:4
06-17 22:19:18.084   235   324 D GraphicBuffer: alloc, handle(0xb59ec780) (w:540 h:960 s:544 f:0x1 u:0x000b00) err(0)
06-17 22:19:18.084  1111  1429 I [MALI][Gralloc]: [+]r_hnd(0xae3b4e60), client(63), share_fd(68)
06-17 22:19:18.084  1111  1429 D GraphicBuffer: register, handle(0xae3b4e60) (w:540 h:960 s:544 f:0x1 u:0x000b00)
06-17 22:19:18.094   235   235 D GraphicBuffer: free, handle(0xb58a1680) (w:540 h:36 s:544 f:0x1 u:0x000b00)
06-17 22:19:18.094   235   235 I [MALI][Gralloc]: [-]hnd(0xb58a1680), client(30), share_fd(60)
06-17 22:19:18.094   235   326 D BufferQueueProducer: [Toast](this:0xb41a0000,id:24,api:1,p:2430,c:235) cancelBuffer: slot 2
06-17 22:19:18.094  2430  2463 D Surface : Surface::disconnect(this=0xae122f00,api=1)
06-17 22:19:18.094  2430  2463 D GraphicBuffer: unregister, handle(0xb437b6a0) (w:275 h:75 s:288 f:0x1 u:0x000b00)
06-17 22:19:18.094  2983  2983 W System  : ClassLoader referenced unknown path: commonimsinterface.jar
06-17 22:19:18.094  2430  2463 I [MALI][Gralloc]: [-]r_hnd(0xb437b6a0), client(35), share_fd(36)
06-17 22:19:18.094  2430  2463 D GraphicBuffer: unregister, handle(0xb437b060) (w:275 h:75 s:288 f:0x1 u:0x000b00)
06-17 22:19:18.094  2430  2463 I [MALI][Gralloc]: [-]r_hnd(0xb437b060), client(35), share_fd(31)
06-17 22:19:18.094   235  2103 I BufferQueueProducer: [Toast](this:0xb41a0000,id:24,api:1,p:-1,c:235) disconnect(P): api 1
06-17 22:19:18.094   235  2103 D GraphicBuffer: free, handle(0xb58a1b80) (w:275 h:75 s:288 f:0x1 u:0x000b00)
06-17 22:19:18.094   235  2103 I [MALI][Gralloc]: [-]hnd(0xb58a1b80), client(30), share_fd(32)
06-17 22:19:18.094   235  2103 D GraphicBuffer: free, handle(0xb58a1a40) (w:275 h:75 s:288 f:0x1 u:0x000b00)
06-17 22:19:18.094   235  2103 I [MALI][Gralloc]: [-]hnd(0xb58a1a40), client(30), share_fd(43)
06-17 22:19:18.094   235  2103 D GraphicBuffer: free, handle(0xb58a0a00) (w:275 h:75 s:288 f:0x1 u:0x000b00)
06-17 22:19:18.094   235  2103 I [MALI][Gralloc]: [-]hnd(0xb58a0a00), client(30), share_fd(46)
06-17 22:19:18.094   235  2103 I BufferQueueConsumer: [Toast](this:0xb41a0000,id:24,api:1,p:-1,c:235) getReleasedBuffers: returning mask 0xffffffffffffffff
06-17 22:19:18.094  2430  2430 D ViewRootImpl: #3 mView = null
06-17 22:19:18.104   678   757 D BluetoothAdapter: STATE_OFF=10
06-17 22:19:18.104   678  2598 D PowerManagerService: [api] [s] userActivity : event: 0 flags: 0 (uid: 1000 pid: 678) eventTime = 48842
06-17 22:19:18.104   678  2598 D PowerManagerService: [api] release WakeLock SCREEN_BRIGHT_WAKE_LOCK        'WindowManager' ON_AFTER_RELEASE (uid=1000, pid=678, ws=WorkSource{10021}, pkg=android, elapsedTime=3422) (0x0)
06-17 22:19:18.104   678  2598 D PowerManagerService: [api] applyWakeLockFlagsOnReleaseLocked : userActivityNoUpdateLocked is called : SCREEN_BRIGHT_WAKE_LOCK        'WindowManager' ON_AFTER_RELEASE (uid=1000, pid=678, ws=WorkSource{10021}, pkg=android, elapsedTime=3422)
06-17 22:19:18.104   678  1546 D BatteryService: !@BatteryListener : batteryPropertiesChanged!
06-17 22:19:18.104   678  1546 D BatteryService: level:3, scale:100, status:2, health:2, present:true, voltage: 3643, temperature: 373, technology: Li-ion, AC powered:false, USB powered:true, POGO powered:false, Wireless powered:false, icon:17303472, invalid charger:0, maxChargingCurrent:0
06-17 22:19:18.104   678  1546 D BatteryService: online:6, current avg:-330, charge type:1, power sharing:false, high voltage charger:false, capacity:280000, batterySWSelfDischarging:false, misc_event:0, current_now:-325
06-17 22:19:18.104   678   678 D BatteryService: Sending ACTION_BATTERY_CHANGED.
06-17 22:19:18.104   678   678 D BatteryService: misc_event:0x0, sec plug type:2
06-17 22:19:18.114  1229  1229 V BatteryController: getBatteryLevel[3.0], batteryStatus[2]
06-17 22:19:18.114  1229  1229 I AODService: Low battery. AOD OFF
06-17 22:19:18.114  1229  1229 D AODService: battery status update : BatteryClockDisplayData [mBatteryLevel=3, mBatteryStatus=2, mBatteryPlugType=2, mBatteryPlugged=true]
06-17 22:19:18.114  1999  1999 D BatteryMonitor: new battery level: 3
06-17 22:19:18.114   678   860 D PowerManagerService: [api] updateIsPoweredLocked : mIsPowered: true mPlugType: 2
06-17 22:19:18.114   678   757 D KernelCpuSpeedReader: line: 1443000 1969
06-17 22:19:18.114   678   757 D KernelCpuSpeedReader: line: 1300000 2371
06-17 22:19:18.114   678   757 D KernelCpuSpeedReader: line: 1170000 256
06-17 22:19:18.114   678   757 D KernelCpuSpeedReader: line: 1040000 100
06-17 22:19:18.114   678   757 D KernelCpuSpeedReader: line: 819000 100
06-17 22:19:18.114   678   757 D KernelCpuSpeedReader: line: 702000 0
06-17 22:19:18.114   678   757 D KernelCpuSpeedReader: line: 598000 0
06-17 22:19:18.114   678   757 D KernelCpuSpeedReader: line: 299000 0
06-17 22:19:18.124  1111  1111 D KnoxNotification: ----- inflateViews : modified publicViewLocal -----
06-17 22:19:18.124   235   326 I SurfaceFlinger: id=24 Removed Uoast (8/8)
06-17 22:19:18.124   235  1023 I SurfaceFlinger: id=24 Removed Uoast (-2/8)
06-17 22:19:18.124   678   678 I MotionRecognitionService: Plugged
06-17 22:19:18.124   678   678 D MotionRecognitionService:   cableConnection= 1
06-17 22:19:18.124   678   678 D MotionRecognitionService: setPowerConnected | current backoff  = 1024 , state =1024
06-17 22:19:18.124   678   678 D MotionRecognitionService: skip setTransmitPower.
06-17 22:19:18.124   678   678 D GameManagerService: new battery level: 3
06-17 22:19:18.124   678   678 D UsbDeviceManager: received ACTION_SEC_BATTERY_EVENT : USB CHARGING ON
06-17 22:19:18.124   678   757 D BatteryStatsImpl: charging plug is inserted!  noteGpuStoppedLocked
06-17 22:19:18.124   678   757 D UsbDeviceManager: handleMessage -> MSG_POWER_STATE = 1, mBootCompleted(true), mCurrentFunctions(mtp,adb), mPowerConnected(true)
06-17 22:19:18.124   678   757 D UsbDeviceManager: sending intent : ACTION_USB_CABLE_STATE : connected = true
06-17 22:19:18.124   678   860 D PowerManagerService: mDisplayReady: false
06-17 22:19:18.124   678   860 D DisplayPowerController: animateScreenStateChange[0]: target=2
06-17 22:19:18.124   678   860 D DisplayPowerController: [Dual Screen Compatible] state[0] :2
06-17 22:19:18.124   678   860 D AutomaticBrightnessController: [DAB] mLightSensor is null.
06-17 22:19:18.124   678   860 D DisplayPowerController: getFinalBrightness: screenBrightnessScaleFactor: 40 -> 32.8
06-17 22:19:18.124   678   860 D DisplayPowerController: getFinalBrightness : Summary is 40 -> 33
06-17 22:19:18.124   678   860 D DisplayPowerController: Animating brightness: target=33, rate=2000 (PSM:true, AB limit:(-1 ~ -1) MB Limit:(-1 ~ -1), sf=0.82)
06-17 22:19:18.124   678   860 D PowerManagerService: [s] DisplayPowerCallbacks : onStateChanged()
06-17 22:19:18.124   678   860 D PowerManagerService: mDisplayReady: true
06-17 22:19:18.134  1111  1111 D KnoxNotification: ----- inflateViews : modified KnoxViewLocal -----
06-17 22:19:18.134   678   860 D DisplayPowerController: animateScreenStateChange[0]: target=2
06-17 22:19:18.134   678   860 D DisplayPowerController: [Dual Screen Compatible] state[0] :2
06-17 22:19:18.144   235   235 I BufferQueueConsumer: [Toast](this:0xb41a0000,id:24,api:1,p:-1,c:-1) disconnect(C)
06-17 22:19:18.144   678  1085 D lights  : lcd : 33
06-17 22:19:18.144   235   235 I BufferQueue: [Toast](this:0xb41a0000,id:24,api:1,p:-1,c:-1) ~BufferQueueCore
06-17 22:19:18.144   235   235 D GraphicBuffer: free, handle(0xb59ec000) (w:275 h:75 s:288 f:0x1 u:0x000b00)
06-17 22:19:18.144   235   235 I [MALI][Gralloc]: [-]hnd(0xb59ec000), client(30), share_fd(54)
06-17 22:19:18.144  1111  1111 E SkiesROM: iconV is null!
06-17 22:19:18.144   678   860 D AutomaticBrightnessController: [DAB] mLightSensor is null.
06-17 22:19:18.144   678   860 D DisplayPowerController: getFinalBrightness: screenBrightnessScaleFactor: 40 -> 32.8
06-17 22:19:18.144   678   860 D DisplayPowerController: getFinalBrightness : Summary is 40 -> 33
06-17 22:19:18.144   678   860 D DisplayPowerController: Animating brightness: target=33, rate=2000 (PSM:true, AB limit:(-1 ~ -1) MB Limit:(-1 ~ -1), sf=0.82)
06-17 22:19:18.154  1111  1111 E SkiesROM: appT is null!
06-17 22:19:18.154  2736  2942 W ResourceType: ResTable_typeSpec entry count inconsistent: given 2941, previously 2944
06-17 22:19:18.154  2736  2942 W ResourceType: ResTable_typeSpec entry count inconsistent: given 344, previously 2179
06-17 22:19:18.154  1541  2115 I MDDTaskScheduler: MDDTaskScheduler$Worker.onStopped():152 work mdd_download_work stopped
06-17 22:19:18.174  2736  2942 W ResourceType: ResTable_typeSpec entry count inconsistent: given 2917, previously 2920
06-17 22:19:18.184  1111  1111 I ApplicationPackageManager: load=android, bg=72-72, dr=72-72, forDefault=true
06-17 22:19:18.184  1111  1111 I ApplicationPackageManager: scaled rate=0.762353, size=72, alpha=2, hold=26, target=72
06-17 22:19:18.184   678  2252 D AlarmManager: Cancel Alarm calling from uid:10106 pid :2736 / operation:PendingIntent{b5a25fd: PendingIntentRecord{ba372f2 me.twrp.twrpapp startService}}
06-17 22:19:18.194  1240  1258 D PeopleNotiListenerSvc: onEdgeNotificationRemoved() : pkg com.samsung.android.SettingsReceiver,id=151229,extra=Bundle[mParcelledData.dataSize=84]
06-17 22:19:18.194  1111  1111 D NotificationGroupManager: onEntryAdded = -1|android|17040370|null|1000
06-17 22:19:18.194  2556  2556 I DeviceStateReceiver: onReceive
06-17 22:19:18.194  2556  2556 V DeviceStateReceiver: beginStartingService
06-17 22:19:18.194   678  2599 D SettingsProvider: isChangeAllowed() : name = usb_tethering_enabled
06-17 22:19:18.194   678  2597 V BroadcastQueue: [foreground] Process cur broadcast BroadcastRecord{9cd3f8d u-1 android.hardware.usb.action.USB_STATE qIdx=2}, state= (APP_RECEIVE) DELIVERED for app ProcessRecord{1816336 2556:com.sec.app.TransmitPowerService/u0a47}
06-17 22:19:18.204  1283  1294 I Auth    : [BroadcastManager] [BroadcastManager] Broadcasting account services changed. [CONTEXT service_id=343 ]
06-17 22:19:18.204  1111  1111 D PhoneStatusBar: setAreThereNotifications: N=4 any=true clearable=true
06-17 22:19:18.214  2556  2556 V RequestService: Creating TransmitPowerService
06-17 22:19:18.214  2556  2556 V RequestService: Starting #1: Bundle[mParcelledData.dataSize=144]
06-17 22:19:18.214  1111  1111 D KeyguardEffectViewController: onLayoutChange() v: com.android.keyguard.effect.EffectBehindView{deb8867 I.E...... ......ID 0,0-540,960 #7f0e03e7 app:id/keyguard_effect_behind}, bottom : 960, oldBottom : 36
06-17 22:19:18.214  1111  1111 D KeyguardEffectViewController: mShowing=false, mOccluded=false, mKeyguardFadingAway=false, match_parent=true
06-17 22:19:18.214  1111  1111 D ScrollView:  onsize change changed
06-17 22:19:18.214  2556  2997 V RequestService: Handling incoming message: { when=-3ms what=0 arg1=1 obj=Intent { act=android.hardware.usb.action.USB_STATE flg=0x30000010 cmp=com.sec.app.TransmitPowerService/.RequestService bqHint=2 (has extras) } target=com.sec.app.TransmitPowerService.RequestService$ServiceHandler }
06-17 22:19:18.214  2556  2997 V DeviceStateReceiver: finishStartingService
06-17 22:19:18.214  1111  1111 D NotificationStackScrollLayout:  scroll range should be extended : 568
06-17 22:19:18.214  1111  1111 D NotificationStackScrollLayout:  scroll range should be extended : 568
06-17 22:19:18.214   678   692 V BroadcastQueue: [foreground] Process cur broadcast BroadcastRecord{9cd3f8d u-1 android.hardware.usb.action.USB_STATE qIdx=2}, state= (APP_RECEIVE) DELIVERED for app ProcessRecord{722265a 2811:com.wssnps/1000}
06-17 22:19:18.224  2811  2811 D NPS_WSSNPS: [] sys.usb.config : mtp,adb
06-17 22:19:18.224  2811  2811 D NPS_WSSNPS: [] bConfigured is false!
06-17 22:19:18.224   678  2597 D LocationManagerService: getAllProviders()=[passive, gps, network]
06-17 22:19:18.224   678  2252 D LocationManagerService: request 93d17b5 passive Request[POWER_NONE passive fastest=0] from me.twrp.twrpapp(10106)
06-17 22:19:18.224   678  2252 D LocationManagerService: provider request: passive ProviderRequest[ON interval=0]
06-17 22:19:18.224   678  2252 I AppOps  : sendInfoToFLP, code=41 , uid=10106 , packageName=me.twrp.twrpapp , type=startOp
06-17 22:19:18.224   678  1546 V AlarmManager: setInexact (T:3/F:0/AC:false) 20250617T223329 - CU:10106/CP:2736
06-17 22:19:18.224   678  2599 V BroadcastQueue: [foreground] Process cur broadcast BroadcastRecord{9cd3f8d u-1 android.hardware.usb.action.USB_STATE qIdx=2}, state= (APP_RECEIVE) DELIVERED for app ProcessRecord{44d00cb 2736:me.twrp.twrpapp/u0a106}
06-17 22:19:18.224   678   678 I EntropyMixer: Writing entropy...
06-17 22:19:18.234  1747  2091 I ChimeraConfigurator: Starting update, reason: 2 urgentFeatures:
06-17 22:19:18.234  1531  1531 E cr_BTSPrefs: No data found for task id: 53
06-17 22:19:18.234  1531  1531 E cr_BkgrdTaskScheduler: Task cannot be canceled because no data was found instorage or data was invalid
06-17 22:19:18.234  1111  1111 D NotificationStackScrollLayout:  scroll range should be extended : 568
06-17 22:19:18.234  2556  2556 V RequestService: Destroying TransmitPowerService
06-17 22:19:18.254  1519  2999 I Finsky  : [156] registerListener
06-17 22:19:18.254  1111  1111 W View    : requestLayout() improperly called by com.android.systemui.qs.QSContainer{746f7bc V.E...... ......ID 0,135-540,383 #7f0e024b app:id/quick_settings_container} during layout: running second layout pass
06-17 22:19:18.254  1111  1111 I ViewRootImpl: requestLayout is already in process
06-17 22:19:18.254   678  2253 V AlarmManager: setExact (T:3/F:8/AC:false) 20250617T221918 - CU:1000/CP:678
06-17 22:19:18.264  1283  1283 D BoundBrokerSvc: onBind: Intent { act=com.google.android.gms.presencemanager.service.START dat=chimera-action: cmp=com.google.android.gms/.chimera.PersistentApiService }
06-17 22:19:18.264  1283  1283 D BoundBrokerSvc: Loading bound service for intent: Intent { act=com.google.android.gms.presencemanager.service.START dat=chimera-action: cmp=com.google.android.gms/.chimera.PersistentApiService }
06-17 22:19:18.264   678   688 I art     : Background sticky concurrent mark sweep GC freed 21617(2MB) AllocSpace objects, 10(240KB) LOS objects, 8% free, 24MB/26MB, paused 3.510ms total 115.419ms
06-17 22:19:18.274  1283  1283 D BoundBrokerSvc: onBind: Intent { act=com.google.android.gms.presencemanager.service.INTERNAL_IDENTITY dat=chimera-action: cmp=com.google.android.gms/.chimera.PersistentApiService }
06-17 22:19:18.274  1283  1283 D BoundBrokerSvc: Loading bound service for intent: Intent { act=com.google.android.gms.presencemanager.service.INTERNAL_IDENTITY dat=chimera-action: cmp=com.google.android.gms/.chimera.PersistentApiService }
06-17 22:19:18.284   235  2103 I BufferQueueProducer: [StatusBar](this:0xb3245400,id:7,api:1,p:1111,c:235) queueBuffer: fps=2.95 dur=1015.53 max=700.98 min=109.33
06-17 22:19:18.284   235   326 I BufferQueueProducer: [StatusBar](this:0xb3245400,id:7,api:1,p:1111,c:235) new GraphicBuffer needed
06-17 22:19:18.294   235   326 I [MALI][Gralloc]: [+]hnd(0xb58a3700), client(30), share_fd(69), hnd->flags:4
06-17 22:19:18.294   235   326 D GraphicBuffer: alloc, handle(0xb58a3700) (w:540 h:960 s:544 f:0x1 u:0x000b00) err(0)
06-17 22:19:18.294  1111  1429 I [MALI][Gralloc]: [+]r_hnd(0xae3b4500), client(63), share_fd(69)
06-17 22:19:18.294  1111  1429 D GraphicBuffer: register, handle(0xae3b4500) (w:540 h:960 s:544 f:0x1 u:0x000b00)
06-17 22:19:18.294   678  1304 D AlarmManager: Cancel Alarm calling from uid:10018 pid :1283 / operation:PendingIntent{b078884: PendingIntentRecord{91f7859 com.google.android.gms broadcastIntent}}
06-17 22:19:18.294   678  1018 V AlarmManager: Expired Alarm result :8
06-17 22:19:18.314  1111  1111 D KeyguardUpdateMonitor: received broadcast android.intent.action.BATTERY_CHANGED
06-17 22:19:18.314  1111  1111 D PowerUI : BATTERY_MISC_EVENT_TIMEOUT_OPEN_TYPE - 0 oldFullyConnected = true mFullyConnected = true
06-17 22:19:18.314  1111  1111 I PowerUI.Notification: dismissing low battery notification
06-17 22:19:18.324  1111  1111 V Vibrator: Called vibrate(int, AudioAttributes, MagnitudeTypes) API - PUID: 10045, PackageName: com.android.systemui, MagnitudeType: TouchMagnitude
06-17 22:19:18.324  1111  1111 V Vibrator: vibrate - PUID: 10045, PackageName: com.android.systemui, type: 50010, mag: 9999, AudioAttr : null
06-17 22:19:18.324  1111  1111 D PowerUI : Cable  false --> true mBootCompleted : false
06-17 22:19:18.324  1111  1111 D PowerUI : Sending cableIntent : Intent { act=com.samsung.systemui.power.action.ACTION_CABLE_CONNECTED }
06-17 22:19:18.324  1111  1111 D PowerUI : priorPlugType = 0 mPlugType =  2
06-17 22:19:18.324   678  1004 V AlarmManager: setInexact (T:3/F:0/AC:false) 20250618T105508 - CU:10018/CP:1283
06-17 22:19:18.324  1111  1111 D PowerUI.Notification: playSound : 1
06-17 22:19:18.324   678  1004 V VibratorService: vibratePatternMagnitude - package: com.android.systemui, repeat: -1, token: android.os.BinderProxy@d9a7ca2, mag: 9999, def: 9999
06-17 22:19:18.324   678  1004 D VibratorService: Turning vibrator off
06-17 22:19:18.334  1111  1111 D PowerUI.Notification: RINGER_MODE_VIBRATE
06-17 22:19:18.334   678  3007 D VibratorService: vibratorOn() : 100ms, magnitude :9999, f : -1
06-17 22:19:18.334  1111  1111 D PowerUI : Cable charger connected
06-17 22:19:18.344  1111  1111 D ViewRootImpl: #1 mView = com.android.systemui.power.ChargerAnimationView{a53d9c8 V.E...... ......I. 0,0-0,0}
06-17 22:19:18.344   678  2599 V MARsPolicyManager: handelAlertToastWindowStarted pkgName = com.android.systemui
06-17 22:19:18.364  1541  1553 W art     : Suspending all threads took: 144.940ms
06-17 22:19:18.404  2333  2508 I Finsky:background: [165] SCH: Satisfied jobs for 10807 are: 47-15
06-17 22:19:18.474  1519  2999 I Finsky  : [156] getDownloads()
06-17 22:19:18.494  2542  2553 I art     : Background sticky concurrent mark sweep GC freed 8038(675KB) AllocSpace objects, 7(296KB) LOS objects, 4% free, 14MB/14MB, paused 2.022ms total 142.927ms
06-17 22:19:18.504  2983  2983 W System  : ClassLoader referenced unknown path: /system/priv-app/SamsungContacts/lib/arm
06-17 22:19:18.554  2476  2870 I WM-WorkerWrapper: Worker result SUCCESS for Work [ id=84a70a25-8bc9-4538-a6a1-a05d97e4db41, tags={ org.mozilla.fenix.components.metrics.GrowthDataWorker } ]
06-17 22:19:18.574   678  2253 D ConnectivityService: returning Blocked NetworkInfo for ifname=wlan0, uid=10117
06-17 22:19:18.584   678  2601 D ConnectivityService: returning Blocked NetworkInfo for ifname=wlan0, uid=10117
06-17 22:19:18.624   678  2252 D LocationManagerService: getAllProviders()=[passive, gps, network]
06-17 22:19:18.624   678  2600 D LocationManagerService: getLastLocation: Request[POWER_NONE passive fastest=0 num=1]
06-17 22:19:18.624   678  2599 D LocationManagerService: getLastLocation: Request[ACCURACY_FINE gps requested=0 fastest=0 num=1]
06-17 22:19:18.624   678  1143 D LocationManagerService: getLastLocation: Request[POWER_LOW network requested=0 fastest=0 num=1]
06-17 22:19:18.664   256   992 D SocketClient: SocketClient sendData done:
06-17 22:19:18.664   256   992 D SocketClient: SocketClient sendData done:
06-17 22:19:18.664   256   992 D SocketClient: SocketClient sendData done:
06-17 22:19:18.684   678  2252 D ConnectivityService: returning Blocked NetworkInfo for ifname=wlan0, uid=10118
06-17 22:19:18.684   678  1304 D ConnectivityService: returning Blocked NetworkInfo for ifname=wlan0, uid=10118
06-17 22:19:18.694  2333  2395 I Finsky:background: [154] DS: getDownloads()
06-17 22:19:18.694  1087  1449 D PhoneInterfaceManager: [PhoneIntfMgr] getDataEnabled: subId=-1 phoneId=-1
06-17 22:19:18.694  1087  1449 E PhoneInterfaceManager: [PhoneIntfMgr] getDataEnabled: no phone subId=-1 retVal=false
06-17 22:19:18.694  2736  2934 D TelephonyManager: getDataEnabled: retVal=false
06-17 22:19:18.704   678  2597 D ConnectivityService: returning Blocked NetworkInfo for ifname=wlan0, uid=10106
06-17 22:19:18.714  2736  2745 W art     : Suspending all threads took: 5.207ms
06-17 22:19:18.714  1111  1111 D PowerUI.ChargerAnimationView: Animation Started
06-17 22:19:18.714  1111  1111 W View    : requestLayout() improperly called by com.android.systemui.qs.QSContainer{746f7bc V.E...... ........ 0,135-540,383 #7f0e024b app:id/quick_settings_container} during second layout pass: posting in next frame
06-17 22:19:18.714  1111  1111 I Choreographer: Skipped 30 frames!  The application may be doing too much work on its main thread.
06-17 22:19:18.714  1111  1111 D PowerUI.Notification: dismissPowerSavingRecommendNotice
06-17 22:19:18.714  1111  1111 D BatteryMeterView: ACTION_BATTERY_CHANGED : level:3 status:2 health:2
06-17 22:19:18.714  1111  1111 D BatteryMeterView: Battery icon update - Charger plugged
06-17 22:19:18.714  1111  1111 D BatteryMeterView: ACTION_BATTERY_CHANGED : level:3 status:2 health:2
06-17 22:19:18.714  1111  1111 D BatteryMeterView: Battery icon update - Charger plugged
06-17 22:19:18.754  1519  2999 I Finsky  : [156] Initialized AssetModuleDownloader.
06-17 22:19:18.754   235   235 I BufferQueue: [unnamed-235-28](this:0xb41a0000,id:28,api:0,p:-1,c:-1) BufferQueue core=(235:/system/bin/surfaceflinger)
06-17 22:19:18.754   235   235 I BufferQueueConsumer: [unnamed-235-28](this:0xb41a0000,id:28,api:0,p:-1,c:235) connect(C): consumer=(235:/system/bin/surfaceflinger) controlledByApp=false
06-17 22:19:18.754   235   235 I BufferQueueConsumer: [unnamed-235-28](this:0xb41a0000,id:28,api:0,p:-1,c:235) setConsumerName: unnamed-235-28
06-17 22:19:18.754   235   235 I BufferQueueConsumer: [](this:0xb41a0000,id:28,api:0,p:-1,c:235) setConsumerName:
06-17 22:19:18.754   235   235 I BufferQueueConsumer: [](this:0xb41a0000,id:28,api:0,p:-1,c:235) setDefaultBufferSize: width=1 height=1
06-17 22:19:18.754   235   235 I SurfaceFlinger: id=28 createSurf (1x1),1 flag=4,
06-17 22:19:18.764  1519  1872 W art     : Verification of void akrt.F(java.lang.String, boolean) took 137.209ms
06-17 22:19:18.774   235   235 I BufferQueueConsumer: [](this:0xb41a0000,id:28,api:0,p:-1,c:235) setDefaultBufferSize: width=540 height=960
06-17 22:19:18.784  1111  1429 D Surface : Surface::connect(this=0x947dd300,api=1)
06-17 22:19:18.784   235  1023 I BufferQueueProducer: [](this:0xb41a0000,id:28,api:1,p:1111,c:235) connect(P): api=1 producer=(1111:com.android.systemui) producerControlledByApp=true
06-17 22:19:18.784  1111  1429 D mali_winsys: new_window_surface returns 0x3000
06-17 22:19:18.784  1111  1111 D Surface : Surface::allocateBuffers(this=0x947dd300)
06-17 22:19:18.784   235   324 D BufferQueueProducer: [](this:0xb41a0000,id:28,api:1,p:1111,c:235) allocateBuffers: allocating from 0 buffers up to 4 buffers
06-17 22:19:18.794   235   324 I [MALI][Gralloc]: [+]hnd(0xb59ec8c0), client(30), share_fd(43), hnd->flags:4
06-17 22:19:18.794   235   324 D GraphicBuffer: alloc, handle(0xb59ec8c0) (w:540 h:960 s:544 f:0x1 u:0x000b00) err(0)
06-17 22:19:18.794   678  1557 V AlarmManager: setInexact (T:3/F:0/AC:false) 20250618T044329 - CU:10018/CP:1283
06-17 22:19:18.804   235   324 I [MALI][Gralloc]: [+]hnd(0xb59eca00), client(30), share_fd(46), hnd->flags:4
06-17 22:19:18.804   235   324 D GraphicBuffer: alloc, handle(0xb59eca00) (w:540 h:960 s:544 f:0x1 u:0x000b00) err(0)
06-17 22:19:18.804  2736  2934 I art     : Waiting for a blocking GC DisableMovingGc
06-17 22:19:18.804  2736  2934 I art     : Starting a blocking GC DisableMovingGc
06-17 22:19:18.814   235   324 I [MALI][Gralloc]: [+]hnd(0xb59ecb40), client(30), share_fd(75), hnd->flags:4
06-17 22:19:18.814   235   324 D GraphicBuffer: alloc, handle(0xb59ecb40) (w:540 h:960 s:544 f:0x1 u:0x000b00) err(0)
06-17 22:19:18.814  2736  2736 I InsightService: Service created
06-17 22:19:18.824   235   324 I [MALI][Gralloc]: [+]hnd(0xb59ecc80), client(30), share_fd(45), hnd->flags:4
06-17 22:19:18.824   235   324 D GraphicBuffer: alloc, handle(0xb59ecc80) (w:540 h:960 s:544 f:0x1 u:0x000b00) err(0)
06-17 22:19:18.824   235   324 D BufferQueueProducer: [](this:0xb41a0000,id:28,api:1,p:1111,c:235) allocateBuffers: allocating from 4 buffers up to 4 buffers
06-17 22:19:18.834  2955  2955 E MTPRx   : In MtpReceiverandroid.hardware.usb.action.USB_STATE
06-17 22:19:18.834   678  1004 D SecContentProvider2: query(), uri = 14 selection = getSealedUsbMassStorageState
06-17 22:19:18.834  2955  2955 E MTPRx   : check value of boot_completed is1
06-17 22:19:18.834  2955  2955 E MTPRx   : check booting is completed_sys.boot_completed
06-17 22:19:18.834   678  1004 V BroadcastQueue: [foreground] Process cur broadcast BroadcastRecord{d0793d9 u-1 android.hardware.usb.action.USB_STATE qIdx=2}, state= (APP_RECEIVE) DELIVERED for app ProcessRecord{c8593b6 2955:com.samsung.android.MtpApplication/1000}
06-17 22:19:18.844  2955  2955 W MTPRx   : value of connected istrue
06-17 22:19:18.844  2955  2955 W MTPRx   : value of configured istrue
06-17 22:19:18.844  2955  2955 W MTPRx   : value of mtpEnabled istrue
06-17 22:19:18.844  2955  2955 W MTPRx   : value of ptpEnabled isfalse
06-17 22:19:18.844  2955  2955 W MTPRx   : value of vzw_charging isfalse
06-17 22:19:18.844  2955  2955 W MTPRx   : value of sec_charging isfalse
06-17 22:19:18.844  2955  2955 E MTPRx   : Received USB_STATE with sdCardLaunch = 0
06-17 22:19:18.844  2955  2955 E MTPRx   : mFirstTime: false
06-17 22:19:18.854  2955  2955 D         : MTP: reading debug level property
06-17 22:19:18.854  2955  2955 E MTPJNIInterface: Getting CryptionKey from JAVA
06-17 22:19:18.854   678  1004 D ApplicationPolicy: isStatusBarNotificationAllowedAsUser: packageName = com.android.systemui,userId = -1
06-17 22:19:18.854  1111  1111 D NotificationGroupManager: sendAppGroupSummary : ongoing / -1|android|17040370|null|1000
06-17 22:19:18.854  1111  1111 D KeyguardUpdateMonitor: handleBatteryUpdate: 2
06-17 22:19:18.854  2955  2955 E MTPRx   : currentUserId is 0
06-17 22:19:18.854  2955  2955 E MTPRx   : mtpCurrentGlobalUserId is 0
06-17 22:19:18.854  2955  2955 D ContextRelationManager: ContextRelationManager() : FEATURE_ENABLED=true
06-17 22:19:18.864  1111  1429 I [MALI][Gralloc]: [+]r_hnd(0xae3b5c20), client(63), share_fd(71)
06-17 22:19:18.864  1111  1429 D GraphicBuffer: register, handle(0xae3b5c20) (w:540 h:960 s:544 f:0x1 u:0x000b00)
06-17 22:19:18.864  2955  2955 E MTPRx   : Start observing USB_STATE_MATCH
06-17 22:19:18.864  1111  1429 I [MALI][Gralloc]: [+]r_hnd(0xae3b5d60), client(63), share_fd(73)
06-17 22:19:18.864  1111  1429 D GraphicBuffer: register, handle(0xae3b5d60) (w:540 h:960 s:544 f:0x1 u:0x000b00)
06-17 22:19:18.874   678  1546 V WindowStateAnimator: Finishing drawing window Window{9b6a8f0 u0 d0 p1111 com.android.systemui}: mDrawState=DRAW_PENDING
06-17 22:19:18.874  1111  1111 D ViewRootImpl: MSG_RESIZED_REPORT: ci=Rect(0, 0 - 0, 0) vi=Rect(0, 36 - 0, 0) or=1
06-17 22:19:18.874  2955  2955 E MTPRx   : usbMode is 0200
06-17 22:19:18.874  2955  2955 I EngineeringModeManager: com.samsung.android.MtpApplication connects to EngineeringModeService.
06-17 22:19:18.874  2955  2955 I EngineeringModeManager: getStatus() is called.
06-17 22:19:18.874   678  2599 I ENGMODE : EM Version#0001 - 2.0.5
06-17 22:19:18.874   678  2599 E ENGMODE : Failed to enable UD-Mode(lecagy)
06-17 22:19:18.874   678  2599 I EngineeringModeService: getStatus() is called.
06-17 22:19:18.884   678  2599 E ENGMODE : Failed to open token (-1)
06-17 22:19:18.884   678  2599 E ENGMODE : Failed to read token(-12)
06-17 22:19:18.884   678  2599 E ENGMODE : the req mode is not allowed (-12)
06-17 22:19:18.884  1111  1429 I [MALI][Gralloc]: [+]r_hnd(0xae3b6080), client(63), share_fd(74)
06-17 22:19:18.884  2955  2955 D MTPRx   : getUsbdebugStatus() is 0
06-17 22:19:18.884  1111  1429 D GraphicBuffer: register, handle(0xae3b6080) (w:540 h:960 s:544 f:0x1 u:0x000b00)
06-17 22:19:18.884  2955  2955 V MtpMediaDBManager: inside isExistGUID
06-17 22:19:18.884   678  1143 V WindowStateAnimator: Finishing drawing window Window{9b6a8f0 u0 d0 p1111 com.android.systemui}: mDrawState=HAS_DRAWN
06-17 22:19:18.894  2955  2955 V MtpMediaDBManager: finish isExistGUID resultfalse
06-17 22:19:18.894  2955  2955 W MTPRx   : Phone is locked for first connection. vzw_charging : false sec_charging : false
06-17 22:19:18.894   235   235 I BufferQueueProducer: [FrameBufferSurface_0](this:0xb3216000,id:0,api:1,p:235,c:235) queueBuffer: fps=2.50 dur=1602.16 max=797.09 min=14.58
06-17 22:19:18.894  2955  2955 E MTPJNIInterface: noti = 12
06-17 22:19:18.894   678  2253 D SettingsProvider: isChangeAllowed() : name = mtp_running_status
06-17 22:19:18.904  2955  2955 E MTPRx   : is_Privatemode is NOT 1
06-17 22:19:18.904  2955  2955 W MTPRx   : driverdisplay.trust Status = 1
06-17 22:19:18.904  2955  2955 D MTPRx   : Shared devices screen OFF completedfalse
06-17 22:19:18.904   678  2597 D SettingsProvider: isChangeAllowed() : name = mtp_drive_display
06-17 22:19:18.914  2955  2955 E MTPRx   : Sending NORMAL_BOOT to stack
06-17 22:19:18.914  2955  2955 E MTPJNIInterface: noti = 17
06-17 22:19:18.914   678  2253 D SecContentProvider: query(), uri = 18 selection = isUsbMediaPlayerAvailable
06-17 22:19:18.914  2955  2955 E MTPRx   : User is personal
06-17 22:19:18.914  2955  2955 E MTPRx   : sending MTP_ICON_ENABLED to stack
06-17 22:19:18.914   678  2599 D SettingsProvider: isChangeAllowed() : name = boot_time_connected
06-17 22:19:18.914   678  1557 D SettingsProvider: isChangeAllowed() : name = mtp_usb_conditions_met
06-17 22:19:18.914   678  2598 D SettingsProvider: isChangeAllowed() : name = mtp_running_status
06-17 22:19:18.924  2955  2955 E MTPRx   : else part ... so first time!!!
06-17 22:19:18.924  2955  2955 E MTPPlaObsrvr: inside setContext()
06-17 22:19:18.924  2955  2955 E MTPPlaObsrvr: Inside registerContentObserver
06-17 22:19:18.924  2955  3019 E MTPPlaObsrvr:  inside createplafiles
06-17 22:19:18.924   678  2600 D SettingsProvider: isChangeAllowed() : name = mtp_usb_conditions_met
06-17 22:19:18.934  2955  2955 E MtpAdbObserver: inside setContext()
06-17 22:19:18.934  2955  2955 E MtpAdbObserver: Inside registerContentObserver
06-17 22:19:18.934  2955  2955 W Settings: Setting adb_enabled has moved from android.provider.Settings.System to android.provider.Settings.Global, returning read-only global URI.
06-17 22:19:18.934  2955  2955 E MtpService: onCreate.
06-17 22:19:18.934   678  1557 D SettingsProvider: isChangeAllowed() : name = mtp_usb_conditions_met
06-17 22:19:18.934   678  2253 V BroadcastQueue: [foreground] Process cur broadcast BroadcastRecord{d0793d9 u-1 android.hardware.usb.action.USB_STATE qIdx=2}, state= (APP_RECEIVE) DELIVERED for app ProcessRecord{7e5e835 1889:android.process.media/u0a37}
06-17 22:19:18.944  2955  2955 E MtpService: < MTP > Registering BroadCast receiver :::::
06-17 22:19:18.944  2955  2955 E MtpService: Calling registerBroadCastuserPresentRec()
06-17 22:19:18.944  2955  2955 E MtpService: < MTP > Registering BroadCast receiver for USER Present:::::
06-17 22:19:18.954  1111  1429 I [MALI][Gralloc]: [+]r_hnd(0xae3b61c0), client(63), share_fd(75)
06-17 22:19:18.954  1111  1429 D GraphicBuffer: register, handle(0xae3b61c0) (w:540 h:960 s:544 f:0x1 u:0x000b00)
06-17 22:19:18.954  2955  2955 E MtpService: < MTP > Registering BroadCast registerBroadCastPolicyRec :::::
06-17 22:19:18.954  2955  2955 E MtpService: < MTP > Registering BroadCast registerBroadCastEmergencyRec :::::
06-17 22:19:18.954  2955  2955 E MtpService: onStartCommand.
06-17 22:19:18.954  2955  2955 W MTPRx   : calling native method
06-17 22:19:18.964  2955  2955 E MTPJNIInterface: < MTP > Registering BroadCast receiver :::::
06-17 22:19:18.964  2955  2955 E MTPJNIInterface: < MTP > Registering BroadCast receiver :::::::
06-17 22:19:18.964  2955  3020 E MtpService: handleMessage. msg= { when=-3ms what=0 arg1=1 obj=Intent { cmp=com.samsung.android.MtpApplication/.MtpService } target=com.samsung.android.MtpApplication.MtpService$ServiceHandler }
06-17 22:19:18.964  2955  2955 E MTPJNIInterface: noti = 10
06-17 22:19:18.964  2955  2955 E MtpService: onStartCommand.
06-17 22:19:18.964  2955  2955 W MTPRx   : calling native method
06-17 22:19:18.964  2955  2955 E MTPRx   : Checking the driver time out
06-17 22:19:18.974  2955  2955 E MTPJNIInterface: noti = 2
06-17 22:19:18.974  2955  2955 D         : deleting sockets before message queue initialization
06-17 22:19:18.974  2955  2955 D         : event handler thread is created, so set the flag
06-17 22:19:18.974  2955  2955 E MTPRx   : called native method
06-17 22:19:18.974  2955  2955 E MTPJNIInterface: setting Media scanner status0
06-17 22:19:18.974  2955  2955 E MTPJNIInterface: After setting Media scanner status0
06-17 22:19:18.974  2955  2955 W MTPRx   : notification from stack 1
06-17 22:19:18.974  2955  3021 E         : Unable to get Object Class and clearing cls 2 [int check_media_scanner_status() 595]
06-17 22:19:18.974  2955  3021 E MTPJNIInterface: Getting media scanner status0
06-17 22:19:18.984  2955  3021 E MTPJNIInterface: DeviceName is Null in System
06-17 22:19:18.984  2955  3021 E MTPJNIInterface: DeviceName is Galaxy S8 | XTreme Ultimate
06-17 22:19:18.984  2955  3021 E         : memcpy failed [memCpy 111]
06-17 22:19:18.984  2955  3020 E MtpService: handleMessage. msg= { when=-17ms what=0 arg1=2 obj=Intent { cmp=com.samsung.android.MtpApplication/.MtpService } target=com.samsung.android.MtpApplication.MtpService$ServiceHandler }
06-17 22:19:18.994   235   235 I SurfaceFlinger: [Built-in Screen (type:0)] fps:14.941546,dur:1003.91,max:470.13,min:14.58
06-17 22:19:19.004  2955  3021 E MTPJNIInterface: Status for mount/Unmount :unknown
06-17 22:19:19.004  2955  3021 E MTPJNIInterface: SDcard is not available
06-17 22:19:19.004  2955  3021 E MTPJNIInterface: Status for mount/Unmount :unknown
06-17 22:19:19.004  2955  3021 E MTPJNIInterface: SDcard is not available
06-17 22:19:19.004  2955  3021 E SQLiteLog: (21) API call with NULL database connection pointer
06-17 22:19:19.004  2955  3021 E SQLiteLog: (21) misuse at line 107921 of [5a3022e081]
06-17 22:19:19.004  2955  3021 E SQLiteLog: (21) API call with NULL database connection pointer
06-17 22:19:19.004  2955  3021 E SQLiteLog: (21) misuse at line 107921 of [5a3022e081]
06-17 22:19:19.004  2955  3019 E MTPPlaObsrvr: playlist count is0
06-17 22:19:19.004  2955  3019 E MTPPlaObsrvr:  inside try branch createplafiles
06-17 22:19:19.004  2955  3021 E SQLiteLog: (21) API call with NULL database connection pointer
06-17 22:19:19.004  2955  3021 E SQLiteLog: (21) misuse at line 107921 of [5a3022e081]
06-17 22:19:19.004  2955  3021 E SQLiteLog: (21) API call with NULL database connection pointer
06-17 22:19:19.004  2955  3019 E MTPPlaObsrvr:  inside deleteing plas createplafiles
06-17 22:19:19.004  2955  3021 E SQLiteLog: (21) misuse at line 107921 of [5a3022e081]
06-17 22:19:19.004   678  2597 V BroadcastQueue: [foreground] Process cur broadcast BroadcastRecord{d0793d9 u-1 android.hardware.usb.action.USB_STATE qIdx=2}, state= (APP_RECEIVE) DELIVERED for app ProcessRecord{e31da16 2753:com.samsung.android.SettingsReceiver/1000}
06-17 22:19:19.014  2955  2955 W MTPRx   : notification from stack 2
06-17 22:19:19.014  2955  3022 D         : [mtp_init_device] Library open with 32 bits.
06-17 22:19:19.014  2955  3022 D         : [mtp_init_device] Going to open(): /dev/usb_mtp_gadget
06-17 22:19:19.014  2955  3022 E         : [mtp_init_device 747]  After open the MTP fd = 25 and line = 747...
06-17 22:19:19.014  2955  3022 D         : [mtp_init_device] IOCTL SET_MTP_USER_PID Sucesss
06-17 22:19:19.024  2955  3022 E         :  [sua_support_present:1340] returning false
06-17 22:19:19.024  2955  3022 D         : *****Starting mtp_io()
06-17 22:19:19.024  2955  2955 W MTPRx   : notification from stack 3
06-17 22:19:19.024  2955  3022 D         : [mtp_start_io] source_thread Creation
06-17 22:19:19.024  2955  3022 D         : [mtp_start_io] sink_thread Creation
06-17 22:19:19.024  2955  3022 D         : [mtp_start_io:420] sink thread created so set th_sink
06-17 22:19:19.034  1283  1283 D BoundBrokerSvc: onUnbind: Intent { act=com.google.android.gms.common.telemetry.service.START dat=chimera-action: cmp=com.google.android.gms/.chimera.PersistentApiService }
06-17 22:19:19.034  2955  2955 W MTPRx   : notification from stack 14
06-17 22:19:19.034  2955  2955 E MTPRx   : Open session has come  remove the  Message false
06-17 22:19:19.034  2955  2955 V MtpMediaDBManager: inside isExistGUID
06-17 22:19:19.034  2753  2753 E ActivityThread: Failed to find provider info for com.myscript.atk.rmc
06-17 22:19:19.034   678  1305 D SettingsProvider: isChangeAllowed() : name = mtp_open_session
06-17 22:19:19.044  1889  1889 D MediaScanner: MediaScanner - mSkipList:
06-17 22:19:19.044  1889  1889 D MediaScanner: 7klwibgf7fvntblfd7(7bnlwubmrdblb.(747klwibgf7fvntblfd7(7DrwDrcl+A7
06-17 22:19:19.054  2955  3023 E SQLiteLog: (1) no such table: system
06-17 22:19:19.054  2955  3023 E SQLiteLog: (1) no such table: global
06-17 22:19:19.054  2955  3023 E MTPJNIInterface: Value of device_name is Galaxy S8 | XTreme Ultimate
06-17 22:19:19.054  1889  1889 D MtpService: starting MTP server in MTP mode
06-17 22:19:19.054  1889  1889 E MtpServerJNI: could not open MTP driver, errno: 2
06-17 22:19:19.054  2955  2955 V MtpMediaDBManager: finish isExistGUID resultfalse
06-17 22:19:19.054   678  1304 D SettingsProvider: isChangeAllowed() : name = enable_mtp_settings
06-17 22:19:19.064  1889  1889 D MtpService: Adding MTP storage 0x10001 at /storage/emulated/0
06-17 22:19:19.064  1889  1889 E MtpServerJNI: server is null in add_storage
06-17 22:19:19.064  1889  3027 E MtpServerJNI: server is null in run
06-17 22:19:19.064  1889  3027 E MtpServerJNI: server is null in cleanup
06-17 22:19:19.064  1889  1889 E MtpServerJNI: server is null in send_object_removed
06-17 22:19:19.064  2955  2955 E MTPRx   : Show popup for trust mtp
06-17 22:19:19.064  2476  2870 I WM-WorkerWrapper: Worker result SUCCESS for Work [ id=d2b1ed8b-0e83-4e49-8e45-c150cfd05e48, tags={ org.mozilla.fenix.messaging.MessageNotificationWorker } ]
06-17 22:19:19.074   678  1143 D ActivityManager: AppLocked getMultiWindowStyle:null
06-17 22:19:19.074   678  1143 D ActivityManager: AppLocked isLaunchedFromRecents:false hasMultiWindowStyle:false not normal : false
06-17 22:19:19.074   678  1143 D ActivityManager: mDVFSHelper.acquire()
06-17 22:19:19.084   678  1143 D ActivityTrigger: ActivityTrigger activityPauseTrigger
06-17 22:19:19.084  1307  1307 V Launcher: Launcher.onPause()
06-17 22:19:19.084   678  1143 D ConnectivityService: returning getNetworkInfo for network type 1 : [type: WIFI[] - WIFI, state: CONNECTED/CONNECTED, reason: (unspecified), extra: "Wi-fi 79", roaming: false, failover: false, isAvailable: true] /UID : 1000 , PID : 678
06-17 22:19:19.084   678  1143 V WindowManager: addAppToken: AppWindowToken{eb3ee5f token=Token{9ece6fe ActivityRecord{87f2b9 u0 com.samsung.android.MtpApplication/.USBConnection t27}}} to stack=1 task=27 at 0
06-17 22:19:19.094   678  1143 D InputDispatcher: Focused application set to: xxxx
06-17 22:19:19.094   678  1143 D InputDispatcher: Focus left window: 1307
06-17 22:19:19.094   678   850 D PointerIcon: setMouseIconStyle1 pointerType: 1001 iconType:101 flag:0 pid:678 uid:1000
