- waiting for device -
--------- beginning of system
06-17 22:19:01.574   256  2033 D SocketClient: SocketClient sendData done:
06-17 22:19:01.574   256  2033 D SocketClient: SocketClient sendData done:
06-17 22:19:01.574   256  2033 D SocketClient: SocketClient sendData done:
06-17 22:19:01.574   256  2033 D SocketClient: SocketClient sendData done:
06-17 22:19:01.574   256  2033 D SocketClient: SocketClient sendData done:
06-17 22:19:01.574   256  2033 D SocketClient: SocketClient sendData done:
06-17 22:19:01.574   256  2033 D SocketClient: SocketClient sendData done:
06-17 22:19:01.574   256  2033 D SocketClient: SocketClient sendData done:
06-17 22:19:01.574   256  2033 D SocketClient: SocketClient sendData done:
06-17 22:19:01.574   256  2033 D SocketClient: SocketClient sendData done:
06-17 22:19:01.574   256  2033 D SocketClient: SocketClient sendData done:
06-17 22:19:01.574   256  2033 D SocketClient: SocketClient sendData done:
06-17 22:19:01.574   256  2033 D SocketClient: SocketClient sendData done:
06-17 22:19:01.574   256  2033 D SocketClient: SocketClient sendData done:
06-17 22:19:01.574   256  2033 D SocketClient: SocketClient sendData done:
06-17 22:19:01.574   256  2033 D SocketClient: SocketClient sendData done:
06-17 22:19:01.574   256  2033 D SocketClient: SocketClient sendData done:
06-17 22:19:01.574   256  2033 D SocketClient: SocketClient sendData done:
06-17 22:19:01.574   256  2033 D SocketClient: SocketClient sendData done:
06-17 22:19:01.574   256  2033 D SocketClient: SocketClient sendData done:
06-17 22:19:01.574   256  2033 D SocketClient: SocketClient sendData done:
06-17 22:19:01.574   256  2033 D SocketClient: SocketClient sendData done:
06-17 22:19:01.574   256  2033 D SocketClient: SocketClient sendData done:
06-17 22:19:01.574   256  2033 D SocketClient: SocketClient sendData done:
06-17 22:19:01.574   256  2033 D SocketClient: SocketClient sendData done:
06-17 22:19:01.574   256  2033 D SocketClient: SocketClient sendData done:
06-17 22:19:01.574   256  2033 D SocketClient: SocketClient sendData done:
06-17 22:19:01.574   256  2033 D SocketClient: SocketClient sendData done:
06-17 22:19:01.574   256  2033 D SocketClient: SocketClient sendData done:
06-17 22:19:01.574   256  2033 D SocketClient: SocketClient sendData done:
06-17 22:19:01.574   256  2033 D SocketClient: SocketClient sendData done:
06-17 22:19:01.574   256  2033 D SocketClient: SocketClient sendData done:
06-17 22:19:01.574   256  2033 D SocketClient: SocketClient sendData done:
06-17 22:19:01.574   256  2033 D SocketClient: SocketClient sendData done:
06-17 22:19:01.574   256  2033 D SocketClient: SocketClient sendData done:
06-17 22:19:01.574   256  2033 D SocketClient: SocketClient sendData done:
06-17 22:19:01.574   256  2033 D SocketClient: SocketClient sendData done:
06-17 22:19:01.574   256  2033 D SocketClient: SocketClient sendData done:
06-17 22:19:01.574   256  2033 D SocketClient: SocketClient sendData done:
06-17 22:19:01.574   256  2033 D SocketClient: SocketClient sendData done:
06-17 22:19:01.574   256  2033 D SocketClient: SocketClient sendData done:
06-17 22:19:01.574   256  2033 D SocketClient: SocketClient sendData done:
06-17 22:19:01.574   256  2033 D SocketClient: SocketClient sendData done:
06-17 22:19:01.574   256  2033 D SocketClient: SocketClient sendData done:
06-17 22:19:01.574   256  2033 D SocketClient: SocketClient sendData done:
06-17 22:19:01.574   256  2033 D SocketClient: SocketClient sendData done:
06-17 22:19:01.574   256  2033 D SocketClient: SocketClient sendData done:
06-17 22:19:01.574   256  2033 D SocketClient: SocketClient sendData done:
06-17 22:19:01.574   256  2033 D SocketClient: SocketClient sendData done:
06-17 22:19:01.574   256  2033 D SocketClient: SocketClient sendData done:
06-17 22:19:01.574   256  2033 D SocketClient: SocketClient sendData done:
06-17 22:19:01.664  1111  1111 D PowerUI.Notification: dismissPowerSavingRecommendNotice
06-17 22:19:01.704   678   693 D PowerManagerService: [api] [s] userActivity : event: 0 flags: 0 (uid: 10045 pid: 1111) eventTime = 32444
06-17 22:19:01.704   678  1558 D PowerManagerService: [api] [s] userActivity : event: 0 flags: 0 (uid: 10045 pid: 1111) eventTime = 32447
06-17 22:19:01.724   678   757 D KernelCpuSpeedReader: line: 1443000 1925
06-17 22:19:01.724   678   757 D KernelCpuSpeedReader: line: 1300000 932
06-17 22:19:01.724   678   837 V MARsPolicyManager: setPackagesUnusedLockingTime hours = 72
06-17 22:19:01.724   678   757 D KernelCpuSpeedReader: line: 1170000 100
06-17 22:19:01.724   678   757 D KernelCpuSpeedReader: line: 1040000 100
06-17 22:19:01.724   678   837 V MARsPolicyManager: setAllPoliciesOnOffState on = 1
06-17 22:19:01.724   678   757 D KernelCpuSpeedReader: line: 819000 100
06-17 22:19:01.724   678   757 D KernelCpuSpeedReader: line: 702000 0
06-17 22:19:01.724   678   757 D KernelCpuSpeedReader: line: 598000 0
06-17 22:19:01.724   678   757 D KernelCpuSpeedReader: line: 299000 0
06-17 22:19:01.744  1111  1111 D PhoneStatusBar: adjustDisableFlags:false, false, false, false, true, 1
06-17 22:19:01.744  1111  1111 D BatteryMeterView: ACTION_BATTERY_CHANGED : level:3 status:2 health:2
06-17 22:19:01.744  1111  1111 D BatteryMeterView: Battery icon update - Charger plugged
06-17 22:19:01.744  1111  1111 D BatteryMeterView: ACTION_BATTERY_CHANGED : level:3 status:2 health:2
06-17 22:19:01.744  1111  1111 D BatteryMeterView: Battery icon update - Charger plugged
06-17 22:19:01.764   678   757 D BatteryStatsImpl: charging plug is inserted!  noteGpuStoppedLocked
06-17 22:19:01.764   678   757 D UsbDeviceManager: handleMessage -> MSG_POWER_STATE = 1, mBootCompleted(true), mCurrentFunctions(mtp,adb), mPowerConnected(true)
06-17 22:19:01.764   678   757 D UsbDeviceManager: sending intent : ACTION_USB_CABLE_STATE : connected = true
06-17 22:19:01.764   678   757 D UsbDeviceManager: handleMessage -> MSG_UPDATE_STATE connected = 1,configured = 1
06-17 22:19:01.764   678   757 D UsbDeviceManager: updateUsbNotification_Lock++
06-17 22:19:01.764   678   757 D UsbDeviceManager: updateUsbNotification(false) : mConnected = true, mConfigured = true, mCurrentFunctions = mtp,adb, mHostConnected = false, mSupportDualRole = false, mIsPowerSource = false
06-17 22:19:01.764   678   757 D UsbDeviceManager: mps exists
06-17 22:19:01.764   678   757 D UsbDeviceManager: isUsb30Enabled: read '/sys/class/android_usb/android0/bcdUSB', state = 0200
06-17 22:19:01.764   678   757 D UsbDeviceManager: id=17040370, mUsbNotificationId=17040370
06-17 22:19:01.764   678   757 D UsbDeviceManager: updateUsbNotification_Lock--
06-17 22:19:01.764   678   757 D UsbDeviceManager: broadcasting Intent { act=android.hardware.usb.action.USB_STATE flg=0x30000000 (has extras) } connected: true configured: true
06-17 22:19:01.764   678   757 D UsbDeviceManager: sending intent : ACTION_USB_STATE : connected = true, configured = true, functions = mtp,adb
06-17 22:19:01.764   678   757 D UsbDeviceManager: mps exists
06-17 22:19:01.784   678   837 V MARsDBManager: getManagedPackagesFromDB!
06-17 22:19:01.794   678   837 V MARsPolicyManager: updateManagedPackages! size = 6
06-17 22:19:01.794   256   993 D SocketClient: SocketClient sendData done: 200 54 Bandwidth command succeeeded
06-17 22:19:01.794   678  1043 D NetworkPolicy: isUidForegroundLocked: 10032, mScreenOn: true, uidstate: 16, mProxSensorScreenOff: false
06-17 22:19:01.804   678  1043 V NetworkPolicy: getFirewallRuleWifi UID:10032 policy:0
06-17 22:19:01.834   256   993 D SocketClient: SocketClient sendData done: 200 55 Bandwidth command succeeeded
06-17 22:19:01.834   678  1043 D NetworkPolicy: isUidForegroundLocked: 10001, mScreenOn: true, uidstate: 3, mProxSensorScreenOff: false
06-17 22:19:01.834   678  1043 V NetworkPolicy: getFirewallRuleWifi UID:10001 policy:0
06-17 22:19:01.834   678  1043 D NetworkPolicy: isUidForegroundLocked: 10009, mScreenOn: true, uidstate: 16, mProxSensorScreenOff: false
06-17 22:19:01.834   678  1043 V NetworkPolicy: getFirewallRuleWifi UID:10009 policy:0
06-17 22:19:01.854   678   752 W ProcessCpuTracker: Skipping unknown process pid 2034
06-17 22:19:01.924   678  1558 D MountService: getExternalStorageMountMode : 1
06-17 22:19:01.924   678  1558 D MountService: getExternalStorageMountMode : 3
06-17 22:19:01.924   678  1558 D MountService: getExternalStorageMountMode : final mountMode=1, uid : 5004, packageName : com.samsung.cmh
06-17 22:19:01.934   678   678 D MotionRecognitionService:   mReceiver.onReceive : ACTION_POWER_CONNECTED
06-17 22:19:01.934   678   678 D MotionRecognitionService:   cableConnection= 1
06-17 22:19:01.934   678   678 D MotionRecognitionService: setPowerConnected | current backoff  = 0 , state =0
06-17 22:19:01.934   678   678 D MotionRecognitionService: skip setTransmitPower.
06-17 22:19:01.934   678   678 D VibratorService: Turning vibrator off
06-17 22:19:01.944   678   678 D LightsService: [api] [SvcLED] turnOff:: id = 6 (uid: 1000 pid: 678)
06-17 22:19:01.944   678   678 D LightsService: [api] [SvcLED] LED indicator : Not supported.
06-17 22:19:01.964   678  1558 I ActivityManager: Start proc 2056:com.samsung.cmh:CMH/5004 for service com.samsung.cmh/.service.CMHService
06-17 22:19:01.994   678   752 V MARsPolicyManager: updatePackagesScore PackageInfo name -- com.sec.android.app.launcher
06-17 22:19:01.994   678  1304 D MountService: getExternalStorageMountMode : 1
06-17 22:19:01.994   678  1304 D MountService: getExternalStorageMountMode : 3
06-17 22:19:01.994   678  1304 D MountService: getExternalStorageMountMode : final mountMode=1, uid : 5009, packageName : com.samsung.android.scloud
06-17 22:19:01.994  2056  2056 I libpersona: KNOX_SDCARD checking this for 5004
06-17 22:19:01.994  2056  2056 I libpersona: KNOX_SDCARD not a persona
06-17 22:19:02.034   256   993 D SocketClient: SocketClient sendData done: 200 56 Bandwidth command succeeeded
06-17 22:19:02.034   678  1043 D NetworkPolicy: isUidForegroundLocked: 10036, mScreenOn: true, uidstate: 16, mProxSensorScreenOff: false
06-17 22:19:02.034   678  1043 V NetworkPolicy: getFirewallRuleWifi UID:10036 policy:0
06-17 22:19:02.034   678  1304 I ActivityManager: Start proc 2068:com.samsung.android.scloud:contentsync/5009 for service com.samsung.android.scloud/.cloudagent.detector.MediaDetectionService
06-17 22:19:02.044   678   752 E MARsPolicyManager: getPackageInfo package com.topjohnwu.magisk not installed!
06-17 22:19:02.044   678   752 V MARsPolicyManager: executePolicy policy  applockerpolicy(3) reason User Set Always Optimizing
06-17 22:19:02.044   678   752 V MARsPolicyManager: Choosed Package nu.nav.bar has the process under ADJ 5 - Skip NON-STICKY KILL
06-17 22:19:02.054   678   678 D GameManagerService: NotifyRunnable. pkg: com.sec.android.app.launcher, type: 4, isMinimized: false, isTunableApp: false
06-17 22:19:02.054   678   678 D GameManagerService: unexpected mPrevNotiType: -1
06-17 22:19:02.054  2068  2068 I libpersona: KNOX_SDCARD checking this for 5009
06-17 22:19:02.054  2068  2068 I libpersona: KNOX_SDCARD not a persona
06-17 22:19:02.064   678   693 D StatusBarManagerService: manageDisableList userId=0 what=0x0 pkg=com.android.systemui
06-17 22:19:02.074   678   678 D MARsPolicyManager: NotificationListenerService OngoingNotificationPosted : com.android.systemui
06-17 22:19:02.084   678   692 W ActivityManager: Unable to start service Intent { act=com.android.launcher3.WINDOW_OVERLAY dat=app://com.sec.android.app.launcher:10022?v=0 pkg=com.google.android.googlequicksearchbox } U=0: not found
06-17 22:19:02.124   678   678 E MotionRecognitionService:   mReceiver.onReceive : ACTION_USER_PRESENT  :: UNLOCK SCREEN
06-17 22:19:02.134   678   678 D LightsService: [api] [SvcLED] turnOff:: id = 6 (uid: 1000 pid: 678)
06-17 22:19:02.134   678   678 D LightsService: [api] [SvcLED] LED indicator : Not supported.
06-17 22:19:02.134   678   678 D UsbDeviceManager: Keyguard Lock/Unlock
06-17 22:19:02.134   678   678 D UsbDeviceManager: Keyguard Unlock Receiver - MTP DISPLAY VALUE ABNORMAL
06-17 22:19:02.134  1307  1307 W ActivityThread: AppLock checkAppLockState isAppLocked = false pkgName = com.sec.android.app.launcher showWhenLocked = false
06-17 22:19:02.164   256   993 D SocketClient: SocketClient sendData done: 200 57 Bandwidth command succeeeded
06-17 22:19:02.164   678  1043 D NetworkPolicy: isUidForegroundLocked: 10037, mScreenOn: true, uidstate: 16, mProxSensorScreenOff: false
06-17 22:19:02.164   678  1043 V NetworkPolicy: getFirewallRuleWifi UID:10037 policy:0
06-17 22:19:02.164   678  1043 D NetworkPolicy: isUidForegroundLocked: 10017, mScreenOn: true, uidstate: 16, mProxSensorScreenOff: false
06-17 22:19:02.164   678  1043 V NetworkPolicy: getFirewallRuleWifi UID:10017 policy:0
06-17 22:19:02.214   256   993 D SocketClient: SocketClient sendData done: 200 58 Bandwidth command succeeeded
06-17 22:19:02.214   678  1043 D NetworkPolicy: isUidForegroundLocked: 10108, mScreenOn: true, uidstate: 16, mProxSensorScreenOff: false
06-17 22:19:02.214   678  1043 V NetworkPolicy: getFirewallRuleWifi UID:10108 policy:0
06-17 22:19:02.254   256   993 D SocketClient: SocketClient sendData done: 200 59 Bandwidth command succeeeded
06-17 22:19:02.254   678  1043 D NetworkPolicy: isUidForegroundLocked: 10034, mScreenOn: true, uidstate: 16, mProxSensorScreenOff: false
06-17 22:19:02.254   678  1043 V NetworkPolicy: getFirewallRuleWifi UID:10034 policy:0
06-17 22:19:02.304   256   993 D SocketClient: SocketClient sendData done: 200 60 Bandwidth command succeeeded
06-17 22:19:02.304   678  1043 D NetworkPolicy: isUidForegroundLocked: 10037, mScreenOn: true, uidstate: 16, mProxSensorScreenOff: false
06-17 22:19:02.314   678  1043 V NetworkPolicy: getFirewallRuleWifi UID:10037 policy:0
06-17 22:19:02.314   678  1043 D NetworkPolicy: isUidForegroundLocked: 10084, mScreenOn: true, uidstate: 16, mProxSensorScreenOff: false
06-17 22:19:02.314   678  1043 V NetworkPolicy: getFirewallRuleWifi UID:10084 policy:0
06-17 22:19:02.374   256   993 D SocketClient: SocketClient sendData done: 200 61 Bandwidth command succeeeded
06-17 22:19:02.374   678  1043 D NetworkPolicy: isUidForegroundLocked: 10010, mScreenOn: true, uidstate: 16, mProxSensorScreenOff: false
06-17 22:19:02.374   678  1043 V NetworkPolicy: getFirewallRuleWifi UID:10010 policy:0
06-17 22:19:02.394   678  1004 V BroadcastQueue: [foreground] Process cur broadcast BroadcastRecord{b31a6bd u-1 android.intent.action.SIM_STATE_CHANGED qIdx=2}, state= (APP_RECEIVE) DELIVERED for app ProcessRecord{c68572c 1283:com.google.android.gms.persistent/u0a18}
06-17 22:19:02.404   256   993 D SocketClient: SocketClient sendData done: 200 62 Bandwidth command succeeeded
06-17 22:19:02.414   678  1043 D NetworkPolicy: isUidForegroundLocked: 10015, mScreenOn: true, uidstate: 16, mProxSensorScreenOff: false
06-17 22:19:02.414   678  1043 V NetworkPolicy: getFirewallRuleWifi UID:10015 policy:0
06-17 22:19:02.414   678  1558 V WindowOrientationListener: setCurrentAppOrientation :5
06-17 22:19:02.414   678   755 D StatusBarManagerService: manageDisableList userId=0 what=0x0 pkg=Window{77ffe15 u0 d0 p1307 com.sec.android.app.launcher/com.sec.android.app.launcher.activities.LauncherActivity}
06-17 22:19:02.414   678  1558 V WindowManager: rotationForOrientationLw(orient=5, last=0); user=0 USER_ROTATION_LOCKED sensorRotation=-1 mLidState=-1 mDockMode=0 mHdmiPlugged=false mMobileKeyboardEnabled=false displayId=0
06-17 22:19:02.424   678  1558 D PowerManagerService: [api] setUserActivityTimeoutOverrideFromWindowManagerInternal: timeoutMillis: -1
06-17 22:19:02.424   678  1558 D PowerManagerService: [s] getScreenOffTimeoutLocked: 3000 -> 1800000
06-17 22:19:02.424   678  1558 D PowerManagerService: [api] setScreenDimDurationOverrideFromWindowManagerInternal: timeoutMillis: -1
06-17 22:19:02.444   256   993 D SocketClient: SocketClient sendData done: 200 63 Bandwidth command succeeeded
06-17 22:19:02.444   678  1043 D NetworkPolicy: isUidForegroundLocked: 10029, mScreenOn: true, uidstate: 16, mProxSensorScreenOff: false
06-17 22:19:02.444   678  1043 V NetworkPolicy: getFirewallRuleWifi UID:10029 policy:0
06-17 22:19:02.444   678  1043 D NetworkPolicy: isUidForegroundLocked: 10076, mScreenOn: true, uidstate: 16, mProxSensorScreenOff: false
06-17 22:19:02.444   678  1043 V NetworkPolicy: getFirewallRuleWifi UID:10076 policy:0
06-17 22:19:02.474   256   993 D SocketClient: SocketClient sendData done: 200 64 Bandwidth command succeeeded
06-17 22:19:02.484   678  1043 D NetworkPolicy: isUidForegroundLocked: 10002, mScreenOn: true, uidstate: 16, mProxSensorScreenOff: false
06-17 22:19:02.484   678  1043 V NetworkPolicy: getFirewallRuleWifi UID:10002 policy:0
06-17 22:19:02.514   256   986 E NetlinkEvent: NetlinkEvent::decode(): buffer'H' size:72,format:1
06-17 22:19:02.514   256   986 D NetlinkEvent: parseIfAddrMessage: if:wlan0; ADDRESS 2405:4802:91b3:e140:169f:3cff:fe8e:44b9;VALID=1;
06-17 22:19:02.514   256   986 D SocketClient: SocketClient sendData done: 614 Address updated 2405:4802:91b3:e140:169f:3cff:fe8e:44b9/64 wlan0 0 0
06-17 22:19:02.514   256   986 E NetlinkEvent: NetlinkEvent::decode(): buffer'H' size:72,format:1
06-17 22:19:02.514   256   986 D NetlinkEvent: parseIfAddrMessage: if:wlan0; ADDRESS 2405:4802:91b3:e140:e4:6ad5:356b:6bd8;VALID=1;
06-17 22:19:02.514   256   986 D SocketClient: SocketClient sendData done: 614 Address updated 2405:4802:91b3:e140:e4:6ad5:356b:6bd8/64 wlan0 1 0
06-17 22:19:02.524   256   993 D SocketClient: SocketClient sendData done: 200 65 Bandwidth command succeeeded
06-17 22:19:02.524   678  1043 D NetworkPolicy: isUidForegroundLocked: 10062, mScreenOn: true, uidstate: 16, mProxSensorScreenOff: false
06-17 22:19:02.524   678  1043 V NetworkPolicy: getFirewallRuleWifi UID:10062 policy:0
06-17 22:19:02.534   678  1557 V InputMethodManagerService: Adding window token: android.os.Binder@fb4b8f3
06-17 22:19:02.584   256   993 D SocketClient: SocketClient sendData done: 200 66 Bandwidth command succeeeded
06-17 22:19:02.584   678  1043 D NetworkPolicy: isUidForegroundLocked: 10121, mScreenOn: true, uidstate: 3, mProxSensorScreenOff: false
06-17 22:19:02.584   678  1043 V NetworkPolicy: getFirewallRuleWifi UID:10121 policy:0
06-17 22:19:02.584   678  1043 D NetworkPolicy: isUidForegroundLocked: 10025, mScreenOn: true, uidstate: 16, mProxSensorScreenOff: false
06-17 22:19:02.584   678  1043 V NetworkPolicy: getFirewallRuleWifi UID:10025 policy:0
06-17 22:19:02.624   256   993 D SocketClient: SocketClient sendData done: 200 67 Bandwidth command succeeeded
06-17 22:19:02.644   678  1043 D NetworkPolicy: isUidForegroundLocked: 10024, mScreenOn: true, uidstate: 16, mProxSensorScreenOff: false
06-17 22:19:02.644   678  1043 V NetworkPolicy: getFirewallRuleWifi UID:10024 policy:0
06-17 22:19:02.644   678  1043 D NetworkPolicy: isUidForegroundLocked: 10044, mScreenOn: true, uidstate: 16, mProxSensorScreenOff: false
06-17 22:19:02.644   678  1043 V NetworkPolicy: getFirewallRuleWifi UID:10044 policy:0
06-17 22:19:02.684   256   993 D SocketClient: SocketClient sendData done: 200 68 Bandwidth command succeeeded
06-17 22:19:02.684   678  1043 D NetworkPolicy: isUidForegroundLocked: 10002, mScreenOn: true, uidstate: 16, mProxSensorScreenOff: false
06-17 22:19:02.684   678  1043 V NetworkPolicy: getFirewallRuleWifi UID:10002 policy:0
06-17 22:19:02.684   678  1043 D NetworkPolicy: isUidForegroundLocked: 10081, mScreenOn: true, uidstate: 16, mProxSensorScreenOff: false
06-17 22:19:02.684   678  1043 V NetworkPolicy: getFirewallRuleWifi UID:10081 policy:0
06-17 22:19:02.714   256   993 D SocketClient: SocketClient sendData done: 200 69 Bandwidth command succeeeded
06-17 22:19:02.714   678  1043 D NetworkPolicy: isUidForegroundLocked: 10038, mScreenOn: true, uidstate: 16, mProxSensorScreenOff: false
06-17 22:19:02.714   678  1043 V NetworkPolicy: getFirewallRuleWifi UID:10038 policy:0
06-17 22:19:02.754   256   993 D SocketClient: SocketClient sendData done: 200 70 Bandwidth command succeeeded
06-17 22:19:02.764   678  1043 D NetworkPolicy: isUidForegroundLocked: 10016, mScreenOn: true, uidstate: 16, mProxSensorScreenOff: false
06-17 22:19:02.764   678  1043 V NetworkPolicy: getFirewallRuleWifi UID:10016 policy:0
06-17 22:19:02.784   678  1558 W ContextImpl: Calling a method in the system process without a qualified user: android.app.ContextImpl.sendBroadcast:858 com.android.server.am.ActivityManagerService.requestKnoxVpnToSendProxyBroadcast:-1 com.android.server.am.ActivityManagerService.registerReceiver:-1 android.app.ActivityManagerNative.onTransact:435 com.android.server.am.ActivityManagerService.onTransact:-1
06-17 22:19:02.794   678   850 V WindowManager: Dim Duration=10
06-17 22:19:02.794   256   993 D SocketClient: SocketClient sendData done: 200 71 Bandwidth command succeeeded
06-17 22:19:02.794   678  1043 D NetworkPolicy: isUidForegroundLocked: 10028, mScreenOn: true, uidstate: 3, mProxSensorScreenOff: false
06-17 22:19:02.794   678  1043 V NetworkPolicy: getFirewallRuleWifi UID:10028 policy:0
06-17 22:19:02.794   678  1043 D NetworkPolicy: isUidForegroundLocked: 10012, mScreenOn: true, uidstate: 16, mProxSensorScreenOff: false
06-17 22:19:02.794   678  1043 V NetworkPolicy: getFirewallRuleWifi UID:10012 policy:0
06-17 22:19:02.834   256   993 D SocketClient: SocketClient sendData done: 200 72 Bandwidth command succeeeded
06-17 22:19:02.844   678  1043 D NetworkPolicy: isUidForegroundLocked: 10046, mScreenOn: true, uidstate: 16, mProxSensorScreenOff: false
06-17 22:19:02.844   678  1043 V NetworkPolicy: getFirewallRuleWifi UID:10046 policy:0
06-17 22:19:02.894   256   993 D SocketClient: SocketClient sendData done: 200 73 Bandwidth command succeeeded
06-17 22:19:02.894   678  1043 D NetworkPolicy: isUidForegroundLocked: 10082, mScreenOn: true, uidstate: 16, mProxSensorScreenOff: false
06-17 22:19:02.894   678  1043 V NetworkPolicy: getFirewallRuleWifi UID:10082 policy:0
06-17 22:19:02.914   678   678 D MARsPolicyManager: NotificationListenerService OngoingNotificationPosted : com.android.systemui
06-17 22:19:02.934   256   993 D SocketClient: SocketClient sendData done: 200 74 Bandwidth command succeeeded
06-17 22:19:02.934   678  1043 D NetworkPolicy: isUidForegroundLocked: 10063, mScreenOn: true, uidstate: 16, mProxSensorScreenOff: false
06-17 22:19:02.934   678  1043 V NetworkPolicy: getFirewallRuleWifi UID:10063 policy:0
06-17 22:19:03.024   256   993 D SocketClient: SocketClient sendData done: 200 75 Bandwidth command succeeeded
06-17 22:19:03.024   678  1043 D NetworkPolicy: isUidForegroundLocked: 10106, mScreenOn: true, uidstate: 16, mProxSensorScreenOff: false
06-17 22:19:03.024   678  1043 V NetworkPolicy: getFirewallRuleWifi UID:10106 policy:0
06-17 22:19:03.054   256   993 D SocketClient: SocketClient sendData done: 200 76 Bandwidth command succeeeded
06-17 22:19:03.064   678  1043 D NetworkPolicy: isUidForegroundLocked: 10093, mScreenOn: true, uidstate: 16, mProxSensorScreenOff: false
06-17 22:19:03.064   678  1043 V NetworkPolicy: getFirewallRuleWifi UID:10093 policy:0
06-17 22:19:03.134  1111  1111 V KeyguardDisplayManager: hide (true)
06-17 22:19:03.164   256   993 D SocketClient: SocketClient sendData done: 200 77 Bandwidth command succeeeded
06-17 22:19:03.164   678  1043 D NetworkPolicy: isUidForegroundLocked: 10071, mScreenOn: true, uidstate: 16, mProxSensorScreenOff: false
06-17 22:19:03.164   678  1043 V NetworkPolicy: getFirewallRuleWifi UID:10071 policy:0
06-17 22:19:03.174   678   693 W ActivityManager: Permission Denial: getCurrentUser() from pid=2056, uid=5004 requires android.permission.INTERACT_ACROSS_USERS
06-17 22:19:03.234   678  1546 D ConnectivityService: listenForNetwork for Listen from uid/pid:1000/1999 for NetworkRequest [ id=7, legacyType=-1, [ Transports: WIFI Capabilities: INTERNET&NOT_RESTRICTED&TRUSTED&NOT_VPN] ]
06-17 22:19:03.234   678  1050 D ConnectivityService: rematching NetworkAgentInfo [WIFI () - 502]
06-17 22:19:03.244   678  1050 D ConnectivityService:  network has: NetworkAgentInfo{ ni{[type: WIFI[] - WIFI, state: CONNECTED/CONNECTED, reason: (unspecified), extra: "Wi-fi 79", roaming: false, failover: false, isAvailable: true]}  network{502}  lp{{InterfaceName: wlan0 LinkAddresses: [fe80::169f:3cff:fe8e:44b9/64,2405:4802:91b3:e140:169f:3cff:fe8e:44b9/64,2405:4802:91b3:e140:e4:6ad5:356b:6bd8/64,192.168.1.5/24,]  Routes: [fe80::/64 -> :: wlan0,::/0 -> fe80::1 wlan0,2405:4802:91b3:e140::/64 -> :: wlan0,192.168.1.0/24 -> 0.0.0.0 wlan0,0.0.0.0/0 -> 192.168.1.1 wlan0,] DnsAddresses: [8.8.8.8,210.245.31.220,] Domains:  MTU: 0 TcpBufferSizes: 524288,1048576,4525824,524288,1048576,4525824}}  nc{[ Transports: WIFI Capabilities: INTERNET&NOT_RESTRICTED&TRUSTED&NOT_VPN&VALIDATED LinkUpBandwidth>=1048576Kbps LinkDnBandwidth>=1048576Kbps SignalStrength: -45]}  Score{60}  everValidated{true}  lastValidated{true}  created{true} lingering{false} explicitlySelected{false} acceptUnvalidated{false} everCaptivePortalDetected{false} lastCaptivePortalDetected{false} }
06-17 22:19:03.264   678  1050 D ConnectivityService: Network NetworkAgentInfo [WIFI () - 502] was already satisfying request 1. No change.
06-17 22:19:03.274   256   993 D SocketClient: SocketClient sendData done: 200 78 Bandwidth command succeeeded
06-17 22:19:03.274   678  1050 D ConnectivityService:   checking if request is: NetworkRequest [ id=7, legacyType=-1, [ Transports: WIFI Capabilities: INTERNET&NOT_RESTRICTED&TRUSTED&NOT_VPN] ] satisfies: true nri.isRequest: false
06-17 22:19:03.274   678  1043 D NetworkPolicy: isUidForegroundLocked: 10114, mScreenOn: true, uidstate: 7, mProxSensorScreenOff: false
06-17 22:19:03.274   678  1043 V NetworkPolicy: getFirewallRuleWifi UID:10114 policy:0
06-17 22:19:03.284   678  1050 D ConnectivityService:   checking if request is: NetworkRequest [ id=4, legacyType=-1, [ Transports: WIFI Capabilities: INTERNET&NOT_RESTRICTED&TRUSTED&NOT_VPN] ] satisfies: true nri.isRequest: false
06-17 22:19:03.304   678  1050 D ConnectivityService:   checking if request is: NetworkRequest [ id=3, legacyType=-1, [ Transports: CELLULAR Capabilities: INTERNET&NOT_RESTRICTED&TRUSTED&NOT_VPN] ] satisfies: false nri.isRequest: false
06-17 22:19:03.334   678  1050 D ConnectivityService:   checking if request is: NetworkRequest [ id=6, legacyType=-1, [ Capabilities: INTERNET&NOT_RESTRICTED&TRUSTED] ] satisfies: true nri.isRequest: false
06-17 22:19:03.334   678  1050 D ConnectivityService:   checking if request is: NetworkRequest [ id=5, legacyType=-1, [] ] satisfies: true nri.isRequest: false
06-17 22:19:03.334   678  1050 D ConnectivityService: sending notification AVAILABLE for NetworkRequest [ id=7, legacyType=-1, [ Transports: WIFI Capabilities: INTERNET&NOT_RESTRICTED&TRUSTED&NOT_VPN] ]
06-17 22:19:03.344   256   993 D SocketClient: SocketClient sendData done: 200 79 Bandwidth command succeeeded
06-17 22:19:03.344   678  1043 D NetworkPolicy: isUidForegroundLocked: 10018, mScreenOn: true, uidstate: 6, mProxSensorScreenOff: false
06-17 22:19:03.344   678  1043 V NetworkPolicy: getFirewallRuleWifi UID:10018 policy:0
06-17 22:19:03.344   678  1043 D NetworkPolicy: isUidForegroundLocked: 10018, mScreenOn: true, uidstate: 6, mProxSensorScreenOff: false
06-17 22:19:03.344   678  1043 V NetworkPolicy: getFirewallRuleWifi UID:10018 policy:0
06-17 22:19:03.344   678  1043 D NetworkPolicy: isUidForegroundLocked: 10072, mScreenOn: true, uidstate: 16, mProxSensorScreenOff: false
06-17 22:19:03.344   678  1043 V NetworkPolicy: getFirewallRuleWifi UID:10072 policy:0
06-17 22:19:03.384   256   993 D SocketClient: SocketClient sendData done: 200 80 Bandwidth command succeeeded
06-17 22:19:03.384   678  1043 D NetworkPolicy: isUidForegroundLocked: 10007, mScreenOn: true, uidstate: 16, mProxSensorScreenOff: false
06-17 22:19:03.384   678  1043 V NetworkPolicy: getFirewallRuleWifi UID:10007 policy:0
06-17 22:19:03.414   299   299 I sn      : Retry 3
06-17 22:19:03.424   299   299 I sn      : Fail to access err=2
06-17 22:19:03.424   299   299 I sn      : Fail to access err=2
06-17 22:19:03.424   299   299 I sn      : Fail to access err=2
06-17 22:19:03.424   299   299 I sn      : Check all possible paths
06-17 22:19:03.424   256   993 D SocketClient: SocketClient sendData done: 200 81 Bandwidth command succeeeded
06-17 22:19:03.424   678  1043 D NetworkPolicy: isUidForegroundLocked: 10040, mScreenOn: true, uidstate: 16, mProxSensorScreenOff: false
06-17 22:19:03.424   678  1043 V NetworkPolicy: getFirewallRuleWifi UID:10040 policy:0
06-17 22:19:03.464   256   993 D SocketClient: SocketClient sendData done: 200 82 Bandwidth command succeeeded
06-17 22:19:03.464   678  1043 D NetworkPolicy: isUidForegroundLocked: 10031, mScreenOn: true, uidstate: 16, mProxSensorScreenOff: false
06-17 22:19:03.464   678  1043 V NetworkPolicy: getFirewallRuleWifi UID:10031 policy:0
06-17 22:19:03.514   256   993 D SocketClient: SocketClient sendData done: 200 83 Bandwidth command succeeeded
06-17 22:19:03.514   678  1043 D NetworkPolicy: isUidForegroundLocked: 10030, mScreenOn: true, uidstate: 16, mProxSensorScreenOff: false
06-17 22:19:03.514   678  1043 V NetworkPolicy: getFirewallRuleWifi UID:10030 policy:0
06-17 22:19:03.564   256   993 D SocketClient: SocketClient sendData done: 200 84 Bandwidth command succeeeded
06-17 22:19:03.564   678  1043 D NetworkPolicy: isUidForegroundLocked: 10022, mScreenOn: true, uidstate: 5, mProxSensorScreenOff: false
06-17 22:19:03.564   678  1043 V NetworkPolicy: getFirewallRuleWifi UID:10022 policy:0
06-17 22:19:03.614   256   993 D SocketClient: SocketClient sendData done: 200 85 Bandwidth command succeeeded
06-17 22:19:03.614   678  1043 D NetworkPolicy: isUidForegroundLocked: 10019, mScreenOn: true, uidstate: 16, mProxSensorScreenOff: false
06-17 22:19:03.624   678  1043 V NetworkPolicy: getFirewallRuleWifi UID:10019 policy:0
06-17 22:19:03.664   256   993 D SocketClient: SocketClient sendData done: 200 86 Bandwidth command succeeeded
06-17 22:19:03.664   678  1043 D NetworkPolicy: isUidForegroundLocked: 10070, mScreenOn: true, uidstate: 16, mProxSensorScreenOff: false
06-17 22:19:03.664   678  1043 V NetworkPolicy: getFirewallRuleWifi UID:10070 policy:0
06-17 22:19:03.704   256   993 D SocketClient: SocketClient sendData done: 200 87 Bandwidth command succeeeded
06-17 22:19:03.704   678  1043 D NetworkPolicy: isUidForegroundLocked: 10091, mScreenOn: true, uidstate: 16, mProxSensorScreenOff: false
06-17 22:19:03.704   678  1043 V NetworkPolicy: getFirewallRuleWifi UID:10091 policy:0
06-17 22:19:03.754   678   678 V BackupManagerService: Connected to transport ComponentInfo{com.google.android.gms/com.google.android.gms.backup.BackupTransportService}
06-17 22:19:03.764   678   678 V BackupManagerService: Registering transport com.google.android.gms/.backup.BackupTransportService::com.google.android.gms/.backup.BackupTransportService = com.android.internal.backup.IBackupTransport$Stub$Proxy@ac610b3
06-17 22:19:03.774   256   993 D SocketClient: SocketClient sendData done: 200 88 Bandwidth command succeeeded
06-17 22:19:03.774   678  1043 D NetworkPolicy: isUidForegroundLocked: 10100, mScreenOn: true, uidstate: 16, mProxSensorScreenOff: false
06-17 22:19:03.774   678  1043 V NetworkPolicy: getFirewallRuleWifi UID:10100 policy:0
06-17 22:19:03.784   678  1546 D ConnectivityService: listenForNetwork for Listen from uid/pid:1000/1999 for NetworkRequest [ id=8, legacyType=-1, [ Transports: WIFI Capabilities: INTERNET&NOT_RESTRICTED&TRUSTED&NOT_VPN] ]
06-17 22:19:03.784   678  1050 D ConnectivityService: rematching NetworkAgentInfo [WIFI () - 502]
06-17 22:19:03.784   678  1050 D ConnectivityService:  network has: NetworkAgentInfo{ ni{[type: WIFI[] - WIFI, state: CONNECTED/CONNECTED, reason: (unspecified), extra: "Wi-fi 79", roaming: false, failover: false, isAvailable: true]}  network{502}  lp{{InterfaceName: wlan0 LinkAddresses: [fe80::169f:3cff:fe8e:44b9/64,2405:4802:91b3:e140:169f:3cff:fe8e:44b9/64,2405:4802:91b3:e140:e4:6ad5:356b:6bd8/64,192.168.1.5/24,]  Routes: [fe80::/64 -> :: wlan0,::/0 -> fe80::1 wlan0,2405:4802:91b3:e140::/64 -> :: wlan0,192.168.1.0/24 -> 0.0.0.0 wlan0,0.0.0.0/0 -> 192.168.1.1 wlan0,] DnsAddresses: [8.8.8.8,210.245.31.220,] Domains:  MTU: 0 TcpBufferSizes: 524288,1048576,4525824,524288,1048576,4525824}}  nc{[ Transports: WIFI Capabilities: INTERNET&NOT_RESTRICTED&TRUSTED&NOT_VPN&VALIDATED LinkUpBandwidth>=1048576Kbps LinkDnBandwidth>=1048576Kbps SignalStrength: -45]}  Score{60}  everValidated{true}  lastValidated{true}  created{true} lingering{false} explicitlySelected{false} acceptUnvalidated{false} everCaptivePortalDetected{false} lastCaptivePortalDetected{false} }
06-17 22:19:03.784   678  1050 D ConnectivityService: Network NetworkAgentInfo [WIFI () - 502] was already satisfying request 1. No change.
06-17 22:19:03.794   678  1050 D ConnectivityService:   checking if request is: NetworkRequest [ id=7, legacyType=-1, [ Transports: WIFI Capabilities: INTERNET&NOT_RESTRICTED&TRUSTED&NOT_VPN] ] satisfies: true nri.isRequest: false
06-17 22:19:03.794   678  1050 D ConnectivityService:   checking if request is: NetworkRequest [ id=8, legacyType=-1, [ Transports: WIFI Capabilities: INTERNET&NOT_RESTRICTED&TRUSTED&NOT_VPN] ] satisfies: true nri.isRequest: false
06-17 22:19:03.804   678  1050 D ConnectivityService:   checking if request is: NetworkRequest [ id=4, legacyType=-1, [ Transports: WIFI Capabilities: INTERNET&NOT_RESTRICTED&TRUSTED&NOT_VPN] ] satisfies: true nri.isRequest: false
06-17 22:19:03.844   256   993 D SocketClient: SocketClient sendData done: 200 89 Bandwidth command succeeeded
06-17 22:19:03.844   678  1043 D NetworkPolicy: isUidForegroundLocked: 10054, mScreenOn: true, uidstate: 16, mProxSensorScreenOff: false
06-17 22:19:03.844   678  1043 V NetworkPolicy: getFirewallRuleWifi UID:10054 policy:0
06-17 22:19:03.864   678  1305 W ActivityManager: Permission Denial: getCurrentUser() from pid=2068, uid=5009 requires android.permission.INTERACT_ACROSS_USERS
06-17 22:19:03.884   256   993 D SocketClient: SocketClient sendData done: 200 90 Bandwidth command succeeeded
06-17 22:19:03.884   678  1043 D NetworkPolicy: isUidForegroundLocked: 10018, mScreenOn: true, uidstate: 6, mProxSensorScreenOff: false
06-17 22:19:03.884   678  1043 V NetworkPolicy: getFirewallRuleWifi UID:10018 policy:0
06-17 22:19:03.884   678  1043 D NetworkPolicy: isUidForegroundLocked: 10035, mScreenOn: true, uidstate: 16, mProxSensorScreenOff: false
06-17 22:19:03.884   678  1043 V NetworkPolicy: getFirewallRuleWifi UID:10035 policy:0
06-17 22:19:03.924   256   993 D SocketClient: SocketClient sendData done: 200 91 Bandwidth command succeeeded
06-17 22:19:03.924   678  1043 D NetworkPolicy: isUidForegroundLocked: 10118, mScreenOn: true, uidstate: 16, mProxSensorScreenOff: false
06-17 22:19:03.924   678  1043 V NetworkPolicy: getFirewallRuleWifi UID:10118 policy:0
06-17 22:19:03.934   678  1557 D ConnectivityService: listenForNetwork for Listen from uid/pid:10114/1531 for NetworkRequest [ id=9, legacyType=-1, [ Capabilities: INTERNET&NOT_RESTRICTED&TRUSTED] ]
06-17 22:19:03.934   678  1050 D ConnectivityService:   checking if request is: NetworkRequest [ id=3, legacyType=-1, [ Transports: CELLULAR Capabilities: INTERNET&NOT_RESTRICTED&TRUSTED&NOT_VPN] ] satisfies: false nri.isRequest: false
06-17 22:19:03.964   256   993 D SocketClient: SocketClient sendData done: 200 92 Bandwidth command succeeeded
06-17 22:19:03.964   678  1043 D NetworkPolicy: isUidForegroundLocked: 10018, mScreenOn: true, uidstate: 6, mProxSensorScreenOff: false
06-17 22:19:03.964   678  1043 V NetworkPolicy: getFirewallRuleWifi UID:10018 policy:0
06-17 22:19:03.964   678  1043 D NetworkPolicy: isUidForegroundLocked: 10083, mScreenOn: true, uidstate: 16, mProxSensorScreenOff: false
06-17 22:19:03.964   678  1043 V NetworkPolicy: getFirewallRuleWifi UID:10083 policy:0
06-17 22:19:04.014   678  1050 D ConnectivityService:   checking if request is: NetworkRequest [ id=6, legacyType=-1, [ Capabilities: INTERNET&NOT_RESTRICTED&TRUSTED] ] satisfies: true nri.isRequest: false
06-17 22:19:04.024   256   993 D SocketClient: SocketClient sendData done: 200 93 Bandwidth command succeeeded
06-17 22:19:04.024   678  1043 D NetworkPolicy: isUidForegroundLocked: 10056, mScreenOn: true, uidstate: 16, mProxSensorScreenOff: false
06-17 22:19:04.024   678  1043 V NetworkPolicy: getFirewallRuleWifi UID:10056 policy:0
06-17 22:19:04.034   678  1050 D ConnectivityService:   checking if request is: NetworkRequest [ id=5, legacyType=-1, [] ] satisfies: true nri.isRequest: false
06-17 22:19:04.034   678  1050 D ConnectivityService: sending notification AVAILABLE for NetworkRequest [ id=8, legacyType=-1, [ Transports: WIFI Capabilities: INTERNET&NOT_RESTRICTED&TRUSTED&NOT_VPN] ]
06-17 22:19:04.034   678  1050 D ConnectivityService: rematching NetworkAgentInfo [WIFI () - 502]
06-17 22:19:04.034   678  1050 D ConnectivityService:  network has: NetworkAgentInfo{ ni{[type: WIFI[] - WIFI, state: CONNECTED/CONNECTED, reason: (unspecified), extra: "Wi-fi 79", roaming: false, failover: false, isAvailable: true]}  network{502}  lp{{InterfaceName: wlan0 LinkAddresses: [fe80::169f:3cff:fe8e:44b9/64,2405:4802:91b3:e140:169f:3cff:fe8e:44b9/64,2405:4802:91b3:e140:e4:6ad5:356b:6bd8/64,192.168.1.5/24,]  Routes: [fe80::/64 -> :: wlan0,::/0 -> fe80::1 wlan0,2405:4802:91b3:e140::/64 -> :: wlan0,192.168.1.0/24 -> 0.0.0.0 wlan0,0.0.0.0/0 -> 192.168.1.1 wlan0,] DnsAddresses: [8.8.8.8,210.245.31.220,] Domains:  MTU: 0 TcpBufferSizes: 524288,1048576,4525824,524288,1048576,4525824}}  nc{[ Transports: WIFI Capabilities: INTERNET&NOT_RESTRICTED&TRUSTED&NOT_VPN&VALIDATED LinkUpBandwidth>=1048576Kbps LinkDnBandwidth>=1048576Kbps SignalStrength: -45]}  Score{60}  everValidated{true}  lastValidated{true}  created{true} lingering{false} explicitlySelected{false} acceptUnvalidated{false} everCaptivePortalDetected{false} lastCaptivePortalDetected{false} }
06-17 22:19:04.114   678  1050 D ConnectivityService: Network NetworkAgentInfo [WIFI () - 502] was already satisfying request 1. No change.
06-17 22:19:04.134   256   993 D SocketClient: SocketClient sendData done: 200 94 Bandwidth command succeeeded
06-17 22:19:04.134   678  1043 D NetworkPolicy: isUidForegroundLocked: 10006, mScreenOn: true, uidstate: 16, mProxSensorScreenOff: false
06-17 22:19:04.134   678  1043 V NetworkPolicy: getFirewallRuleWifi UID:10006 policy:0
06-17 22:19:04.144   678  1305 D BatteryStatsImpl: This device is not supported own charge time.
06-17 22:19:04.144  1111  1111 D PowerUI.Notification: showChargingNotice oldChargingType : 0 currentChargingType : 1 oldChargingTime : 0 mChargingTime : -1
06-17 22:19:04.144  1111  1111 D PowerUI.Notification: showChargingNotification()
06-17 22:19:04.164   678  1050 D ConnectivityService:   checking if request is: NetworkRequest [ id=7, legacyType=-1, [ Transports: WIFI Capabilities: INTERNET&NOT_RESTRICTED&TRUSTED&NOT_VPN] ] satisfies: true nri.isRequest: false
06-17 22:19:04.164  1999  1999 D ActivityThread: Loading provider iwlansettings: com.sec.android.providers.iwlansettings.IWlanContentProvider
06-17 22:19:04.184   678  1050 D ConnectivityService:   checking if request is: NetworkRequest [ id=9, legacyType=-1, [ Capabilities: INTERNET&NOT_RESTRICTED&TRUSTED] ] satisfies: true nri.isRequest: false
06-17 22:19:04.194   256   993 D SocketClient: SocketClient sendData done: 200 95 Bandwidth command succeeeded
06-17 22:19:04.194   678  1043 D NetworkPolicy: isUidForegroundLocked: 10087, mScreenOn: true, uidstate: 16, mProxSensorScreenOff: false
06-17 22:19:04.194   678  1043 V NetworkPolicy: getFirewallRuleWifi UID:10087 policy:0
06-17 22:19:04.224   678   678 D MARsPolicyManager: NotificationListenerService OngoingNotificationPosted : com.android.systemui
06-17 22:19:04.224   678  1050 D ConnectivityService:   checking if request is: NetworkRequest [ id=5, legacyType=-1, [] ] satisfies: true nri.isRequest: false
06-17 22:19:04.234   678  1050 D ConnectivityService:   checking if request is: NetworkRequest [ id=8, legacyType=-1, [ Transports: WIFI Capabilities: INTERNET&NOT_RESTRICTED&TRUSTED&NOT_VPN] ] satisfies: true nri.isRequest: false
06-17 22:19:04.244   678  1050 D ConnectivityService:   checking if request is: NetworkRequest [ id=4, legacyType=-1, [ Transports: WIFI Capabilities: INTERNET&NOT_RESTRICTED&TRUSTED&NOT_VPN] ] satisfies: true nri.isRequest: false
06-17 22:19:04.254   678  1050 D ConnectivityService:   checking if request is: NetworkRequest [ id=3, legacyType=-1, [ Transports: CELLULAR Capabilities: INTERNET&NOT_RESTRICTED&TRUSTED&NOT_VPN] ] satisfies: false nri.isRequest: false
06-17 22:19:04.264   678  1050 D ConnectivityService:   checking if request is: NetworkRequest [ id=6, legacyType=-1, [ Capabilities: INTERNET&NOT_RESTRICTED&TRUSTED] ] satisfies: true nri.isRequest: false
06-17 22:19:04.264   678  1050 D ConnectivityService: sending notification AVAILABLE for NetworkRequest [ id=9, legacyType=-1, [ Capabilities: INTERNET&NOT_RESTRICTED&TRUSTED] ]
06-17 22:19:04.264   256   993 D SocketClient: SocketClient sendData done: 200 96 Bandwidth command succeeeded
06-17 22:19:04.264   678  1043 D NetworkPolicy: isUidForegroundLocked: 10069, mScreenOn: true, uidstate: 16, mProxSensorScreenOff: false
06-17 22:19:04.264   678  1043 V NetworkPolicy: getFirewallRuleWifi UID:10069 policy:0
06-17 22:19:04.264   678  1043 D NetworkPolicy: isUidForegroundLocked: 10007, mScreenOn: true, uidstate: 16, mProxSensorScreenOff: false
06-17 22:19:04.264   678  1043 V NetworkPolicy: getFirewallRuleWifi UID:10007 policy:0
06-17 22:19:04.264   678  1043 D NetworkPolicy: isUidForegroundLocked: 10003, mScreenOn: true, uidstate: 16, mProxSensorScreenOff: false
06-17 22:19:04.264   678  1043 V NetworkPolicy: getFirewallRuleWifi UID:10003 policy:0
06-17 22:19:04.324   256   993 D SocketClient: SocketClient sendData done: 200 97 Bandwidth command succeeeded
06-17 22:19:04.324   678  1043 D NetworkPolicy: isUidForegroundLocked: 10045, mScreenOn: true, uidstate: 0, mProxSensorScreenOff: false
06-17 22:19:04.324   678  1043 V NetworkPolicy: getFirewallRuleWifi UID:10045 policy:0
06-17 22:19:04.324   678  1043 D NetworkPolicy: isUidForegroundLocked: 10066, mScreenOn: true, uidstate: 16, mProxSensorScreenOff: false
06-17 22:19:04.324   678  1043 V NetworkPolicy: getFirewallRuleWifi UID:10066 policy:0
06-17 22:19:04.384   256   993 D SocketClient: SocketClient sendData done: 200 98 Bandwidth command succeeeded
06-17 22:19:04.384   678  1043 D NetworkPolicy: isUidForegroundLocked: 10061, mScreenOn: true, uidstate: 16, mProxSensorScreenOff: false
06-17 22:19:04.384   678  1043 V NetworkPolicy: getFirewallRuleWifi UID:10061 policy:0
06-17 22:19:04.384   678  1043 D NetworkPolicy: isUidForegroundLocked: 10033, mScreenOn: true, uidstate: 16, mProxSensorScreenOff: false
06-17 22:19:04.384   678  1043 V NetworkPolicy: getFirewallRuleWifi UID:10033 policy:0
06-17 22:19:04.404   678  2252 D SettingsProvider: isChangeAllowed() : name = location_providers_allowed
06-17 22:19:04.404   678  2252 D SettingsProvider: edmUri: content://com.sec.knox.provider/RestrictionPolicy3
06-17 22:19:04.404   678  2252 D SettingsProvider: projectionArgs: isSettingsChangesAllowed
06-17 22:19:04.404   678  2252 D SettingsProvider: selectionArgs: false
06-17 22:19:04.404   678  2252 D SettingsProvider: selectionArgs: 10018
06-17 22:19:04.404   678  2252 D SettingsProvider: ret = -1
06-17 22:19:04.404   678  2252 D SettingsProvider: value = -network
06-17 22:19:04.404   678  2252 D SettingsProvider: provider = network
06-17 22:19:04.404   678  2252 D SettingsProvider: edmUri: content://com.sec.knox.provider/LocationPolicy
06-17 22:19:04.404   678  2252 D SettingsProvider: projectionArgs: isLocationProviderBlockedAsUser
06-17 22:19:04.404   678  2252 D SettingsProvider: selectionArgs: network
06-17 22:19:04.404   678  2252 D SettingsProvider: selectionArgs: 0
06-17 22:19:04.414   678  2252 D SettingsProvider: ret = -1
06-17 22:19:04.414   678  2252 D SettingsProvider: LOCATION_PROVIDERS_ALLOWED is change allowed true
06-17 22:19:04.424   256   993 D SocketClient: SocketClient sendData done: 200 99 Bandwidth command succeeeded
06-17 22:19:04.424   678  1043 D NetworkPolicy: isUidForegroundLocked: 10007, mScreenOn: true, uidstate: 16, mProxSensorScreenOff: false
06-17 22:19:04.424   678  1043 V NetworkPolicy: getFirewallRuleWifi UID:10007 policy:0
06-17 22:19:04.424   678  1043 D NetworkPolicy: isUidForegroundLocked: 10007, mScreenOn: true, uidstate: 16, mProxSensorScreenOff: false
06-17 22:19:04.424   678  1043 V NetworkPolicy: getFirewallRuleWifi UID:10007 policy:0
06-17 22:19:04.424   678  1043 D NetworkPolicy: isUidForegroundLocked: 10000, mScreenOn: true, uidstate: 16, mProxSensorScreenOff: false
06-17 22:19:04.424   678  1043 V NetworkPolicy: getFirewallRuleWifi UID:10000 policy:0
06-17 22:19:04.464   256   993 D SocketClient: SocketClient sendData done: 200 100 Bandwidth command succeeeded
06-17 22:19:04.464   678  1043 D NetworkPolicy: isUidForegroundLocked: 10060, mScreenOn: true, uidstate: 16, mProxSensorScreenOff: false
06-17 22:19:04.464   678  1043 V NetworkPolicy: getFirewallRuleWifi UID:10060 policy:0
06-17 22:19:04.504   256   993 D SocketClient: SocketClient sendData done: 200 101 Bandwidth command succeeeded
06-17 22:19:04.504   678  1043 D NetworkPolicy: isUidForegroundLocked: 10117, mScreenOn: true, uidstate: 7, mProxSensorScreenOff: false
06-17 22:19:04.504   678  1043 V NetworkPolicy: getFirewallRuleWifi UID:10117 policy:0
06-17 22:19:04.514   678  2253 D GameManagerService: registerCallback
06-17 22:19:04.524   678   692 D MountService: getExternalStorageMountMode : 1
06-17 22:19:04.524   678   692 D MountService: getExternalStorageMountMode : 3
06-17 22:19:04.524   678   692 D MountService: getExternalStorageMountMode : final mountMode=1, uid : 5004, packageName : com.samsung.dcmservice
06-17 22:19:04.544   678   692 I ActivityManager: Start proc 2279:com.samsung.dcmservice/5004 for service com.samsung.dcmservice/.DCMService
06-17 22:19:04.544   256   993 D SocketClient: SocketClient sendData done: 200 102 Bandwidth command succeeeded
06-17 22:19:04.544  2279  2279 I libpersona: KNOX_SDCARD checking this for 5004
06-17 22:19:04.544  2279  2279 I libpersona: KNOX_SDCARD not a persona
06-17 22:19:04.554   678  1043 D ConnectivityService: getAllNetworkState networkCapability  = [ Transports: WIFI Capabilities: WIFI_P2P&NOT_RESTRICTED&TRUSTED&NOT_VPN LinkUpBandwidth>=1048576Kbps LinkDnBandwidth>=1048576Kbps]
06-17 22:19:04.554   678  1043 D ConnectivityService: getAllNetworkState networkCapability  = [ Transports: WIFI Capabilities: INTERNET&NOT_RESTRICTED&TRUSTED&NOT_VPN&VALIDATED LinkUpBandwidth>=1048576Kbps LinkDnBandwidth>=1048576Kbps SignalStrength: -45]
06-17 22:19:04.714   678  1305 W ActivityManager: Permission Denial: getCurrentUser() from pid=2279, uid=5004 requires android.permission.INTERACT_ACROSS_USERS
06-17 22:19:04.884   256   993 D SocketClient: SocketClient sendData done: 200 103 Bandwidth command succeeeded
06-17 22:19:04.884   678  1043 V NetworkStats: advisePersistThreshold() given 9223372036854775, clamped to 2097152
06-17 22:19:04.884   678  1043 V NetworkStats: registerGlobalAlert(), mGlobalAlertBytes: 2097152
06-17 22:19:04.884   256   993 D SocketClient: SocketClient sendData done: 200 104 Bandwidth command succeeeded
06-17 22:19:04.884   678  1043 D NetworkPolicy: isUidForegroundLocked: 10022, mScreenOn: true, uidstate: 2, mProxSensorScreenOff: false
06-17 22:19:04.884   678  1043 V NetworkPolicy: getFirewallRuleWifi UID:10022 policy:0
06-17 22:19:04.894   678   692 W ContextImpl: Calling a method in the system process without a qualified user: android.app.ContextImpl.sendBroadcast:858 com.android.server.am.ActivityManagerService.requestKnoxVpnToSendProxyBroadcast:-1 com.android.server.am.ActivityManagerService.registerReceiver:-1 android.app.ActivityManagerNative.onTransact:435 com.android.server.am.ActivityManagerService.onTransact:-1
06-17 22:19:04.904  1541  1541 D ContextRelationManager: ContextRelationManager() : FEATURE_ENABLED=true
06-17 22:19:04.924   256   993 D SocketClient: SocketClient sendData done: 200 105 Bandwidth command succeeeded
06-17 22:19:04.924   678  1043 V NetworkStats: advisePersistThreshold() given 9223372036854775, clamped to 2097152
06-17 22:19:04.924   678  1043 V NetworkStats: registerGlobalAlert(), mGlobalAlertBytes: 2097152
06-17 22:19:04.934   256   993 D SocketClient: SocketClient sendData done: 200 106 Bandwidth command succeeeded
06-17 22:19:04.934   678  1304 D ConnectivityService: returning getNetworkInfo for network type 0 : [type: MOBILE[] - MOBILE, state: DISCONNECTED/DISCONNECTED, reason: (unspecified), extra: (none), roaming: false, failover: false, isAvailable: true] /UID : 5004 , PID : 2279
06-17 22:19:04.934   678  1304 D ConnectivityService: returning getNetworkInfo for network type 1 : [type: WIFI[] - WIFI, state: CONNECTED/CONNECTED, reason: (unspecified), extra: "Wi-fi 79", roaming: false, failover: false, isAvailable: true] /UID : 5004 , PID : 2279
06-17 22:19:04.934   678  1304 D ConnectivityService: returning getNetworkInfo for network type 2 : [type: MOBILE_MMS[] - MOBILE_MMS, state: DISCONNECTED/DISCONNECTED, reason: (unspecified), extra: (none), roaming: false, failover: false, isAvailable: true] /UID : 5004 , PID : 2279
06-17 22:19:04.934   678  1304 D ConnectivityService: returning getNetworkInfo for network type 3 : [type: MOBILE_SUPL[] - MOBILE_SUPL, state: DISCONNECTED/DISCONNECTED, reason: (unspecified), extra: (none), roaming: false, failover: false, isAvailable: true] /UID : 5004 , PID : 2279
